Archive member included to satisfy reference by file (symbol)

../../slprj/ert/ECU_RCP/instrumented/ECU_RCP_rtwlib.lib(ECU_RCP.o)
                              main_STM32_H743_HIL.o (ECU_RCP_Init)
D:/git/e21_vehicle_control/MatlabSimulink/slprj/ert/_sharedutils/rtwshared.lib(rt_nonfinite.o)
                              ../../slprj/ert/ECU_RCP/instrumented/ECU_RCP_rtwlib.lib(ECU_RCP.o) (rtInf)
D:/git/e21_vehicle_control/MatlabSimulink/slprj/ert/_sharedutils/rtwshared.lib(rt_roundd_snf.o)
                              main_STM32_H743_HIL.o (rt_roundd_snf)
D:/git/e21_vehicle_control/MatlabSimulink/slprj/ert/_sharedutils/rtwshared.lib(rtGetInf.o)
                              D:/git/e21_vehicle_control/MatlabSimulink/slprj/ert/_sharedutils/rtwshared.lib(rt_nonfinite.o) (rtGetInf)
D:/git/e21_vehicle_control/MatlabSimulink/slprj/ert/_sharedutils/rtwshared.lib(rtGetNaN.o)
                              D:/git/e21_vehicle_control/MatlabSimulink/slprj/ert/_sharedutils/rtwshared.lib(rt_nonfinite.o) (rtGetNaN)
c:/programdata/matlab/supportpackages/r2023b/3p.instrset/gnuarm-armcortex.instrset/win/bin/../lib/gcc/arm-none-eabi/11.3.1/thumb/v7e-m+dp/hard\libm.a(libm_a-w_fmod.o)
                              xcp_ext_common.o (fmod)
c:/programdata/matlab/supportpackages/r2023b/3p.instrset/gnuarm-armcortex.instrset/win/bin/../lib/gcc/arm-none-eabi/11.3.1/thumb/v7e-m+dp/hard\libm.a(libm_a-w_sqrt.o)
                              ../../slprj/ert/ECU_RCP/instrumented/ECU_RCP_rtwlib.lib(ECU_RCP.o) (sqrt)
c:/programdata/matlab/supportpackages/r2023b/3p.instrset/gnuarm-armcortex.instrset/win/bin/../lib/gcc/arm-none-eabi/11.3.1/thumb/v7e-m+dp/hard\libm.a(libm_a-wf_fmod.o)
                              main_STM32_H743_HIL.o (fmodf)
c:/programdata/matlab/supportpackages/r2023b/3p.instrset/gnuarm-armcortex.instrset/win/bin/../lib/gcc/arm-none-eabi/11.3.1/thumb/v7e-m+dp/hard\libm.a(libm_a-wf_sqrt.o)
                              profile_generator.o (sqrtf)
c:/programdata/matlab/supportpackages/r2023b/3p.instrset/gnuarm-armcortex.instrset/win/bin/../lib/gcc/arm-none-eabi/11.3.1/thumb/v7e-m+dp/hard\libm.a(libm_a-sf_atan.o)
                              main_STM32_H743_HIL.o (atanf)
c:/programdata/matlab/supportpackages/r2023b/3p.instrset/gnuarm-armcortex.instrset/win/bin/../lib/gcc/arm-none-eabi/11.3.1/thumb/v7e-m+dp/hard\libm.a(libm_a-sf_fabs.o)
                              c:/programdata/matlab/supportpackages/r2023b/3p.instrset/gnuarm-armcortex.instrset/win/bin/../lib/gcc/arm-none-eabi/11.3.1/thumb/v7e-m+dp/hard\libm.a(libm_a-sf_atan.o) (fabsf)
c:/programdata/matlab/supportpackages/r2023b/3p.instrset/gnuarm-armcortex.instrset/win/bin/../lib/gcc/arm-none-eabi/11.3.1/thumb/v7e-m+dp/hard\libm.a(libm_a-sf_tan.o)
                              ../../slprj/ert/ECU_RCP/instrumented/ECU_RCP_rtwlib.lib(ECU_RCP.o) (tanf)
c:/programdata/matlab/supportpackages/r2023b/3p.instrset/gnuarm-armcortex.instrset/win/bin/../lib/gcc/arm-none-eabi/11.3.1/thumb/v7e-m+dp/hard\libm.a(libm_a-pow.o)
                              ../../slprj/ert/ECU_RCP/instrumented/ECU_RCP_rtwlib.lib(ECU_RCP.o) (pow)
c:/programdata/matlab/supportpackages/r2023b/3p.instrset/gnuarm-armcortex.instrset/win/bin/../lib/gcc/arm-none-eabi/11.3.1/thumb/v7e-m+dp/hard\libm.a(libm_a-pow_log_data.o)
                              c:/programdata/matlab/supportpackages/r2023b/3p.instrset/gnuarm-armcortex.instrset/win/bin/../lib/gcc/arm-none-eabi/11.3.1/thumb/v7e-m+dp/hard\libm.a(libm_a-pow.o) (__pow_log_data)
c:/programdata/matlab/supportpackages/r2023b/3p.instrset/gnuarm-armcortex.instrset/win/bin/../lib/gcc/arm-none-eabi/11.3.1/thumb/v7e-m+dp/hard\libm.a(libm_a-sinf.o)
                              main_STM32_H743_HIL.o (sinf)
c:/programdata/matlab/supportpackages/r2023b/3p.instrset/gnuarm-armcortex.instrset/win/bin/../lib/gcc/arm-none-eabi/11.3.1/thumb/v7e-m+dp/hard\libm.a(libm_a-sincosf_data.o)
                              c:/programdata/matlab/supportpackages/r2023b/3p.instrset/gnuarm-armcortex.instrset/win/bin/../lib/gcc/arm-none-eabi/11.3.1/thumb/v7e-m+dp/hard\libm.a(libm_a-sinf.o) (__inv_pio4)
c:/programdata/matlab/supportpackages/r2023b/3p.instrset/gnuarm-armcortex.instrset/win/bin/../lib/gcc/arm-none-eabi/11.3.1/thumb/v7e-m+dp/hard\libm.a(libm_a-math_errf.o)
                              c:/programdata/matlab/supportpackages/r2023b/3p.instrset/gnuarm-armcortex.instrset/win/bin/../lib/gcc/arm-none-eabi/11.3.1/thumb/v7e-m+dp/hard\libm.a(libm_a-sinf.o) (__math_invalidf)
c:/programdata/matlab/supportpackages/r2023b/3p.instrset/gnuarm-armcortex.instrset/win/bin/../lib/gcc/arm-none-eabi/11.3.1/thumb/v7e-m+dp/hard\libm.a(libm_a-e_sqrt.o)
                              c:/programdata/matlab/supportpackages/r2023b/3p.instrset/gnuarm-armcortex.instrset/win/bin/../lib/gcc/arm-none-eabi/11.3.1/thumb/v7e-m+dp/hard\libm.a(libm_a-w_sqrt.o) (__ieee754_sqrt)
[...]
Memory Configuration

Name             Origin             Length             Attributes
FLASH            0x08000000         0x00200000         xr
DTCMRAM          0x20000000         0x00020000         xrw
RAM_D1           0x24000000         0x00080000         xrw
RAM_D2           0x30000000         0x00048000         xrw
RAM_D3           0x38000000         0x00010000         xrw
ITCMRAM          0x00000000         0x00010000         xrw
*default*        0x00000000         0xffffffff

Linker script and memory map

LOAD c:/programdata/matlab/supportpackages/r2023b/3p.instrset/gnuarm-armcortex.instrset/win/bin/../lib/gcc/arm-none-eabi/11.3.1/thumb/v7e-m+dp/hard/crti.o
LOAD c:/programdata/matlab/supportpackages/r2023b/3p.instrset/gnuarm-armcortex.instrset/win/bin/../lib/gcc/arm-none-eabi/11.3.1/thumb/v7e-m+dp/hard/crtbegin.o
LOAD c:/programdata/matlab/supportpackages/r2023b/3p.instrset/gnuarm-armcortex.instrset/win/bin/../lib/gcc/arm-none-eabi/11.3.1/thumb/v7e-m+dp/hard/crt0.o
LOAD stm_adc_ll.o
LOAD mw_stm32_spi_ll.o
LOAD stm_timer_ll.o
LOAD stm_usart.o
LOAD stm_lpuart.o
LOAD xcp_ext_mode.o
LOAD mw_stm32_nvic.o
LOAD ert_main.o
LOAD main_STM32_H743_HIL.o
LOAD main_STM32_H743_HIL_data.o
LOAD profile_generator.o
LOAD xcp_ext_common.o
LOAD xcp_ext_classic_trigger.o
LOAD xcp.o
LOAD xcp_standard.o
LOAD xcp_daq.o
LOAD xcp_calibration.o
LOAD xcp_fifo.o
LOAD xcp_transport.o
LOAD xcp_mem_default.o
LOAD xcp_drv_rtiostream.o
LOAD xcp_utils.o
LOAD xcp_frame_serial.o
LOAD xcp_ext_param_default_serial.o
LOAD overrideHALDelay.o
LOAD platform_timer.o
LOAD SysTickScheduler.o
LOAD m3m4m4f_multitasking.o
LOAD rtiostream_serial.o
LOAD sys_arch.o
LOAD main.o
LOAD stm32h7xx_it.o
LOAD stm32h7xx_hal_msp.o
LOAD stm32h7xx_hal_timebase_tim.o
LOAD stm32h7xx_ll_exti.o
LOAD stm32h7xx_ll_gpio.o
LOAD stm32h7xx_ll_adc.o
LOAD stm32h7xx_ll_dma.o
LOAD stm32h7xx_ll_rcc.o
LOAD stm32h7xx_ll_utils.o
LOAD stm32h7xx_hal_rcc.o
LOAD stm32h7xx_hal_rcc_ex.o
LOAD stm32h7xx_hal_flash.o
LOAD stm32h7xx_hal_flash_ex.o
LOAD stm32h7xx_hal_gpio.o
LOAD stm32h7xx_hal_hsem.o
LOAD stm32h7xx_hal_dma.o
LOAD stm32h7xx_hal_dma_ex.o
LOAD stm32h7xx_hal_mdma.o
LOAD stm32h7xx_hal_pwr.o
LOAD stm32h7xx_hal_pwr_ex.o
LOAD stm32h7xx_hal_cortex.o
LOAD stm32h7xx_hal.o
LOAD stm32h7xx_hal_i2c.o
LOAD stm32h7xx_hal_i2c_ex.o
LOAD stm32h7xx_hal_exti.o
LOAD stm32h7xx_ll_spi.o
LOAD stm32h7xx_hal_tim.o
LOAD stm32h7xx_hal_tim_ex.o
LOAD stm32h7xx_ll_tim.o
LOAD stm32h7xx_ll_usart.o
LOAD system_stm32h7xx.o
LOAD syscalls.o
LOAD sysmem.o
LOAD startup_stm32h743zitx.o
LOAD code_profiling_utility_functions.o
LOAD ext_mode_profiling.o
LOAD ../../slprj/ert/ECU_RCP/instrumented/ECU_RCP_rtwlib.lib
LOAD D:/git/e21_vehicle_control/MatlabSimulink/slprj/ert/_sharedutils/rtwshared.lib
LOAD C:/ProgramData/MATLAB/SupportPackages/R2023b/3P.instrset/cmsis_dsp.instrset/Lib/GCC/arm_cortexm7ldfdp_math/libCMSISDSP.a
LOAD C:/ProgramData/MATLAB/SupportPackages/R2023b/toolbox/shared/supportpackages/stm32/lib/GCC/libmw_pdmfilter_m7_dpfp.lib
LOAD c:/programdata/matlab/supportpackages/r2023b/3p.instrset/gnuarm-armcortex.instrset/win/bin/../lib/gcc/arm-none-eabi/11.3.1/thumb/v7e-m+dp/hard\libstdc++_nano.a
LOAD c:/programdata/matlab/supportpackages/r2023b/3p.instrset/gnuarm-armcortex.instrset/win/bin/../lib/gcc/arm-none-eabi/11.3.1/thumb/v7e-m+dp/hard\libm.a
START GROUP
LOAD c:/programdata/matlab/supportpackages/r2023b/3p.instrset/gnuarm-armcortex.instrset/win/bin/../lib/gcc/arm-none-eabi/11.3.1/thumb/v7e-m+dp/hard\libgcc.a
LOAD c:/programdata/matlab/supportpackages/r2023b/3p.instrset/gnuarm-armcortex.instrset/win/bin/../lib/gcc/arm-none-eabi/11.3.1/thumb/v7e-m+dp/hard\libg_nano.a
LOAD c:/programdata/matlab/supportpackages/r2023b/3p.instrset/gnuarm-armcortex.instrset/win/bin/../lib/gcc/arm-none-eabi/11.3.1/thumb/v7e-m+dp/hard\libc_nano.a
END GROUP
START GROUP
LOAD c:/programdata/matlab/supportpackages/r2023b/3p.instrset/gnuarm-armcortex.instrset/win/bin/../lib/gcc/arm-none-eabi/11.3.1/thumb/v7e-m+dp/hard\libgcc.a
LOAD c:/programdata/matlab/supportpackages/r2023b/3p.instrset/gnuarm-armcortex.instrset/win/bin/../lib/gcc/arm-none-eabi/11.3.1/thumb/v7e-m+dp/hard\libc_nano.a
LOAD c:/programdata/matlab/supportpackages/r2023b/3p.instrset/gnuarm-armcortex.instrset/win/bin/../lib/gcc/arm-none-eabi/11.3.1/thumb/v7e-m+dp/hard\libnosys.a
END GROUP
START GROUP
LOAD c:/programdata/matlab/supportpackages/r2023b/3p.instrset/gnuarm-armcortex.instrset/win/bin/../lib/gcc/arm-none-eabi/11.3.1/thumb/v7e-m+dp/hard\libgcc.a
LOAD c:/programdata/matlab/supportpackages/r2023b/3p.instrset/gnuarm-armcortex.instrset/win/bin/../lib/gcc/arm-none-eabi/11.3.1/thumb/v7e-m+dp/hard\libc_nano.a
LOAD c:/programdata/matlab/supportpackages/r2023b/3p.instrset/gnuarm-armcortex.instrset/win/bin/../lib/gcc/arm-none-eabi/11.3.1/thumb/v7e-m+dp/hard\libnosys.a
END GROUP
LOAD c:/programdata/matlab/supportpackages/r2023b/3p.instrset/gnuarm-armcortex.instrset/win/bin/../lib/gcc/arm-none-eabi/11.3.1/thumb/v7e-m+dp/hard/crtend.o
LOAD c:/programdata/matlab/supportpackages/r2023b/3p.instrset/gnuarm-armcortex.instrset/win/bin/../lib/gcc/arm-none-eabi/11.3.1/thumb/v7e-m+dp/hard/crtn.o
                0x24080000                _estack = (ORIGIN (RAM_D1) + LENGTH (RAM_D1))
                0x00000200                _Min_Heap_Size = 0x200
                0x00000400                _Min_Stack_Size = 0x400

.isr_vector     0x08000000      0x298
                0x08000000                . = ALIGN (0x4)
 *(.isr_vector)
 .isr_vector    0x08000000      0x298 startup_stm32h743zitx.o
                0x08000000                g_pfnVectors
                0x08000298                . = ALIGN (0x4)

.text           0x08000298    0x19538
                0x08000298                . = ALIGN (0x4)
 *(.text)
 .text          0x08000298      0x378 c:/programdata/matlab/supportpackages/r2023b/3p.instrset/gnuarm-armcortex.instrset/win/bin/../lib/gcc/arm-none-eabi/11.3.1/thumb/v7e-m+dp/hard\libgcc.a(_arm_addsubdf3.o)
                0x08000298                __aeabi_drsub
                0x080002a0                __aeabi_dsub
                0x080002a0                __subdf3
                0x080002a4                __aeabi_dadd
                0x080002a4                __adddf3
                0x0800051c                __floatunsidf
                0x0800051c                __aeabi_ui2d
                0x0800053c                __floatsidf
                0x0800053c                __aeabi_i2d
                0x08000560                __aeabi_f2d
                0x08000560                __extendsfdf2
                0x080005a4                __floatundidf
                0x080005a4                __aeabi_ul2d
                0x080005b4                __floatdidf
                0x080005b4                __aeabi_l2d
 *(.text*)
 .text.deregister_tm_clones
                0x08000610       0x1c c:/programdata/matlab/supportpackages/r2023b/3p.instrset/gnuarm-armcortex.instrset/win/bin/../lib/gcc/arm-none-eabi/11.3.1/thumb/v7e-m+dp/hard/crtbegin.o
 .text.register_tm_clones
                0x0800062c       0x24 c:/programdata/matlab/supportpackages/r2023b/3p.instrset/gnuarm-armcortex.instrset/win/bin/../lib/gcc/arm-none-eabi/11.3.1/thumb/v7e-m+dp/hard/crtbegin.o
 .text.__do_global_dtors_aux
                0x08000650       0x28 c:/programdata/matlab/supportpackages/r2023b/3p.instrset/gnuarm-armcortex.instrset/win/bin/../lib/gcc/arm-none-eabi/11.3.1/thumb/v7e-m+dp/hard/crtbegin.o
 .text.frame_dummy
                0x08000678       0x24 c:/programdata/matlab/supportpackages/r2023b/3p.instrset/gnuarm-armcortex.instrset/win/bin/../lib/gcc/arm-none-eabi/11.3.1/thumb/v7e-m+dp/hard/crtbegin.o
 .text.LL_ADC_SetChannelPreSelection
                0x0800069c       0x66 stm_adc_ll.o
 .text.LL_ADC_REG_IsTriggerSourceSWStart
                0x08000702       0x26 stm_adc_ll.o
 .text.LL_ADC_REG_SetSequencerLength
                0x08000728       0x26 stm_adc_ll.o
 .text.LL_ADC_REG_GetSequencerRanks
                0x0800074e       0x48 stm_adc_ll.o
 .text.LL_ADC_REG_SetDataTransferMode
                0x08000796       0x26 stm_adc_ll.o
 .text.LL_ADC_INJ_IsTriggerSourceSWStart
                0x080007bc       0x26 stm_adc_ll.o
 .text.LL_ADC_INJ_GetSequencerRanks
                0x080007e2       0x34 stm_adc_ll.o
 *fill*         0x08000816        0x2 
 .text.LL_ADC_Enable
                0x08000818       0x28 stm_adc_ll.o
 .text.LL_ADC_Disable
                0x08000840       0x28 stm_adc_ll.o
 .text.LL_ADC_IsEnabled
                0x08000868       0x26 stm_adc_ll.o
 *fill*         0x0800088e        0x2 
 .text.LL_ADC_StartCalibration
                0x08000890       0x3c stm_adc_ll.o
 .text.LL_ADC_IsCalibrationOnGoing
                0x080008cc       0x28 stm_adc_ll.o
 .text.LL_ADC_REG_StartConversion
                0x080008f4       0x28 stm_adc_ll.o
 .text.LL_ADC_REG_ReadConversionData32
                0x0800091c       0x18 stm_adc_ll.o
 .text.LL_ADC_INJ_StartConversion
                0x08000934       0x28 stm_adc_ll.o
 .text.LL_ADC_IsActiveFlag_EOS
                0x0800095c       0x26 stm_adc_ll.o
 .text.LL_ADC_IsActiveFlag_OVR
                0x08000982       0x26 stm_adc_ll.o
 .text.LL_ADC_ClearFlag_EOS
                0x080009a8       0x1a stm_adc_ll.o
 .text.LL_ADC_ClearFlag_OVR
                0x080009c2       0x1a stm_adc_ll.o
 .text.LL_ADC_EnableIT_EOS
                0x080009dc       0x20 stm_adc_ll.o
 .text.LL_ADC_EnableIT_JEOS
                0x080009fc       0x20 stm_adc_ll.o
 .text.LL_ADC_DisableIT_EOS
                0x08000a1c       0x20 stm_adc_ll.o
 .text.LL_ADC_DisableIT_OVR
                0x08000a3c       0x20 stm_adc_ll.o
 .text.LL_ADC_DisableIT_JEOS
                0x08000a5c       0x20 stm_adc_ll.o
 .text.LL_ADC_DisableIT_AWD1
                0x08000a7c       0x20 stm_adc_ll.o
 .text.LL_ADC_IsEnabledIT_OVR
                0x08000a9c       0x26 stm_adc_ll.o
 .text.LL_ADC_IsEnabledIT_AWD1
                0x08000ac2       0x26 stm_adc_ll.o
 .text.regularADCTrigger
                0x08000ae8       0x86 stm_adc_ll.o
 .text.configure_ADCs_DMA
                0x08000b6e       0x1a stm_adc_ll.o
 .text.deconfigure_ADCs_DMA
                0x08000b88       0x18 stm_adc_ll.o
 .text.ADC_IsActiveFlagOVR
                0x08000ba0       0x42 stm_adc_ll.o
                0x08000ba0                ADC_IsActiveFlagOVR
 .text.ADC_IRQHandler
                0x08000be2        0xe stm_adc_ll.o
                0x08000be2                ADC_IRQHandler
 .text.ADC3_IRQHandler
                0x08000bf0        0xe stm_adc_ll.o
                0x08000bf0                ADC3_IRQHandler
 .text.configureADCChannelPreselectionRegister
                0x08000bfe      0x222 stm_adc_ll.o
                0x08000bfe                configureADCChannelPreselectionRegister
 .text.startADCConversionForExternalTrigger
                0x08000e20       0x50 stm_adc_ll.o
                0x08000e20                startADCConversionForExternalTrigger
 .text.ADC_Handle_Init
                0x08000e70      0x134 stm_adc_ll.o
                0x08000e70                ADC_Handle_Init
 .text.enableADC
                0x08000fa4       0x2a stm_adc_ll.o
                0x08000fa4                enableADC
 .text.regularReadADCNormal
                0x08000fce      0x10e stm_adc_ll.o
                0x08000fce                regularReadADCNormal
 .text.ADC_Handle_Deinit
                0x080010dc       0xe2 stm_adc_ll.o
                0x080010dc                ADC_Handle_Deinit
 *fill*         0x080011be        0x2 
 .text.enableADCAutomaticCalibration
                0x080011c0       0xdc stm_adc_ll.o
                0x080011c0                enableADCAutomaticCalibration
 .text.LL_SPI_Enable
                0x0800129c       0x20 mw_stm32_spi_ll.o
 .text.LL_SPI_Disable
                0x080012bc       0x20 mw_stm32_spi_ll.o
 .text.LL_SPI_IsEnabled
                0x080012dc       0x26 mw_stm32_spi_ll.o
 .text.LL_SPI_GetMode
                0x08001302       0x1c mw_stm32_spi_ll.o
 .text.LL_SPI_SuspendMasterTransfer
                0x0800131e       0x20 mw_stm32_spi_ll.o
 .text.LL_SPI_StartMasterTransfer
                0x0800133e       0x20 mw_stm32_spi_ll.o
 .text.LL_SPI_SetClockPhase
                0x0800135e       0x26 mw_stm32_spi_ll.o
 .text.LL_SPI_GetClockPhase
                0x08001384       0x1c mw_stm32_spi_ll.o
 .text.LL_SPI_SetClockPolarity
                0x080013a0       0x26 mw_stm32_spi_ll.o
 .text.LL_SPI_GetClockPolarity
                0x080013c6       0x1c mw_stm32_spi_ll.o
 .text.LL_SPI_GetTransferDirection
                0x080013e2       0x2e mw_stm32_spi_ll.o
 .text.LL_SPI_SetDataWidth
                0x08001410       0x26 mw_stm32_spi_ll.o
 .text.LL_SPI_GetDataWidth
                0x08001436       0x1c mw_stm32_spi_ll.o
 .text.LL_SPI_IsActiveFlag_RXP
                0x08001452       0x26 mw_stm32_spi_ll.o
 .text.LL_SPI_IsActiveFlag_EOT
                0x08001478       0x26 mw_stm32_spi_ll.o
 .text.LL_SPI_IsActiveFlag_TXC
                0x0800149e       0x28 mw_stm32_spi_ll.o
 .text.LL_SPI_IsActiveFlag_RXWNE
                0x080014c6       0x28 mw_stm32_spi_ll.o
 .text.LL_SPI_GetRxFIFOPackingLevel
                0x080014ee       0x1c mw_stm32_spi_ll.o
 .text.LL_SPI_ReceiveData8
                0x0800150a       0x1c mw_stm32_spi_ll.o
 .text.MW_SPI_Disable
                0x08001526       0xc6 mw_stm32_spi_ll.o
 .text.SPI_STM32_Init
                0x080015ec       0x88 mw_stm32_spi_ll.o
                0x080015ec                SPI_STM32_Init
 .text.MW_STM32_SPI_SetFormat
                0x08001674      0x1f2 mw_stm32_spi_ll.o
                0x08001674                MW_STM32_SPI_SetFormat
 .text.MW_SPI_Close
                0x08001866       0x1a mw_stm32_spi_ll.o
                0x08001866                MW_SPI_Close
 .text.MW_SPI_SetSlaveSelect
                0x08001880       0x1c mw_stm32_spi_ll.o
                0x08001880                MW_SPI_SetSlaveSelect
 .text.LL_TIM_GetCounterMode
                0x0800189c       0x30 stm_timer_ll.o
 .text.LL_TIM_GetCounter
                0x080018cc       0x18 stm_timer_ll.o
 .text.LL_TIM_GetRepetitionCounter
                0x080018e4       0x18 stm_timer_ll.o
 .text.LL_TIM_CC_EnableChannel
                0x080018fc       0x22 stm_timer_ll.o
 .text.LL_TIM_CC_DisableChannel
                0x0800191e       0x24 stm_timer_ll.o
 .text.LL_TIM_IC_GetCaptureCH1
                0x08001942       0x18 stm_timer_ll.o
 .text.LL_TIM_EnableAllOutputs
                0x0800195a       0x20 stm_timer_ll.o
 .text.LL_TIM_ClearFlag_CC1
                0x0800197a       0x1c stm_timer_ll.o
 .text.LL_TIM_IsActiveFlag_CC1
                0x08001996       0x26 stm_timer_ll.o
 .text.LL_TIM_ClearFlag_CC1OVR
                0x080019bc       0x1c stm_timer_ll.o
 .text.LL_TIM_IsActiveFlag_CC1OVR
                0x080019d8       0x28 stm_timer_ll.o
 .text.LL_TIM_EnableIT_UPDATE
                0x08001a00       0x20 stm_timer_ll.o
 .text.LL_TIM_DisableIT_UPDATE
                0x08001a20       0x20 stm_timer_ll.o
 .text.LL_TIM_IsEnabledIT_UPDATE
                0x08001a40       0x26 stm_timer_ll.o
 .text.LL_TIM_EnableIT_CC1
                0x08001a66       0x20 stm_timer_ll.o
 .text.LL_TIM_DisableIT_CC1
                0x08001a86       0x20 stm_timer_ll.o
 .text.LL_TIM_IsEnabledIT_CC1
                0x08001aa6       0x26 stm_timer_ll.o
 .text.LL_TIM_EnableIT_CC2
                0x08001acc       0x20 stm_timer_ll.o
 .text.LL_TIM_DisableIT_CC2
                0x08001aec       0x20 stm_timer_ll.o
 .text.LL_TIM_IsEnabledIT_CC2
                0x08001b0c       0x26 stm_timer_ll.o
 .text.LL_TIM_EnableIT_CC3
                0x08001b32       0x20 stm_timer_ll.o
 .text.LL_TIM_DisableIT_CC3
                0x08001b52       0x20 stm_timer_ll.o
 .text.LL_TIM_IsEnabledIT_CC3
                0x08001b72       0x26 stm_timer_ll.o
 .text.LL_TIM_EnableIT_CC4
                0x08001b98       0x20 stm_timer_ll.o
 .text.LL_TIM_DisableIT_CC4
                0x08001bb8       0x20 stm_timer_ll.o
 .text.LL_TIM_IsEnabledIT_CC4
                0x08001bd8       0x26 stm_timer_ll.o
 .text.LL_TIM_EnableIT_COM
                0x08001bfe       0x20 stm_timer_ll.o
 .text.LL_TIM_DisableIT_COM
                0x08001c1e       0x20 stm_timer_ll.o
 .text.LL_TIM_IsEnabledIT_COM
                0x08001c3e       0x26 stm_timer_ll.o
 .text.LL_TIM_EnableIT_TRIG
                0x08001c64       0x20 stm_timer_ll.o
 .text.LL_TIM_DisableIT_TRIG
                0x08001c84       0x20 stm_timer_ll.o
 .text.LL_TIM_IsEnabledIT_TRIG
                0x08001ca4       0x26 stm_timer_ll.o
 .text.LL_TIM_EnableIT_BRK
                0x08001cca       0x20 stm_timer_ll.o
 .text.LL_TIM_DisableIT_BRK
                0x08001cea       0x20 stm_timer_ll.o
 .text.LL_TIM_IsEnabledIT_BRK
                0x08001d0a       0x26 stm_timer_ll.o
 .text.TIM_IsActiveFlag_CC1
                0x08001d30       0x38 stm_timer_ll.o
                0x08001d30                TIM_IsActiveFlag_CC1
 .text.enableTimerInterrupts
                0x08001d68      0x134 stm_timer_ll.o
                0x08001d68                enableTimerInterrupts
 .text.disableTimerInterrupts
                0x08001e9c      0x134 stm_timer_ll.o
                0x08001e9c                disableTimerInterrupts
 .text.enableTimerChannel1
                0x08001fd0       0xa0 stm_timer_ll.o
                0x08001fd0                enableTimerChannel1
 .text.disableTimerChannel1
                0x08002070       0xa0 stm_timer_ll.o
                0x08002070                disableTimerChannel1
 .text.enableTimerChannel2
                0x08002110       0xa0 stm_timer_ll.o
                0x08002110                enableTimerChannel2
 .text.disableTimerChannel2
                0x080021b0       0xa0 stm_timer_ll.o
                0x080021b0                disableTimerChannel2
 .text.Timer_Handle_Init
                0x08002250      0x11c stm_timer_ll.o
                0x08002250                Timer_Handle_Init
 .text.getCCR1RegisterValuePollingMode
                0x0800236c       0xa0 stm_timer_ll.o
                0x0800236c                getCCR1RegisterValuePollingMode
 .text.getTimerCounterValue
                0x0800240c       0x1c stm_timer_ll.o
                0x0800240c                getTimerCounterValue
 .text.__NVIC_GetPriorityGrouping
                0x08002428       0x1c stm_usart.o
 .text.__NVIC_EnableIRQ
                0x08002444       0x3c stm_usart.o
 .text.__NVIC_SetPriority
                0x08002480       0x54 stm_usart.o
 .text.NVIC_EncodePriority
                0x080024d4       0x66 stm_usart.o
 *fill*         0x0800253a        0x2 
 .text.LL_DMA_EnableStream
                0x0800253c       0x44 stm_usart.o
 .text.LL_DMA_DisableStream
                0x08002580       0x44 stm_usart.o
 .text.LL_DMA_GetMode
                0x080025c4       0x34 stm_usart.o
 .text.LL_DMA_SetDataLength
                0x080025f8       0x50 stm_usart.o
 .text.LL_DMA_GetDataLength
                0x08002648       0x30 stm_usart.o
 .text.LL_DMA_ConfigAddresses
                0x08002678       0x7c stm_usart.o
 .text.LL_DMA_IsActiveFlag_TC0
                0x080026f4       0x26 stm_usart.o
 .text.LL_DMA_ClearFlag_TC0
                0x0800271a       0x1a stm_usart.o
 .text.LL_DMA_EnableIT_TC
                0x08002734       0x44 stm_usart.o
 .text.LL_DMA_DisableIT_TC
                0x08002778       0x44 stm_usart.o
 .text.LL_DMA_IsEnabledIT_TC
                0x080027bc       0x3c stm_usart.o
 .text.LL_USART_Enable
                0x080027f8       0x20 stm_usart.o
 .text.LL_USART_Disable
                0x08002818       0x20 stm_usart.o
 .text.LL_USART_IsEnabledAutoBaud
                0x08002838       0x28 stm_usart.o
 .text.LL_USART_IsActiveFlag_PE
                0x08002860       0x26 stm_usart.o
 .text.LL_USART_IsActiveFlag_FE
                0x08002886       0x26 stm_usart.o
 .text.LL_USART_IsActiveFlag_NE
                0x080028ac       0x26 stm_usart.o
 .text.LL_USART_IsActiveFlag_ORE
                0x080028d2       0x26 stm_usart.o
 .text.LL_USART_IsActiveFlag_RXNE_RXFNE
                0x080028f8       0x26 stm_usart.o
 .text.LL_USART_IsActiveFlag_TC
                0x0800291e       0x26 stm_usart.o
 .text.LL_USART_IsActiveFlag_TXE_TXFNF
                0x08002944       0x26 stm_usart.o
 .text.LL_USART_IsActiveFlag_ABRE
                0x0800296a       0x28 stm_usart.o
 .text.LL_USART_IsActiveFlag_ABR
                0x08002992       0x28 stm_usart.o
 .text.LL_USART_ClearFlag_PE
                0x080029ba       0x1a stm_usart.o
 .text.LL_USART_ClearFlag_FE
                0x080029d4       0x1a stm_usart.o
 .text.LL_USART_ClearFlag_NE
                0x080029ee       0x1a stm_usart.o
 .text.LL_USART_ClearFlag_ORE
                0x08002a08       0x1a stm_usart.o
 .text.LL_USART_EnableIT_RXNE_RXFNE
                0x08002a22       0x42 stm_usart.o
 .text.LL_USART_EnableIT_TXE_TXFNF
                0x08002a64       0x42 stm_usart.o
 .text.LL_USART_EnableIT_PE
                0x08002aa6       0x42 stm_usart.o
 .text.LL_USART_EnableIT_ERROR
                0x08002ae8       0x46 stm_usart.o
 .text.LL_USART_DisableIT_RXNE_RXFNE
                0x08002b2e       0x42 stm_usart.o
 .text.LL_USART_DisableIT_TXE_TXFNF
                0x08002b70       0x42 stm_usart.o
 .text.LL_USART_DisableIT_PE
                0x08002bb2       0x42 stm_usart.o
 .text.LL_USART_DisableIT_ERROR
                0x08002bf4       0x46 stm_usart.o
 .text.LL_USART_EnableDMAReq_RX
                0x08002c3a       0x46 stm_usart.o
 .text.LL_USART_DisableDMAReq_RX
                0x08002c80       0x46 stm_usart.o
 .text.LL_USART_EnableDMAReq_TX
                0x08002cc6       0x46 stm_usart.o
 .text.LL_USART_DisableDMAReq_TX
                0x08002d0c       0x46 stm_usart.o
 .text.LL_USART_DMA_GetRegAddr
                0x08002d52       0x2c stm_usart.o
 .text.LL_USART_ReceiveData8
                0x08002d7e       0x1a stm_usart.o
 .text.LL_USART_TransmitData8
                0x08002d98       0x1e stm_usart.o
 .text.LL_USART_RequestAutoBaudRate
                0x08002db6       0x20 stm_usart.o
 .text.checkIfTransmitBufferFull
                0x08002dd6       0x64 stm_usart.o
                0x08002dd6                checkIfTransmitBufferFull
 .text.copyToTransmitBuffer
                0x08002e3a       0xf4 stm_usart.o
                0x08002e3a                copyToTransmitBuffer
 .text.getAvailableDataInBuffer
                0x08002f2e       0xcc stm_usart.o
                0x08002f2e                getAvailableDataInBuffer
 .text.getBytesToBeReadFromBuffer
                0x08002ffa       0x6e stm_usart.o
                0x08002ffa                getBytesToBeReadFromBuffer
 .text.readDataFromBuffer
                0x08003068       0xcc stm_usart.o
                0x08003068                readDataFromBuffer
 .text.UART_RXDMAInterruptHandler
                0x08003134       0xd4 stm_usart.o
                0x08003134                UART_RXDMAInterruptHandler
 .text.UART_IsActiveFlagRXNE
                0x08003208       0xca stm_usart.o
                0x08003208                UART_IsActiveFlagRXNE
 .text.UART_IsActiveFlagError
                0x080032d2       0xf4 stm_usart.o
                0x080032d2                UART_IsActiveFlagError
 .text.UART_IsActiveFlagTXE
                0x080033c6       0x7a stm_usart.o
                0x080033c6                UART_IsActiveFlagTXE
 .text.USART2_IRQHandler
                0x08003440       0x18 stm_usart.o
                0x08003440                USART2_IRQHandler
 .text.USART3_IRQHandler
                0x08003458       0x14 stm_usart.o
                0x08003458                USART3_IRQHandler
 .text.DMA2_Stream0_IRQHandler
                0x0800346c       0x20 stm_usart.o
                0x0800346c                DMA2_Stream0_IRQHandler
 .text.UART_ConfigureReceiveDMA
                0x0800348c       0x8a stm_usart.o
                0x0800348c                UART_ConfigureReceiveDMA
 .text.UART_ConfigureTransmitDMA
                0x08003516       0x56 stm_usart.o
                0x08003516                UART_ConfigureTransmitDMA
 .text.getReadErrorStatus
                0x0800356c      0x17c stm_usart.o
                0x0800356c                getReadErrorStatus
 .text.MW_UART_Initialize
                0x080036e8      0x1b8 stm_usart.o
                0x080036e8                MW_UART_Initialize
 .text.MW_UART_ReceiveUsingBuffer
                0x080038a0       0x5c stm_usart.o
                0x080038a0                MW_UART_ReceiveUsingBuffer
 .text.MW_UART_TransmitUsingPolling
                0x080038fc      0x184 stm_usart.o
                0x080038fc                MW_UART_TransmitUsingPolling
 .text.MW_UART_TransmitUsingInterrupt
                0x08003a80       0xd4 stm_usart.o
                0x08003a80                MW_UART_TransmitUsingInterrupt
 .text.MW_UART_DeInit
                0x08003b54       0xaa stm_usart.o
                0x08003b54                MW_UART_DeInit
 .text.extmodeParseArgs
                0x08003bfe       0x1e xcp_ext_mode.o
                0x08003bfe                extmodeParseArgs
 .text.extmodeInit
                0x08003c1c      0x120 xcp_ext_mode.o
                0x08003c1c                extmodeInit
 .text.extmodeWaitForHostRequest
                0x08003d3c       0xcc xcp_ext_mode.o
                0x08003d3c                extmodeWaitForHostRequest
 .text.extmodeEvent
                0x08003e08       0xf4 xcp_ext_mode.o
                0x08003e08                extmodeEvent
 .text.extmodeBackgroundRun
                0x08003efc       0x20 xcp_ext_mode.o
                0x08003efc                extmodeBackgroundRun
 .text.extmodeReset
                0x08003f1c       0x40 xcp_ext_mode.o
                0x08003f1c                extmodeReset
 .text.extmodeStopRequested
                0x08003f5c       0x18 xcp_ext_mode.o
                0x08003f5c                extmodeStopRequested
 .text.extmodeSimulationComplete
                0x08003f74       0x18 xcp_ext_mode.o
                0x08003f74                extmodeSimulationComplete
 .text.__NVIC_SetPriority
                0x08003f8c       0x54 mw_stm32_nvic.o
 .text.MW_NVIC_ConfigureIRQ
                0x08003fe0       0x26 mw_stm32_nvic.o
                0x08003fe0                MW_NVIC_ConfigureIRQ
 *fill*         0x08004006        0x2 
 .text.rt_OneStep
                0x08004008      0x280 ert_main.o
                0x08004008                rt_OneStep
 .text.main     0x08004288      0x1e0 ert_main.o
                0x08004288                main
 .text.__NVIC_EnableIRQ
                0x08004468       0x3c main_STM32_H743_HIL.o
 .text.__NVIC_DisableIRQ
                0x080044a4       0x48 main_STM32_H743_HIL.o
 .text.LL_SPI_Enable
                0x080044ec       0x20 main_STM32_H743_HIL.o
 .text.LL_SPI_IsEnabled
                0x0800450c       0x26 main_STM32_H743_HIL.o
 .text.LL_SPI_IsActiveFlag_TXP
                0x08004532       0x26 main_STM32_H743_HIL.o
 .text.LL_SPI_IsActiveFlag_RXWNE
                0x08004558       0x28 main_STM32_H743_HIL.o
 .text.LL_SPI_GetRxFIFOPackingLevel
                0x08004580       0x1c main_STM32_H743_HIL.o
 .text.LL_SPI_ReceiveData8
                0x0800459c       0x1c main_STM32_H743_HIL.o
 .text.LL_SPI_ReceiveData16
                0x080045b8       0x1a main_STM32_H743_HIL.o
 .text.LL_SPI_ReceiveData32
                0x080045d2       0x18 main_STM32_H743_HIL.o
 .text.LL_SPI_TransmitData8
                0x080045ea       0x20 main_STM32_H743_HIL.o
 .text.LL_SPI_TransmitData16
                0x0800460a       0x24 main_STM32_H743_HIL.o
 .text.LL_SPI_TransmitData32
                0x0800462e       0x1c main_STM32_H743_HIL.o
 .text.LL_TIM_EnableCounter
                0x0800464a       0x20 main_STM32_H743_HIL.o
 .text.LL_TIM_DisableCounter
                0x0800466a       0x20 main_STM32_H743_HIL.o
 .text.LL_TIM_SetUpdateSource
                0x0800468a       0x26 main_STM32_H743_HIL.o
 .text.LL_TIM_GetUpdateSource
                0x080046b0       0x1c main_STM32_H743_HIL.o
 .text.LL_TIM_GetDirection
                0x080046cc       0x1c main_STM32_H743_HIL.o
 .text.LL_TIM_GetAutoReload
                0x080046e8       0x18 main_STM32_H743_HIL.o
 .text.LL_TIM_SetRepetitionCounter
                0x08004700       0x1c main_STM32_H743_HIL.o
 .text.LL_TIM_OC_SetCompareCH1
                0x0800471c       0x1c main_STM32_H743_HIL.o
 .text.LL_TIM_OC_GetCompareCH1
                0x08004738       0x18 main_STM32_H743_HIL.o
 .text.LL_TIM_ClearFlag_CC1
                0x08004750       0x1c main_STM32_H743_HIL.o
 .text.LL_TIM_IsEnabledIT_CC1
                0x0800476c       0x26 main_STM32_H743_HIL.o
 .text.LL_TIM_GenerateEvent_UPDATE
                0x08004792       0x20 main_STM32_H743_HIL.o
 .text.LL_GPIO_ReadInputPort
                0x080047b2       0x18 main_STM32_H743_HIL.o
 .text.LL_GPIO_SetOutputPin
                0x080047ca       0x1c main_STM32_H743_HIL.o
 .text.LL_GPIO_ResetOutputPin
                0x080047e6       0x1e main_STM32_H743_HIL.o
 .text.MW_SPI_MasterWriteRead_Databits
                0x08004804      0x300 main_STM32_H743_HIL.o
 .text.convertDutyCyclePercentageToCounts
                0x08004b04       0x88 main_STM32_H743_HIL.o
 .text.setDutyCycleChannel1
                0x08004b8c       0x30 main_STM32_H743_HIL.o
 .text.setDutyCycleInPercentageChannel1
                0x08004bbc       0x28 main_STM32_H743_HIL.o
 .text.isSlaveTriggerModeEnabled
                0x08004be4       0x30 main_STM32_H743_HIL.o
 .text.enableCounter
                0x08004c14      0x100 main_STM32_H743_HIL.o
 .text.ouputDirectionOfCounter
                0x08004d14       0x26 main_STM32_H743_HIL.o
 .text.disableCounter
                0x08004d3a       0x1a main_STM32_H743_HIL.o
 .text.main_STM32_H743_HIL_SetEventsForThisBaseStep
                0x08004d54       0x68 main_STM32_H743_HIL.o
                0x08004d54                main_STM32_H743_HIL_SetEventsForThisBaseStep
 .text.rate_monotonic_scheduler
                0x08004dbc      0x108 main_STM32_H743_HIL.o
 .text.main_STM32_H74_SystemCore_setup
                0x08004ec4       0x54 main_STM32_H743_HIL.o
 .text.SPIControllerTransfer_Start
                0x08004f18       0x2a main_STM32_H743_HIL.o
                0x08004f18                SPIControllerTransfer_Start
 .text.main_SPIControllerTransfer2
                0x08004f42       0x5a main_STM32_H743_HIL.o
                0x08004f42                main_SPIControllerTransfer2
 .text.SPIControllerTransfer2_Term
                0x08004f9c       0x48 main_STM32_H743_HIL.o
                0x08004f9c                SPIControllerTransfer2_Term
 .text.main_ST_MATLABFunction_Init
                0x08004fe4       0x1c main_STM32_H743_HIL.o
                0x08004fe4                main_ST_MATLABFunction_Init
 .text.main_STM32_H_MATLABFunction
                0x08005000      0x198 main_STM32_H743_HIL.o
                0x08005000                main_STM32_H_MATLABFunction
 .text.main_S_MATLABFunction1_Init
                0x08005198       0x1c main_STM32_H743_HIL.o
                0x08005198                main_S_MATLABFunction1_Init
 *fill*         0x080051b4        0x4 
 .text.main_STM32__MATLABFunction1
                0x080051b8      0x1b4 main_STM32_H743_HIL.o
                0x080051b8                main_STM32__MATLABFunction1
 .text.main_STM32_H_SystemCore_setup_l
                0x0800536c       0x78 main_STM32_H743_HIL.o
 .text.main_S_MedianFilterCG_resetImpl
                0x080053e4      0x20c main_STM32_H743_HIL.o
 .text.m_MedianFilterCG_trickleDownMax
                0x080055f0      0x2a8 main_STM32_H743_HIL.o
 .text.m_MedianFilterCG_trickleDownMin
                0x08005898      0x2a0 main_STM32_H743_HIL.o
 .text.main_STM32__SystemCore_setup_cs
                0x08005b38       0x8c main_STM32_H743_HIL.o
 .text.main_ST_SystemCore_setup_cslt2a
                0x08005bc4       0x78 main_STM32_H743_HIL.o
 .text.main_STM32_H_SystemCore_setup_c
                0x08005c3c       0x8c main_STM32_H743_HIL.o
 .text.main_STM_SystemCore_setup_cslt2
                0x08005cc8       0x54 main_STM32_H743_HIL.o
 .text.main_STM3_SystemCore_setup_cslt
                0x08005d1c       0x58 main_STM32_H743_HIL.o
 .text.main_STM32_SystemCore_setup_csl
                0x08005d74       0x94 main_STM32_H743_HIL.o
 .text.main_STM32_H743_HIL_step0
                0x08005e08      0x9d8 main_STM32_H743_HIL.o
                0x08005e08                main_STM32_H743_HIL_step0
 .text.main_STM32_H743_HIL_step1
                0x080067e0      0x33c main_STM32_H743_HIL.o
                0x080067e0                main_STM32_H743_HIL_step1
 .text.main_STM32_H743_HIL_step2
                0x08006b1c      0x314 main_STM32_H743_HIL.o
                0x08006b1c                main_STM32_H743_HIL_step2
 .text.main_STM32_H743_HIL_step3
                0x08006e30      0x66c main_STM32_H743_HIL.o
                0x08006e30                main_STM32_H743_HIL_step3
 .text.main_STM32_H743_HIL_step4
                0x0800749c      0x4d0 main_STM32_H743_HIL.o
                0x0800749c                main_STM32_H743_HIL_step4
 *fill*         0x0800796c        0x4 
 .text.main_STM32_H743_HIL_initialize
                0x08007970      0x560 main_STM32_H743_HIL.o
                0x08007970                main_STM32_H743_HIL_initialize
 .text.main_STM32_H743_HIL_terminate
                0x08007ed0      0x24c main_STM32_H743_HIL.o
                0x08007ed0                main_STM32_H743_HIL_terminate
 .text.main_STM32_H743_HIL_configure_interrupts
                0x0800811c       0x1c main_STM32_H743_HIL.o
                0x0800811c                main_STM32_H743_HIL_configure_interrupts
 .text.TIM15_IRQHandler
                0x08008138      0x2f4 main_STM32_H743_HIL.o
                0x08008138                TIM15_IRQHandler
 .text.main_STM32_H743_HIL_unconfigure_interrupts
                0x0800842c        0xe main_STM32_H743_HIL.o
                0x0800842c                main_STM32_H743_HIL_unconfigure_interrupts
 *fill*         0x0800843a        0x2 
 .text.profile_generator
                0x0800843c      0x530 profile_generator.o
                0x0800843c                profile_generator
 .text.xcp_void_printf
                0x0800896c       0x12 xcp_ext_common.o
                0x0800896c                xcp_void_printf
 .text.xcpCopyTimeValue
                0x0800897e       0x26 xcp_ext_common.o
 *fill*         0x080089a4        0x4 
 .text.xcpExtModeUpdateTime
                0x080089a8      0x110 xcp_ext_common.o
                0x080089a8                xcpExtModeUpdateTime
 .text.xcpExtModeInit
                0x08008ab8       0x9c xcp_ext_common.o
                0x08008ab8                xcpExtModeInit
 .text.xcpExtModeRunBackground
                0x08008b54      0x13c xcp_ext_common.o
                0x08008b54                xcpExtModeRunBackground
 .text.xcpExtModeReset
                0x08008c90      0x128 xcp_ext_common.o
                0x08008c90                xcpExtModeReset
 .text.sampleSignalTrigger
                0x08008db8      0x1b8 xcp_ext_classic_trigger.o
 .text.updateTriggerStatus
                0x08008f70      0x2b8 xcp_ext_classic_trigger.o
 .text.xcpExtModeClassicTriggerInit
                0x08009228       0x68 xcp_ext_classic_trigger.o
                0x08009228                xcpExtModeClassicTriggerInit
 .text.xcpExtModeClassicTriggerEnabled
                0x08009290      0x100 xcp_ext_classic_trigger.o
                0x08009290                xcpExtModeClassicTriggerEnabled
 .text.xcpExtModeClassicTriggerReset
                0x08009390       0xf4 xcp_ext_classic_trigger.o
                0x08009390                xcpExtModeClassicTriggerReset
 .text.xcpExtModeClassicTriggerForceEnableStatusUpdate
                0x08009484       0x80 xcp_ext_classic_trigger.o
                0x08009484                xcpExtModeClassicTriggerForceEnableStatusUpdate
 .text.msgBufferRealloc
                0x08009504       0x72 xcp.o
 *fill*         0x08009576        0x2 
 .text.discardInputPacketHandler
                0x08009578       0x3c xcp.o
 .text.unknownInputPacketHandler
                0x080095b4       0x34 xcp.o
 .text.xcpGetPacketGroupID
                0x080095e8       0x74 xcp.o
 .text.xcpGetPacketHandlers
                0x0800965c      0x124 xcp.o
 .text.xcpStatusSet
                0x08009780       0x20 xcp.o
                0x08009780                xcpStatusSet
 .text.xcpSessionStatusGet
                0x080097a0       0x18 xcp.o
                0x080097a0                xcpSessionStatusGet
 .text.xcpSessionStatusSetMask
                0x080097b8       0x28 xcp.o
                0x080097b8                xcpSessionStatusSetMask
 .text.xcpSessionStatusClearMask
                0x080097e0       0x34 xcp.o
                0x080097e0                xcpSessionStatusClearMask
 .text.xcpResourceProtectionStatusGet
                0x08009814       0x18 xcp.o
                0x08009814                xcpResourceProtectionStatusGet
 .text.xcpSessionConfigurationIdGet
                0x0800982c       0x18 xcp.o
                0x0800982c                xcpSessionConfigurationIdGet
 .text.genericOutputPacketHandler
                0x08009844      0x110 xcp.o
                0x08009844                genericOutputPacketHandler
 .text.xcpFindPacket
                0x08009954       0x6e xcp.o
                0x08009954                xcpFindPacket
 *fill*         0x080099c2        0x2 
 .text.xcpInit  0x080099c4       0x64 xcp.o
                0x080099c4                xcpInit
 .text.xcpRun   0x08009a28      0x194 xcp.o
                0x08009a28                xcpRun
 .text.xcpEvent
                0x08009bbc       0x50 xcp.o
                0x08009bbc                xcpEvent
 .text.xcpGetStatus
                0x08009c0c       0x18 xcp.o
                0x08009c0c                xcpGetStatus
 .text.xcpReset
                0x08009c24       0x40 xcp.o
                0x08009c24                xcpReset
 .text.xcpPackedModeEventsFlush
                0x08009c64       0x1e xcp.o
                0x08009c64                xcpPackedModeEventsFlush
 .text.xcpPackedModeEventReset
                0x08009c82       0x2a xcp.o
                0x08009c82                xcpPackedModeEventReset
 .text.isValidUploadSize
                0x08009cac       0x30 xcp_standard.o
 .text.xcpMemcpyFromMTA
                0x08009cdc       0x38 xcp_standard.o
 .text.connectInputPacketHandler
                0x08009d14       0xa4 xcp_standard.o
 .text.connectOutputPacketHandler
                0x08009db8       0xd4 xcp_standard.o
 .text.disconnectInputPacketHandler
                0x08009e8c       0x54 xcp_standard.o
 .text.getStatusInputPacketHandler
                0x08009ee0       0x28 xcp_standard.o
 .text.getStatusOutputPacketHandler
                0x08009f08       0x80 xcp_standard.o
 .text.synchInputPacketHandler
                0x08009f88       0x44 xcp_standard.o
 .text.setMTAInputPacketHandler
                0x08009fcc       0x78 xcp_standard.o
 .text.uploadInputPacketHandler
                0x0800a044       0x98 xcp_standard.o
 .text.uploadOutputPacketHandler
                0x0800a0dc       0x9c xcp_standard.o
 .text.shortUploadInputPacketHandler
                0x0800a178       0xa4 xcp_standard.o
 .text.shortUploadOutputPacketHandler
                0x0800a21c       0x9c xcp_standard.o
 .text.getPacket
                0x0800a2b8       0x24 xcp_standard.o
 .text.xcpStandardInit
                0x0800a2dc       0x18 xcp_standard.o
                0x0800a2dc                xcpStandardInit
 .text.xcpStandardGetPacketLookup
                0x0800a2f4       0x18 xcp_standard.o
                0x0800a2f4                xcpStandardGetPacketLookup
 .text.xcpStandardSetPacketLookup
                0x0800a30c       0x20 xcp_standard.o
                0x0800a30c                xcpStandardSetPacketLookup
 .text.xcpStandardReset
                0x0800a32c       0x12 xcp_standard.o
                0x0800a32c                xcpStandardReset
 *fill*         0x0800a33e        0x2 
 .text.xcpStandardGetAddressFromMta
                0x0800a340       0x18 xcp_standard.o
                0x0800a340                xcpStandardGetAddressFromMta
 .text.xcpStandardSetMta
                0x0800a358       0x3c xcp_standard.o
                0x0800a358                xcpStandardSetMta
 .text.xcpStandardIncrementMta
                0x0800a394       0x28 xcp_standard.o
                0x0800a394                xcpStandardIncrementMta
 .text.xcpStandardExtendedInit
                0x0800a3bc        0xe xcp_standard.o
                0x0800a3bc                xcpStandardExtendedInit
 .text.xcpStandardExtendedReset
                0x0800a3ca        0xe xcp_standard.o
                0x0800a3ca                xcpStandardExtendedReset
 .text.xcpDaqWriteLock
                0x0800a3d8       0x4c xcp_daq.o
 .text.xcpDaqWriteUnlock
                0x0800a424       0x20 xcp_daq.o
 .text.xcpDaqReadLock
                0x0800a444       0x38 xcp_daq.o
 .text.xcpDaqReadUnlock
                0x0800a47c       0x38 xcp_daq.o
 .text.isActiveDaqList
                0x0800a4b4       0x50 xcp_daq.o
 .text.noActiveDaqLists
                0x0800a504       0x50 xcp_daq.o
 .text.isValidDaqPtr
                0x0800a554       0xb8 xcp_daq.o
 .text.isValidDaqEntry
                0x0800a60c       0x36 xcp_daq.o
 .text.isSupportedDaqListMode
                0x0800a642       0x26 xcp_daq.o
 .text.isValidStartStopMode
                0x0800a668       0x32 xcp_daq.o
 .text.isValidStartStopSynchMode
                0x0800a69a       0x32 xcp_daq.o
 .text.absoluteOdtNumberIdentification
                0x0800a6cc       0x10 xcp_daq.o
 .text.isDaqPackedModeEnabled
                0x0800a6dc       0x6c xcp_daq.o
 .text.odtPacketSize
                0x0800a748       0x54 xcp_daq.o
 .text.createDaqReservedPool
                0x0800a79c       0x8a xcp_daq.o
 .text.destroyDaqReservedPool
                0x0800a826       0x2c xcp_daq.o
 *fill*         0x0800a852        0x2 
 .text.setDaqPtrInputPacketHandler
                0x0800a854       0xdc xcp_daq.o
 .text.writeDaqInputPacketHandler
                0x0800a930      0x198 xcp_daq.o
 .text.setDaqListModeInputPacketHandler
                0x0800aac8      0x1c8 xcp_daq.o
 .text.startStopDaqListInputPacketHandler
                0x0800ac90      0x3f4 xcp_daq.o
 .text.startStopDaqListOutputPacketHandler
                0x0800b084       0x5c xcp_daq.o
 .text.startStopSynchInputPacketHandler
                0x0800b0e0      0x328 xcp_daq.o
 .text.getDaqProcessorInfoInputPacketHandler
                0x0800b408       0x28 xcp_daq.o
 .text.getDaqProcessorInfoOutputPacketHandler
                0x0800b430       0xac xcp_daq.o
 .text.getDaqResolutionInfoInputPacketHandler
                0x0800b4dc       0x28 xcp_daq.o
 .text.getDaqResolutionInfoOutputPacketHandler
                0x0800b504       0xb8 xcp_daq.o
 .text.freeDaqInputPacketHandler
                0x0800b5bc       0x5c xcp_daq.o
 .text.allocDaqInputPacketHandler
                0x0800b618      0x18c xcp_daq.o
 .text.allocOdtInputPacketHandler
                0x0800b7a4      0x1c0 xcp_daq.o
 .text.allocOdtEntryInputPacketHandler
                0x0800b964      0x270 xcp_daq.o
 .text.setDaqPackedModeInputPacketHandler
                0x0800bbd4      0x21c xcp_daq.o
 .text.level1CommandInputPacketHandler
                0x0800bdf0       0x64 xcp_daq.o
 .text.getPacket
                0x0800be54       0x24 xcp_daq.o
 .text.xcpDaqInit
                0x0800be78       0x38 xcp_daq.o
                0x0800be78                xcpDaqInit
 .text.xcpDaqGetPacketLookup
                0x0800beb0       0x18 xcp_daq.o
                0x0800beb0                xcpDaqGetPacketLookup
 .text.xcpDaqSetPacketLookup
                0x0800bec8       0x20 xcp_daq.o
                0x0800bec8                xcpDaqSetPacketLookup
 .text.xcpResetDaq
                0x0800bee8       0xa4 xcp_daq.o
 .text.daqWriteXCPDataForOdt
                0x0800bf8c       0x7c xcp_daq.o
 .text.odtWriteEntries
                0x0800c008       0x9c xcp_daq.o
 .text.xcpProcessDaq
                0x0800c0a4      0x208 xcp_daq.o
 .text.xcpDaqEvent
                0x0800c2ac      0x108 xcp_daq.o
                0x0800c2ac                xcpDaqEvent
 .text.xcpDaqEventsFlush
                0x0800c3b4      0x284 xcp_daq.o
                0x0800c3b4                xcpDaqEventsFlush
 .text.xcpDaqLock
                0x0800c638       0x1e xcp_daq.o
                0x0800c638                xcpDaqLock
 .text.xcpDaqUnlock
                0x0800c656        0xe xcp_daq.o
                0x0800c656                xcpDaqUnlock
 .text.xcpResetDaqListStatus
                0x0800c664      0x19c xcp_daq.o
                0x0800c664                xcpResetDaqListStatus
 .text.xcpDaqReset
                0x0800c800       0x20 xcp_daq.o
                0x0800c800                xcpDaqReset
 .text.xcpDaqExtendedInit
                0x0800c820        0xe xcp_daq.o
                0x0800c820                xcpDaqExtendedInit
 .text.xcpDaqExtendedReset
                0x0800c82e        0xe xcp_daq.o
                0x0800c82e                xcpDaqExtendedReset
 .text.isValidShortDownloadSize
                0x0800c83c       0x34 xcp_calibration.o
 .text.isValidDownloadSize
                0x0800c870       0x3a xcp_calibration.o
 *fill*         0x0800c8aa        0x2 
 .text.xcpMemcpyToMTA
                0x0800c8ac       0x34 xcp_calibration.o
 .text.downloadInputPacketHandler
                0x0800c8e0       0xb0 xcp_calibration.o
 .text.shortDownloadInputPacketHandler
                0x0800c990       0xb8 xcp_calibration.o
 .text.getPacket
                0x0800ca48       0x24 xcp_calibration.o
 .text.xcpCalibrationInit
                0x0800ca6c       0x14 xcp_calibration.o
                0x0800ca6c                xcpCalibrationInit
 .text.xcpCalibrationGetPacketLookup
                0x0800ca80       0x18 xcp_calibration.o
                0x0800ca80                xcpCalibrationGetPacketLookup
 .text.xcpCalibrationSetPacketLookup
                0x0800ca98       0x20 xcp_calibration.o
                0x0800ca98                xcpCalibrationSetPacketLookup
 .text.xcpCalibrationReset
                0x0800cab8        0xe xcp_calibration.o
                0x0800cab8                xcpCalibrationReset
 .text.xcpFifoInit
                0x0800cac6       0x20 xcp_fifo.o
                0x0800cac6                xcpFifoInit
 .text.xcpFifoEnqueue
                0x0800cae6       0x2a xcp_fifo.o
                0x0800cae6                xcpFifoEnqueue
 .text.xcpFifoDequeue
                0x0800cb10       0x3e xcp_fifo.o
                0x0800cb10                xcpFifoDequeue
 .text.xcpFifoEnqueueHead
                0x0800cb4e       0x32 xcp_fifo.o
                0x0800cb4e                xcpFifoEnqueueHead
 .text.xcpFifoReset
                0x0800cb80       0x16 xcp_fifo.o
                0x0800cb80                xcpFifoReset
 *fill*         0x0800cb96        0x2 
 .text.xcpTransportEmptyTxFifo
                0x0800cb98       0x6c xcp_transport.o
 .text.xcpTransportEmptyRxFifo
                0x0800cc04       0x6c xcp_transport.o
 .text.xcpTransportInit
                0x0800cc70      0x138 xcp_transport.o
                0x0800cc70                xcpTransportInit
 .text.xcpTransportTxReady
                0x0800cda8       0x1a xcp_transport.o
                0x0800cda8                xcpTransportTxReady
 .text.xcpTransportTxTrigger
                0x0800cdc2       0x1a xcp_transport.o
                0x0800cdc2                xcpTransportTxTrigger
 .text.xcpTransportTxPacketSet
                0x0800cddc      0x144 xcp_transport.o
                0x0800cddc                xcpTransportTxPacketSet
 .text.xcpTransportTx
                0x0800cf20       0xec xcp_transport.o
                0x0800cf20                xcpTransportTx
 .text.xcpTransportRx
                0x0800d00c       0x80 xcp_transport.o
                0x0800d00c                xcpTransportRx
 .text.xcpTransportRxPacketGet
                0x0800d08c      0x12c xcp_transport.o
                0x0800d08c                xcpTransportRxPacketGet
 .text.xcpTransportPacketOffset
                0x0800d1b8       0x20 xcp_transport.o
                0x0800d1b8                xcpTransportPacketOffset
 .text.xcpTransportMsgBufferSize
                0x0800d1d8       0x70 xcp_transport.o
                0x0800d1d8                xcpTransportMsgBufferSize
 .text.xcpTransportMaxDtoSize
                0x0800d248        0xe xcp_transport.o
                0x0800d248                xcpTransportMaxDtoSize
 .text.xcpTransportMaxCtoSize
                0x0800d256        0xe xcp_transport.o
                0x0800d256                xcpTransportMaxCtoSize
 .text.xcpTransportRestart
                0x0800d264       0x44 xcp_transport.o
                0x0800d264                xcpTransportRestart
 .text.xcpTransportResynch
                0x0800d2a8       0x40 xcp_transport.o
                0x0800d2a8                xcpTransportResynch
 .text.xcpTransportCtoReservedMemPoolId
                0x0800d2e8       0x18 xcp_transport.o
                0x0800d2e8                xcpTransportCtoReservedMemPoolId
 .text.xcpTransportReset
                0x0800d300       0xe4 xcp_transport.o
                0x0800d300                xcpTransportReset
 .text.xcpInitializePoolMemoryArea
                0x0800d3e4       0x72 xcp_mem_default.o
 *fill*         0x0800d456        0x2 
 .text.xcpMemInit
                0x0800d458      0x1d4 xcp_mem_default.o
                0x0800d458                xcpMemInit
 .text.xcpMemAlloc
                0x0800d62c       0xe8 xcp_mem_default.o
                0x0800d62c                xcpMemAlloc
 .text.xcpMemFree
                0x0800d714      0x170 xcp_mem_default.o
                0x0800d714                xcpMemFree
 .text.xcpMemReservedPoolCreate
                0x0800d884      0x224 xcp_mem_default.o
                0x0800d884                xcpMemReservedPoolCreate
 .text.xcpMemReservedPoolDestroy
                0x0800daa8      0x158 xcp_mem_default.o
                0x0800daa8                xcpMemReservedPoolDestroy
 .text.xcpMemCustomPoolCreate
                0x0800dc00       0xbc xcp_mem_default.o
                0x0800dc00                xcpMemCustomPoolCreate
 .text.xcpMemCustomPoolDestroy
                0x0800dcbc       0x64 xcp_mem_default.o
                0x0800dcbc                xcpMemCustomPoolDestroy
 .text.xcpMemAllocFromPool
                0x0800dd20      0x170 xcp_mem_default.o
                0x0800dd20                xcpMemAllocFromPool
 .text.xcpMemReset
                0x0800de90       0x54 xcp_mem_default.o
                0x0800de90                xcpMemReset
 .text.xcpDrvOpen
                0x0800dee4       0x64 xcp_drv_rtiostream.o
                0x0800dee4                xcpDrvOpen
 .text.xcpDrvIoctl
                0x0800df48       0x4c xcp_drv_rtiostream.o
                0x0800df48                xcpDrvIoctl
 .text.xcpDrvSend
                0x0800df94      0x14c xcp_drv_rtiostream.o
                0x0800df94                xcpDrvSend
 .text.xcpDrvRecv
                0x0800e0e0      0x14c xcp_drv_rtiostream.o
                0x0800e0e0                xcpDrvRecv
 .text.xcpDrvClose
                0x0800e22c       0x5c xcp_drv_rtiostream.o
                0x0800e22c                xcpDrvClose
 .text.xcpSortArray
                0x0800e288       0xcc xcp_utils.o
                0x0800e288                xcpSortArray
 .text.xcpSxiHtons
                0x0800e354       0x18 xcp_frame_serial.o
 .text.xcpSxiNtohs
                0x0800e36c       0x1c xcp_frame_serial.o
 .text.xcpSxiChecksum
                0x0800e388       0x3e xcp_frame_serial.o
                0x0800e388                xcpSxiChecksum
 *fill*         0x0800e3c6        0x2 
 .text.xcpFrameInit
                0x0800e3c8       0x70 xcp_frame_serial.o
                0x0800e3c8                xcpFrameInit
 .text.xcpFrameMsgSend
                0x0800e438      0x184 xcp_frame_serial.o
                0x0800e438                xcpFrameMsgSend
 .text.xcpFrameMsgRecv
                0x0800e5bc      0x180 xcp_frame_serial.o
                0x0800e5bc                xcpFrameMsgRecv
 .text.xcpFrameCreateMsg
                0x0800e73c       0x94 xcp_frame_serial.o
                0x0800e73c                xcpFrameCreateMsg
 .text.xcpFrameExtractPacket
                0x0800e7d0      0x154 xcp_frame_serial.o
                0x0800e7d0                xcpFrameExtractPacket
 .text.xcpFrameHeaderSize
                0x0800e924       0x10 xcp_frame_serial.o
                0x0800e924                xcpFrameHeaderSize
 .text.xcpFrameTailSize
                0x0800e934       0x10 xcp_frame_serial.o
                0x0800e934                xcpFrameTailSize
 .text.xcpFrameMaxDtoSize
                0x0800e944       0x12 xcp_frame_serial.o
                0x0800e944                xcpFrameMaxDtoSize
 .text.xcpFrameMaxCtoSize
                0x0800e956       0x10 xcp_frame_serial.o
                0x0800e956                xcpFrameMaxCtoSize
 *fill*         0x0800e966        0x2 
 .text.xcpFrameRestart
                0x0800e968       0x30 xcp_frame_serial.o
                0x0800e968                xcpFrameRestart
 .text.xcpFrameSetCtoReservedMemPoolId
                0x0800e998       0x20 xcp_frame_serial.o
                0x0800e998                xcpFrameSetCtoReservedMemPoolId
 .text.xcpFrameReset
                0x0800e9b8       0x70 xcp_frame_serial.o
                0x0800e9b8                xcpFrameReset
 .text.xcpTransportGetInitParameters
                0x0800ea28       0x2e xcp_ext_param_default_serial.o
                0x0800ea28                xcpTransportGetInitParameters
 .text.xcpGetInitParameters
                0x0800ea56       0x2e xcp_ext_param_default_serial.o
                0x0800ea56                xcpGetInitParameters
 .text.HAL_Delay
                0x0800ea84       0x2e overrideHALDelay.o
                0x0800ea84                HAL_Delay
 *fill*         0x0800eab2        0x2 
 .text.getCurrentTimestampInMicros
                0x0800eab4       0x40 platform_timer.o
                0x0800eab4                getCurrentTimestampInMicros
 .text.returnTimeElapsed
                0x0800eaf4       0x2c platform_timer.o
                0x0800eaf4                returnTimeElapsed
 .text.timestampInit
                0x0800eb20       0x28 platform_timer.o
 .text.getCurrentTimestamp
                0x0800eb48       0x44 platform_timer.o
                0x0800eb48                getCurrentTimestamp
 .text.__NVIC_SetPriority
                0x0800eb8c       0x54 SysTickScheduler.o
 .text.SysTick_Config
                0x0800ebe0       0x44 SysTickScheduler.o
 .text.SysTick_Isr
                0x0800ec24       0x48 SysTickScheduler.o
 .text.SysTick_Handler
                0x0800ec6c       0x20 SysTickScheduler.o
                0x0800ec6c                SysTick_Handler
 .text.ARMCM_SysTick_Config
                0x0800ec8c       0xb8 SysTickScheduler.o
                0x0800ec8c                ARMCM_SysTick_Config
 .text.PendSV_Handler
                0x0800ed44       0x44 m3m4m4f_multitasking.o
                0x0800ed44                PendSV_Handler
 .text.SVC_Handler
                0x0800ed88       0x58 m3m4m4f_multitasking.o
                0x0800ed88                SVC_Handler
 .text.rtIOStreamOpen
                0x0800ede0       0x44 rtiostream_serial.o
                0x0800ede0                rtIOStreamOpen
 .text.rtIOStreamSend
                0x0800ee24       0x38 rtiostream_serial.o
                0x0800ee24                rtIOStreamSend
 .text.rtIOStreamRecv
                0x0800ee5c       0x48 rtiostream_serial.o
                0x0800ee5c                rtIOStreamRecv
 .text.rtIOStreamClose
                0x0800eea4       0x20 rtiostream_serial.o
                0x0800eea4                rtIOStreamClose
 .text.sys_arch_protect
                0x0800eec4       0x22 sys_arch.o
                0x0800eec4                sys_arch_protect
 .text.sys_arch_unprotect
                0x0800eee6       0x20 sys_arch.o
                0x0800eee6                sys_arch_unprotect
 *fill*         0x0800ef06        0x2 
 .text.__NVIC_GetPriorityGrouping
                0x0800ef08       0x1c main.o
 .text.__NVIC_EnableIRQ
                0x0800ef24       0x3c main.o
 .text.__NVIC_SetPriority
                0x0800ef60       0x54 main.o
 .text.NVIC_EncodePriority
                0x0800efb4       0x66 main.o
 .text.LL_ADC_REG_SetSequencerRanks
                0x0800f01a       0x58 main.o
 .text.LL_ADC_SetChannelSamplingTime
                0x0800f072       0x56 main.o
 .text.LL_ADC_SetChannelSingleDiff
                0x0800f0c8       0x48 main.o
 .text.LL_ADC_SetOverSamplingScope
                0x0800f110       0x2c main.o
 .text.LL_ADC_SetOverSamplingDiscont
                0x0800f13c       0x26 main.o
 *fill*         0x0800f162        0x2 
 .text.LL_ADC_ConfigOverSamplingRatioShift
                0x0800f164       0x34 main.o
 .text.LL_ADC_DisableDeepPowerDown
                0x0800f198       0x24 main.o
 .text.LL_ADC_EnableInternalRegulator
                0x0800f1bc       0x28 main.o
 .text.LL_DMA_SetDataTransferDirection
                0x0800f1e4       0x4c main.o
 .text.LL_DMA_SetMode
                0x0800f230       0x4c main.o
 .text.LL_DMA_SetPeriphIncMode
                0x0800f27c       0x4c main.o
 .text.LL_DMA_SetMemoryIncMode
                0x0800f2c8       0x4c main.o
 .text.LL_DMA_SetPeriphSize
                0x0800f314       0x4c main.o
 .text.LL_DMA_SetMemorySize
                0x0800f360       0x4c main.o
 .text.LL_DMA_SetStreamPriorityLevel
                0x0800f3ac       0x4c main.o
 .text.LL_DMA_SetPeriphRequest
                0x0800f3f8       0x60 main.o
 .text.LL_DMA_DisableFifoMode
                0x0800f458       0x44 main.o
 .text.LL_RCC_HSE_EnableBypass
                0x0800f49c       0x20 main.o
 .text.LL_RCC_HSE_Enable
                0x0800f4bc       0x20 main.o
 .text.LL_RCC_HSE_IsReady
                0x0800f4dc       0x28 main.o
 .text.LL_RCC_SetSysClkSource
                0x0800f504       0x28 main.o
 .text.LL_RCC_GetSysClkSource
                0x0800f52c       0x1c main.o
 .text.LL_RCC_SetSysPrescaler
                0x0800f548       0x28 main.o
 .text.LL_RCC_SetAHBPrescaler
                0x0800f570       0x28 main.o
 .text.LL_RCC_SetAPB1Prescaler
                0x0800f598       0x28 main.o
 .text.LL_RCC_SetAPB2Prescaler
                0x0800f5c0       0x28 main.o
 .text.LL_RCC_SetAPB3Prescaler
                0x0800f5e8       0x28 main.o
 .text.LL_RCC_SetAPB4Prescaler
                0x0800f610       0x28 main.o
 .text.LL_RCC_SetClockSource
                0x0800f638       0x54 main.o
 .text.LL_RCC_SetUSARTClockSource
                0x0800f68c       0x16 main.o
 .text.LL_RCC_SetSPIClockSource
                0x0800f6a2       0x16 main.o
 .text.LL_RCC_SetADCClockSource
                0x0800f6b8       0x28 main.o
 .text.LL_RCC_PLL_SetSource
                0x0800f6e0       0x28 main.o
 .text.LL_RCC_PLL1_Enable
                0x0800f708       0x20 main.o
 .text.LL_RCC_PLL1_IsReady
                0x0800f728       0x28 main.o
 .text.LL_RCC_PLL1P_Enable
                0x0800f750       0x20 main.o
 .text.LL_RCC_PLL1Q_Enable
                0x0800f770       0x20 main.o
 .text.LL_RCC_PLL1_SetVCOOutputRange
                0x0800f790       0x2c main.o
 .text.LL_RCC_PLL1_SetVCOInputRange
                0x0800f7bc       0x2c main.o
 .text.LL_RCC_PLL1_SetN
                0x0800f7e8       0x30 main.o
 .text.LL_RCC_PLL1_SetM
                0x0800f818       0x2c main.o
 .text.LL_RCC_PLL1_SetP
                0x0800f844       0x2c main.o
 .text.LL_RCC_PLL1_SetQ
                0x0800f870       0x2c main.o
 .text.LL_RCC_PLL1_SetR
                0x0800f89c       0x2c main.o
 .text.LL_RCC_PLL2_Enable
                0x0800f8c8       0x20 main.o
 .text.LL_RCC_PLL2_IsReady
                0x0800f8e8       0x28 main.o
 .text.LL_RCC_PLL2P_Enable
                0x0800f910       0x20 main.o
 .text.LL_RCC_PLL2_SetVCOOutputRange
                0x0800f930       0x2c main.o
 .text.LL_RCC_PLL2_SetVCOInputRange
                0x0800f95c       0x2c main.o
 .text.LL_RCC_PLL2_SetN
                0x0800f988       0x30 main.o
 .text.LL_RCC_PLL2_SetM
                0x0800f9b8       0x2c main.o
 .text.LL_RCC_PLL2_SetP
                0x0800f9e4       0x2c main.o
 .text.LL_RCC_PLL2_SetQ
                0x0800fa10       0x2c main.o
 .text.LL_RCC_PLL2_SetR
                0x0800fa3c       0x2c main.o
 .text.LL_AHB1_GRP1_EnableClock
                0x0800fa68       0x38 main.o
 .text.LL_AHB4_GRP1_EnableClock
                0x0800faa0       0x38 main.o
 .text.LL_APB1_GRP1_EnableClock
                0x0800fad8       0x38 main.o
 .text.LL_APB2_GRP1_EnableClock
                0x0800fb10       0x38 main.o
 .text.LL_SYSCFG_OpenAnalogSwitch
                0x0800fb48       0x24 main.o
 .text.LL_FLASH_SetLatency
                0x0800fb6c       0x28 main.o
 .text.LL_FLASH_GetLatency
                0x0800fb94       0x1c main.o
 .text.LL_PWR_ConfigSupply
                0x0800fbb0       0x28 main.o
 .text.LL_PWR_SetRegulVoltageScaling
                0x0800fbd8       0x28 main.o
 .text.LL_SPI_SetStandard
                0x0800fc00       0x26 main.o
 .text.LL_SPI_EnableNSSPulseMgt
                0x0800fc26       0x20 main.o
 .text.LL_TIM_DisableARRPreload
                0x0800fc46       0x20 main.o
 *fill*         0x0800fc66        0x2 
 .text.LL_TIM_OC_DisableFast
                0x0800fc68       0xa4 main.o
 .text.LL_TIM_OC_EnablePreload
                0x0800fd0c       0xa0 main.o
 .text.LL_TIM_IC_SetActiveInput
                0x0800fdac       0xb4 main.o
 .text.LL_TIM_IC_SetPrescaler
                0x0800fe60       0xb4 main.o
 .text.LL_TIM_IC_SetFilter
                0x0800ff14       0xb4 main.o
 .text.LL_TIM_IC_SetPolarity
                0x0800ffc8       0xa0 main.o
 .text.LL_TIM_SetClockSource
                0x08010068       0x2c main.o
 .text.LL_TIM_SetEncoderMode
                0x08010094       0x2c main.o
 .text.LL_TIM_SetTriggerOutput
                0x080100c0       0x26 main.o
 .text.LL_TIM_DisableMasterSlaveMode
                0x080100e6       0x20 main.o
 .text.LL_USART_Enable
                0x08010106       0x20 main.o
 .text.LL_USART_DisableFIFO
                0x08010126       0x20 main.o
 .text.LL_USART_SetTXFIFOThreshold
                0x08010146       0x4e main.o
 .text.LL_USART_SetRXFIFOThreshold
                0x08010194       0x4e main.o
 .text.LL_USART_ConfigAsyncMode
                0x080101e2       0x2c main.o
 .text.LL_USART_IsActiveFlag_TEACK
                0x0801020e       0x28 main.o
 .text.LL_USART_IsActiveFlag_REACK
                0x08010236       0x28 main.o
 .text.LL_GPIO_SetOutputPin
                0x0801025e       0x1c main.o
 .text.LL_GPIO_ResetOutputPin
                0x0801027a       0x1e main.o
 .text.SystemClock_Config
                0x08010298       0xdc main.o
                0x08010298                SystemClock_Config
 .text.PeriphCommonClock_Config
                0x08010374       0x48 main.o
                0x08010374                PeriphCommonClock_Config
 .text.MX_ADC1_Init
                0x080103bc      0x150 main.o
                0x080103bc                MX_ADC1_Init
 .text.MX_ADC3_Init
                0x0801050c      0x128 main.o
                0x0801050c                MX_ADC3_Init
 .text.MX_SPI3_Init
                0x08010634       0xe8 main.o
                0x08010634                MX_SPI3_Init
 .text.MX_TIM3_Init
                0x0801071c       0xf4 main.o
                0x0801071c                MX_TIM3_Init
 .text.MX_TIM13_Init
                0x08010810       0xc8 main.o
                0x08010810                MX_TIM13_Init
 .text.MX_TIM15_Init
                0x080108d8       0xf0 main.o
                0x080108d8                MX_TIM15_Init
 .text.MX_TIM17_Init
                0x080109c8       0xbc main.o
                0x080109c8                MX_TIM17_Init
 .text.MX_USART2_UART_Init
                0x08010a84       0xdc main.o
                0x08010a84                MX_USART2_UART_Init
 .text.MX_USART3_UART_Init
                0x08010b60      0x13c main.o
                0x08010b60                MX_USART3_UART_Init
 .text.MX_DMA_Init
                0x08010c9c       0x2e main.o
                0x08010c9c                MX_DMA_Init
 *fill*         0x08010cca        0x2 
 .text.MX_GPIO_Init
                0x08010ccc      0x21c main.o
                0x08010ccc                MX_GPIO_Init
 .text.HAL_TIM_PeriodElapsedCallback
                0x08010ee8       0x24 main.o
                0x08010ee8                HAL_TIM_PeriodElapsedCallback
 .text.Error_Handler
                0x08010f0c        0xa main.o
                0x08010f0c                Error_Handler
 .text.NMI_Handler
                0x08010f16        0x6 stm32h7xx_it.o
                0x08010f16                NMI_Handler
 .text.HardFault_Handler
                0x08010f1c        0x6 stm32h7xx_it.o
                0x08010f1c                HardFault_Handler
 .text.MemManage_Handler
                0x08010f22        0x6 stm32h7xx_it.o
                0x08010f22                MemManage_Handler
 .text.BusFault_Handler
                0x08010f28        0x6 stm32h7xx_it.o
                0x08010f28                BusFault_Handler
 .text.UsageFault_Handler
                0x08010f2e        0x6 stm32h7xx_it.o
                0x08010f2e                UsageFault_Handler
 .text.DebugMon_Handler
                0x08010f34        0xe stm32h7xx_it.o
                0x08010f34                DebugMon_Handler
 *fill*         0x08010f42        0x2 
 .text.TIM5_IRQHandler
                0x08010f44       0x14 stm32h7xx_it.o
                0x08010f44                TIM5_IRQHandler
 .text.HAL_MspInit
                0x08010f58       0x34 stm32h7xx_hal_msp.o
                0x08010f58                HAL_MspInit
 .text.HAL_InitTick
                0x08010f8c       0xd8 stm32h7xx_hal_timebase_tim.o
                0x08010f8c                HAL_InitTick
 .text.LL_GPIO_SetPinMode
                0x08011064       0x40 stm32h7xx_ll_gpio.o
 .text.LL_GPIO_SetPinOutputType
                0x080110a4       0x30 stm32h7xx_ll_gpio.o
 .text.LL_GPIO_SetPinSpeed
                0x080110d4       0x40 stm32h7xx_ll_gpio.o
 .text.LL_GPIO_SetPinPull
                0x08011114       0x40 stm32h7xx_ll_gpio.o
 .text.LL_GPIO_SetAFPin_0_7
                0x08011154       0x58 stm32h7xx_ll_gpio.o
 .text.LL_GPIO_SetAFPin_8_15
                0x080111ac       0x6c stm32h7xx_ll_gpio.o
 .text.LL_GPIO_Init
                0x08011218       0xdc stm32h7xx_ll_gpio.o
                0x08011218                LL_GPIO_Init
 .text.LL_ADC_REG_SetSequencerLength
                0x080112f4       0x26 stm32h7xx_ll_adc.o
 .text.LL_ADC_IsEnabled
                0x0801131a       0x26 stm32h7xx_ll_adc.o
 .text.LL_ADC_CommonInit
                0x08011340       0xb0 stm32h7xx_ll_adc.o
                0x08011340                LL_ADC_CommonInit
 .text.LL_ADC_Init
                0x080113f0       0x58 stm32h7xx_ll_adc.o
                0x080113f0                LL_ADC_Init
 .text.LL_ADC_REG_Init
                0x08011448       0x94 stm32h7xx_ll_adc.o
                0x08011448                LL_ADC_REG_Init
 .text.LL_RCC_HSE_IsReady
                0x080114dc       0x28 stm32h7xx_ll_rcc.o
 .text.LL_RCC_HSI_IsReady
                0x08011504       0x24 stm32h7xx_ll_rcc.o
 .text.LL_RCC_HSI_GetDivider
                0x08011528       0x1c stm32h7xx_ll_rcc.o
 .text.LL_RCC_CSI_IsReady
                0x08011544       0x28 stm32h7xx_ll_rcc.o
 .text.LL_RCC_LSE_IsReady
                0x0801156c       0x24 stm32h7xx_ll_rcc.o
 .text.LL_RCC_GetSysClkSource
                0x08011590       0x1c stm32h7xx_ll_rcc.o
 .text.LL_RCC_GetSysPrescaler
                0x080115ac       0x1c stm32h7xx_ll_rcc.o
 .text.LL_RCC_GetAHBPrescaler
                0x080115c8       0x1c stm32h7xx_ll_rcc.o
 .text.LL_RCC_GetAPB1Prescaler
                0x080115e4       0x1c stm32h7xx_ll_rcc.o
 .text.LL_RCC_GetAPB2Prescaler
                0x08011600       0x1c stm32h7xx_ll_rcc.o
 .text.LL_RCC_GetClockSource
                0x0801161c       0x4c stm32h7xx_ll_rcc.o
 .text.LL_RCC_GetUSARTClockSource
                0x08011668       0x18 stm32h7xx_ll_rcc.o
 .text.LL_RCC_PLL_GetSource
                0x08011680       0x1c stm32h7xx_ll_rcc.o
 .text.LL_RCC_PLL1P_IsEnabled
                0x0801169c       0x28 stm32h7xx_ll_rcc.o
 .text.LL_RCC_PLL1Q_IsEnabled
                0x080116c4       0x28 stm32h7xx_ll_rcc.o
 .text.LL_RCC_PLL1R_IsEnabled
                0x080116ec       0x28 stm32h7xx_ll_rcc.o
 .text.LL_RCC_PLL1FRACN_IsEnabled
                0x08011714       0x24 stm32h7xx_ll_rcc.o
 .text.LL_RCC_PLL1_GetN
                0x08011738       0x1c stm32h7xx_ll_rcc.o
 .text.LL_RCC_PLL1_GetM
                0x08011754       0x1c stm32h7xx_ll_rcc.o
 .text.LL_RCC_PLL1_GetP
                0x08011770       0x20 stm32h7xx_ll_rcc.o
 .text.LL_RCC_PLL1_GetQ
                0x08011790       0x20 stm32h7xx_ll_rcc.o
 .text.LL_RCC_PLL1_GetR
                0x080117b0       0x20 stm32h7xx_ll_rcc.o
 .text.LL_RCC_PLL1_GetFRACN
                0x080117d0       0x1c stm32h7xx_ll_rcc.o
 .text.LL_RCC_PLL2_IsReady
                0x080117ec       0x28 stm32h7xx_ll_rcc.o
 .text.LL_RCC_PLL2P_IsEnabled
                0x08011814       0x28 stm32h7xx_ll_rcc.o
 .text.LL_RCC_PLL2Q_IsEnabled
                0x0801183c       0x28 stm32h7xx_ll_rcc.o
 .text.LL_RCC_PLL2R_IsEnabled
                0x08011864       0x28 stm32h7xx_ll_rcc.o
 .text.LL_RCC_PLL2FRACN_IsEnabled
                0x0801188c       0x24 stm32h7xx_ll_rcc.o
 .text.LL_RCC_PLL2_GetN
                0x080118b0       0x1c stm32h7xx_ll_rcc.o
 .text.LL_RCC_PLL2_GetM
                0x080118cc       0x1c stm32h7xx_ll_rcc.o
 .text.LL_RCC_PLL2_GetP
                0x080118e8       0x20 stm32h7xx_ll_rcc.o
 .text.LL_RCC_PLL2_GetQ
                0x08011908       0x20 stm32h7xx_ll_rcc.o
 .text.LL_RCC_PLL2_GetR
                0x08011928       0x20 stm32h7xx_ll_rcc.o
 .text.LL_RCC_PLL2_GetFRACN
                0x08011948       0x1c stm32h7xx_ll_rcc.o
 .text.LL_RCC_PLL3_IsReady
                0x08011964       0x28 stm32h7xx_ll_rcc.o
 .text.LL_RCC_PLL3P_IsEnabled
                0x0801198c       0x28 stm32h7xx_ll_rcc.o
 .text.LL_RCC_PLL3Q_IsEnabled
                0x080119b4       0x28 stm32h7xx_ll_rcc.o
 .text.LL_RCC_PLL3R_IsEnabled
                0x080119dc       0x28 stm32h7xx_ll_rcc.o
 .text.LL_RCC_PLL3FRACN_IsEnabled
                0x08011a04       0x28 stm32h7xx_ll_rcc.o
 .text.LL_RCC_PLL3_GetN
                0x08011a2c       0x1c stm32h7xx_ll_rcc.o
 .text.LL_RCC_PLL3_GetM
                0x08011a48       0x1c stm32h7xx_ll_rcc.o
 .text.LL_RCC_PLL3_GetP
                0x08011a64       0x20 stm32h7xx_ll_rcc.o
 .text.LL_RCC_PLL3_GetQ
                0x08011a84       0x20 stm32h7xx_ll_rcc.o
 .text.LL_RCC_PLL3_GetR
                0x08011aa4       0x20 stm32h7xx_ll_rcc.o
 .text.LL_RCC_PLL3_GetFRACN
                0x08011ac4       0x1c stm32h7xx_ll_rcc.o
 .text.LL_RCC_GetPLL1ClockFreq
                0x08011ae0      0x130 stm32h7xx_ll_rcc.o
                0x08011ae0                LL_RCC_GetPLL1ClockFreq
 .text.LL_RCC_GetPLL2ClockFreq
                0x08011c10      0x130 stm32h7xx_ll_rcc.o
                0x08011c10                LL_RCC_GetPLL2ClockFreq
 .text.LL_RCC_GetPLL3ClockFreq
                0x08011d40      0x134 stm32h7xx_ll_rcc.o
                0x08011d40                LL_RCC_GetPLL3ClockFreq
 .text.LL_RCC_CalcPLLClockFreq
                0x08011e74       0x80 stm32h7xx_ll_rcc.o
                0x08011e74                LL_RCC_CalcPLLClockFreq
 .text.LL_RCC_GetUSARTClockFreq
                0x08011ef4      0x1dc stm32h7xx_ll_rcc.o
                0x08011ef4                LL_RCC_GetUSARTClockFreq
 .text.RCC_GetSystemClockFreq
                0x080120d0       0xc4 stm32h7xx_ll_rcc.o
 .text.RCC_GetHCLKClockFreq
                0x08012194       0x2c stm32h7xx_ll_rcc.o
 .text.RCC_GetPCLK1ClockFreq
                0x080121c0       0x30 stm32h7xx_ll_rcc.o
 .text.RCC_GetPCLK2ClockFreq
                0x080121f0       0x30 stm32h7xx_ll_rcc.o
 .text.LL_SetSystemCoreClock
                0x08012220       0x20 stm32h7xx_ll_utils.o
                0x08012220                LL_SetSystemCoreClock
 .text.HAL_RCC_GetSysClockFreq
                0x08012240      0x2f4 stm32h7xx_hal_rcc.o
                0x08012240                HAL_RCC_GetSysClockFreq
 .text.HAL_RCC_GetHCLKFreq
                0x08012534       0x60 stm32h7xx_hal_rcc.o
                0x08012534                HAL_RCC_GetHCLKFreq
 .text.HAL_RCC_GetPCLK1Freq
                0x08012594       0x2c stm32h7xx_hal_rcc.o
                0x08012594                HAL_RCC_GetPCLK1Freq
 .text.HAL_RCC_GetClockConfig
                0x080125c0       0x84 stm32h7xx_hal_rcc.o
                0x080125c0                HAL_RCC_GetClockConfig
 .text.__NVIC_SetPriorityGrouping
                0x08012644       0x48 stm32h7xx_hal_cortex.o
 .text.__NVIC_GetPriorityGrouping
                0x0801268c       0x1c stm32h7xx_hal_cortex.o
 .text.__NVIC_EnableIRQ
                0x080126a8       0x3c stm32h7xx_hal_cortex.o
 .text.__NVIC_SetPriority
                0x080126e4       0x54 stm32h7xx_hal_cortex.o
 .text.NVIC_EncodePriority
                0x08012738       0x66 stm32h7xx_hal_cortex.o
 .text.HAL_NVIC_SetPriorityGrouping
                0x0801279e       0x16 stm32h7xx_hal_cortex.o
                0x0801279e                HAL_NVIC_SetPriorityGrouping
 .text.HAL_NVIC_SetPriority
                0x080127b4       0x34 stm32h7xx_hal_cortex.o
                0x080127b4                HAL_NVIC_SetPriority
 .text.HAL_NVIC_EnableIRQ
                0x080127e8       0x1c stm32h7xx_hal_cortex.o
                0x080127e8                HAL_NVIC_EnableIRQ
 .text.HAL_Init
                0x08012804       0x78 stm32h7xx_hal.o
                0x08012804                HAL_Init
 .text.HAL_IncTick
                0x0801287c       0x28 stm32h7xx_hal.o
                0x0801287c                HAL_IncTick
 .text.HAL_GetTick
                0x080128a4       0x18 stm32h7xx_hal.o
                0x080128a4                HAL_GetTick
 .text.LL_SPI_IsEnabled
                0x080128bc       0x26 stm32h7xx_ll_spi.o
 .text.LL_SPI_SetInternalSSLevel
                0x080128e2       0x26 stm32h7xx_ll_spi.o
 .text.LL_SPI_GetNSSPolarity
                0x08012908       0x1c stm32h7xx_ll_spi.o
 .text.LL_SPI_SetCRCPolynomial
                0x08012924       0x1c stm32h7xx_ll_spi.o
 .text.LL_SPI_Init
                0x08012940      0x100 stm32h7xx_ll_spi.o
                0x08012940                LL_SPI_Init
 .text.HAL_TIM_Base_Init
                0x08012a40       0xae stm32h7xx_hal_tim.o
                0x08012a40                HAL_TIM_Base_Init
 .text.HAL_TIM_Base_MspInit
                0x08012aee       0x14 stm32h7xx_hal_tim.o
                0x08012aee                HAL_TIM_Base_MspInit
 *fill*         0x08012b02        0x2 
 .text.HAL_TIM_Base_Start_IT
                0x08012b04       0xf0 stm32h7xx_hal_tim.o
                0x08012b04                HAL_TIM_Base_Start_IT
 .text.HAL_TIM_IRQHandler
                0x08012bf4      0x23e stm32h7xx_hal_tim.o
                0x08012bf4                HAL_TIM_IRQHandler
 .text.HAL_TIM_OC_DelayElapsedCallback
                0x08012e32       0x14 stm32h7xx_hal_tim.o
                0x08012e32                HAL_TIM_OC_DelayElapsedCallback
 .text.HAL_TIM_IC_CaptureCallback
                0x08012e46       0x14 stm32h7xx_hal_tim.o
                0x08012e46                HAL_TIM_IC_CaptureCallback
 .text.HAL_TIM_PWM_PulseFinishedCallback
                0x08012e5a       0x14 stm32h7xx_hal_tim.o
                0x08012e5a                HAL_TIM_PWM_PulseFinishedCallback
 .text.HAL_TIM_TriggerCallback
                0x08012e6e       0x14 stm32h7xx_hal_tim.o
                0x08012e6e                HAL_TIM_TriggerCallback
 *fill*         0x08012e82        0x2 
 .text.TIM_Base_SetConfig
                0x08012e84      0x134 stm32h7xx_hal_tim.o
                0x08012e84                TIM_Base_SetConfig
 .text.HAL_TIMEx_CommutCallback
                0x08012fb8       0x14 stm32h7xx_hal_tim_ex.o
                0x08012fb8                HAL_TIMEx_CommutCallback
 .text.HAL_TIMEx_BreakCallback
                0x08012fcc       0x14 stm32h7xx_hal_tim_ex.o
                0x08012fcc                HAL_TIMEx_BreakCallback
 .text.HAL_TIMEx_Break2Callback
                0x08012fe0       0x14 stm32h7xx_hal_tim_ex.o
                0x08012fe0                HAL_TIMEx_Break2Callback
 .text.LL_TIM_SetPrescaler
                0x08012ff4       0x1c stm32h7xx_ll_tim.o
 .text.LL_TIM_SetAutoReload
                0x08013010       0x1c stm32h7xx_ll_tim.o
 .text.LL_TIM_SetRepetitionCounter
                0x0801302c       0x1c stm32h7xx_ll_tim.o
 .text.LL_TIM_OC_SetCompareCH1
                0x08013048       0x1c stm32h7xx_ll_tim.o
 .text.LL_TIM_OC_SetCompareCH2
                0x08013064       0x1c stm32h7xx_ll_tim.o
 .text.LL_TIM_OC_SetCompareCH3
                0x08013080       0x1c stm32h7xx_ll_tim.o
 .text.LL_TIM_OC_SetCompareCH4
                0x0801309c       0x1c stm32h7xx_ll_tim.o
 .text.LL_TIM_OC_SetCompareCH5
                0x080130b8       0x20 stm32h7xx_ll_tim.o
 .text.LL_TIM_OC_SetCompareCH6
                0x080130d8       0x1c stm32h7xx_ll_tim.o
 .text.LL_TIM_GenerateEvent_UPDATE
                0x080130f4       0x20 stm32h7xx_ll_tim.o
 .text.LL_TIM_Init
                0x08013114      0x128 stm32h7xx_ll_tim.o
                0x08013114                LL_TIM_Init
 .text.LL_TIM_OC_Init
                0x0801323c       0xbe stm32h7xx_ll_tim.o
                0x0801323c                LL_TIM_OC_Init
 *fill*         0x080132fa        0x2 
 .text.OC1Config
                0x080132fc      0x100 stm32h7xx_ll_tim.o
 .text.OC2Config
                0x080133fc      0x108 stm32h7xx_ll_tim.o
 .text.OC3Config
                0x08013504      0x108 stm32h7xx_ll_tim.o
 .text.OC4Config
                0x0801360c       0xd8 stm32h7xx_ll_tim.o
 .text.OC5Config
                0x080136e4       0xc8 stm32h7xx_ll_tim.o
 .text.OC6Config
                0x080137ac       0xc8 stm32h7xx_ll_tim.o
 .text.LL_USART_IsEnabled
                0x08013874       0x26 stm32h7xx_ll_usart.o
 .text.LL_USART_SetPrescaler
                0x0801389a       0x28 stm32h7xx_ll_usart.o
 .text.LL_USART_SetStopBitsLength
                0x080138c2       0x26 stm32h7xx_ll_usart.o
 .text.LL_USART_SetHWFlowCtrl
                0x080138e8       0x26 stm32h7xx_ll_usart.o
 *fill*         0x0801390e        0x2 
 .text.LL_USART_SetBaudRate
                0x08013910       0xa0 stm32h7xx_ll_usart.o
 .text.LL_USART_Init
                0x080139b0      0x154 stm32h7xx_ll_usart.o
                0x080139b0                LL_USART_Init
 .text.SystemInit
                0x08013b04      0x110 system_stm32h7xx.o
                0x08013b04                SystemInit
 .text.Reset_Handler
                0x08013c14       0x50 startup_stm32h743zitx.o
                0x08013c14                Reset_Handler
 .text.Default_Handler
                0x08013c64        0x2 startup_stm32h743zitx.o
                0x08013c64                RTC_Alarm_IRQHandler
                0x08013c64                EXTI2_IRQHandler
                0x08013c64                TIM8_CC_IRQHandler
                0x08013c64                HRTIM1_Master_IRQHandler
                0x08013c64                UART8_IRQHandler
                0x08013c64                SPI4_IRQHandler
                0x08013c64                TIM1_CC_IRQHandler
                0x08013c64                BDMA_Channel6_IRQHandler
                0x08013c64                DMA2_Stream5_IRQHandler
                0x08013c64                HRTIM1_FLT_IRQHandler
                0x08013c64                JPEG_IRQHandler
                0x08013c64                DMA1_Stream5_IRQHandler
                0x08013c64                BDMA_Channel1_IRQHandler
                0x08013c64                HRTIM1_TIMD_IRQHandler
                0x08013c64                TAMP_STAMP_IRQHandler
                0x08013c64                EXTI3_IRQHandler
                0x08013c64                LPTIM4_IRQHandler
                0x08013c64                TIM8_TRG_COM_TIM14_IRQHandler
                0x08013c64                LPTIM2_IRQHandler
                0x08013c64                DFSDM1_FLT1_IRQHandler
                0x08013c64                DMAMUX2_OVR_IRQHandler
                0x08013c64                TIM8_UP_TIM13_IRQHandler
                0x08013c64                I2C3_ER_IRQHandler
                0x08013c64                DFSDM1_FLT2_IRQHandler
                0x08013c64                MDMA_IRQHandler
                0x08013c64                LPTIM3_IRQHandler
                0x08013c64                HSEM1_IRQHandler
                0x08013c64                EXTI0_IRQHandler
                0x08013c64                I2C2_EV_IRQHandler
                0x08013c64                DMA1_Stream2_IRQHandler
                0x08013c64                FPU_IRQHandler
                0x08013c64                OTG_HS_WKUP_IRQHandler
                0x08013c64                FDCAN1_IT1_IRQHandler
                0x08013c64                LTDC_ER_IRQHandler
                0x08013c64                DMA2_Stream2_IRQHandler
                0x08013c64                HRTIM1_TIME_IRQHandler
                0x08013c64                SPI1_IRQHandler
                0x08013c64                TIM6_DAC_IRQHandler
                0x08013c64                DCMI_IRQHandler
                0x08013c64                HRTIM1_TIMC_IRQHandler
                0x08013c64                DMA2_Stream3_IRQHandler
                0x08013c64                SAI2_IRQHandler
                0x08013c64                DFSDM1_FLT3_IRQHandler
                0x08013c64                USART6_IRQHandler
                0x08013c64                TIM17_IRQHandler
                0x08013c64                BDMA_Channel7_IRQHandler
                0x08013c64                LPTIM5_IRQHandler
                0x08013c64                UART5_IRQHandler
                0x08013c64                TIM4_IRQHandler
                0x08013c64                BDMA_Channel2_IRQHandler
                0x08013c64                QUADSPI_IRQHandler
                0x08013c64                I2C1_EV_IRQHandler
                0x08013c64                DMA1_Stream6_IRQHandler
                0x08013c64                DMAMUX1_OVR_IRQHandler
                0x08013c64                DMA1_Stream1_IRQHandler
                0x08013c64                TIM16_IRQHandler
                0x08013c64                UART4_IRQHandler
                0x08013c64                BDMA_Channel5_IRQHandler
                0x08013c64                TIM3_IRQHandler
                0x08013c64                RCC_IRQHandler
                0x08013c64                TIM8_BRK_TIM12_IRQHandler
                0x08013c64                TIM1_TRG_COM_IRQHandler
                0x08013c64                Default_Handler
                0x08013c64                ECC_IRQHandler
                0x08013c64                CEC_IRQHandler
                0x08013c64                EXTI15_10_IRQHandler
                0x08013c64                BDMA_Channel0_IRQHandler
                0x08013c64                DMA1_Stream7_IRQHandler
                0x08013c64                HRTIM1_TIMA_IRQHandler
                0x08013c64                SPI5_IRQHandler
                0x08013c64                TIM7_IRQHandler
                0x08013c64                SDMMC1_IRQHandler
                0x08013c64                DMA2_Stream7_IRQHandler
                0x08013c64                PVD_AVD_IRQHandler
                0x08013c64                I2C3_EV_IRQHandler
                0x08013c64                EXTI9_5_IRQHandler
                0x08013c64                RTC_WKUP_IRQHandler
                0x08013c64                LTDC_IRQHandler
                0x08013c64                SAI3_IRQHandler
                0x08013c64                ETH_WKUP_IRQHandler
                0x08013c64                SPDIF_RX_IRQHandler
                0x08013c64                SPI2_IRQHandler
                0x08013c64                OTG_HS_EP1_IN_IRQHandler
                0x08013c64                DMA1_Stream0_IRQHandler
                0x08013c64                CRS_IRQHandler
                0x08013c64                EXTI4_IRQHandler
                0x08013c64                RNG_IRQHandler
                0x08013c64                HRTIM1_TIMB_IRQHandler
                0x08013c64                FDCAN2_IT1_IRQHandler
                0x08013c64                ETH_IRQHandler
                0x08013c64                TIM1_UP_IRQHandler
                0x08013c64                BDMA_Channel4_IRQHandler
                0x08013c64                OTG_HS_EP1_OUT_IRQHandler
                0x08013c64                WWDG_IRQHandler
                0x08013c64                SPI6_IRQHandler
                0x08013c64                MDIOS_IRQHandler
                0x08013c64                I2C4_EV_IRQHandler
                0x08013c64                FDCAN2_IT0_IRQHandler
                0x08013c64                LPUART1_IRQHandler
                0x08013c64                FDCAN1_IT0_IRQHandler
                0x08013c64                TIM2_IRQHandler
                0x08013c64                OTG_FS_WKUP_IRQHandler
                0x08013c64                OTG_HS_IRQHandler
                0x08013c64                DMA2D_IRQHandler
                0x08013c64                TIM1_BRK_IRQHandler
                0x08013c64                EXTI1_IRQHandler
                0x08013c64                SDMMC2_IRQHandler
                0x08013c64                OTG_FS_EP1_OUT_IRQHandler
                0x08013c64                BDMA_Channel3_IRQHandler
                0x08013c64                UART7_IRQHandler
                0x08013c64                MDIOS_WKUP_IRQHandler
                0x08013c64                DFSDM1_FLT0_IRQHandler
                0x08013c64                SAI4_IRQHandler
                0x08013c64                I2C2_ER_IRQHandler
                0x08013c64                DMA2_Stream1_IRQHandler
                0x08013c64                FLASH_IRQHandler
                0x08013c64                DMA2_Stream4_IRQHandler
                0x08013c64                USART1_IRQHandler
                0x08013c64                OTG_FS_IRQHandler
                0x08013c64                SPI3_IRQHandler
                0x08013c64                WAKEUP_PIN_IRQHandler
                0x08013c64                DMA1_Stream4_IRQHandler
                0x08013c64                OTG_FS_EP1_IN_IRQHandler
                0x08013c64                I2C1_ER_IRQHandler
                0x08013c64                FMC_IRQHandler
                0x08013c64                FDCAN_CAL_IRQHandler
                0x08013c64                SWPMI1_IRQHandler
                0x08013c64                COMP1_IRQHandler
                0x08013c64                LPTIM1_IRQHandler
                0x08013c64                I2C4_ER_IRQHandler
                0x08013c64                DMA2_Stream6_IRQHandler
                0x08013c64                SAI1_IRQHandler
                0x08013c64                DMA1_Stream3_IRQHandler
 .text.taskTimeStart
                0x08013c66       0x16 code_profiling_utility_functions.o
 .text.taskTimeEnd
                0x08013c7c       0x16 code_profiling_utility_functions.o
 *fill*         0x08013c92        0x2 
 .text.captureModeStart
                0x08013c94       0x60 code_profiling_utility_functions.o
                0x08013c94                captureModeStart
 .text.captureModeEnd
                0x08013cf4       0xdc code_profiling_utility_functions.o
                0x08013cf4                captureModeEnd
 .text.profileStart
                0x08013dd0       0x16 code_profiling_utility_functions.o
 .text.profileEnd
                0x08013de6       0x16 code_profiling_utility_functions.o
 .text.taskTimeStart_main_STM32_H743_HIL
                0x08013dfc       0x16 code_profiling_utility_functions.o
                0x08013dfc                taskTimeStart_main_STM32_H743_HIL
 .text.taskTimeEnd_main_STM32_H743_HIL
                0x08013e12       0x16 code_profiling_utility_functions.o
                0x08013e12                taskTimeEnd_main_STM32_H743_HIL
 .text.profileStart_ECU_RCP
                0x08013e28       0x1a code_profiling_utility_functions.o
                0x08013e28                profileStart_ECU_RCP
 .text.profileEnd_ECU_RCP
                0x08013e42       0x1a code_profiling_utility_functions.o
                0x08013e42                profileEnd_ECU_RCP
 .text.profileStart_m_0d34002402f40824
                0x08013e5c       0x1a code_profiling_utility_functions.o
                0x08013e5c                profileStart_m_0d34002402f40824
 .text.profileEnd_main_STM32_H743_HIL
                0x08013e76       0x1a code_profiling_utility_functions.o
                0x08013e76                profileEnd_main_STM32_H743_HIL
 .text.extmodeInitProfiling
                0x08013e90       0x30 ext_mode_profiling.o
                0x08013e90                extmodeInitProfiling
 .text.getMaxElementInProfilingBuffer
                0x08013ec0       0x24 ext_mode_profiling.o
                0x08013ec0                getMaxElementInProfilingBuffer
 .text.getAvgElementInProfilingBuffer
                0x08013ee4       0x24 ext_mode_profiling.o
                0x08013ee4                getAvgElementInProfilingBuffer
 .text.getCallsElementInProfilingBuffer
                0x08013f08       0x24 ext_mode_profiling.o
                0x08013f08                getCallsElementInProfilingBuffer
 .text.writeIDsInProfilingBuffer
                0x08013f2c       0x44 ext_mode_profiling.o
                0x08013f2c                writeIDsInProfilingBuffer
 .text.ECU_RC_MedianFilterCG_resetImpl
                0x08013f70      0x1ac ../../slprj/ert/ECU_RCP/instrumented/ECU_RCP_rtwlib.lib(ECU_RCP.o)
 .text.E_MedianFilterCG_trickleDownMax
                0x0801411c      0x266 ../../slprj/ert/ECU_RCP/instrumented/ECU_RCP_rtwlib.lib(ECU_RCP.o)
 .text.E_MedianFilterCG_trickleDownMin
                0x08014382      0x25e ../../slprj/ert/ECU_RCP/instrumented/ECU_RCP_rtwlib.lib(ECU_RCP.o)
 .text.ECU_RCP_rt_powd_snf
                0x080145e0      0x1f0 ../../slprj/ert/ECU_RCP/instrumented/ECU_RCP_rtwlib.lib(ECU_RCP.o)
 .text.ECU_RCP_gear_calc
                0x080147d0      0x194 ../../slprj/ert/ECU_RCP/instrumented/ECU_RCP_rtwlib.lib(ECU_RCP.o)
 .text.enter_internal_velocity_control
                0x08014964      0x152 ../../slprj/ert/ECU_RCP/instrumented/ECU_RCP_rtwlib.lib(ECU_RCP.o)
 *fill*         0x08014ab6        0x2 
 .text.ECU_RCP_Init
                0x08014ab8      0x1b8 ../../slprj/ert/ECU_RCP/instrumented/ECU_RCP_rtwlib.lib(ECU_RCP.o)
                0x08014ab8                ECU_RCP_Init
 .text.ECU_RCPTID0
                0x08014c70     0x1508 ../../slprj/ert/ECU_RCP/instrumented/ECU_RCP_rtwlib.lib(ECU_RCP.o)
                0x08014c70                ECU_RCPTID0
 .text.ECU_RCPTID1
                0x08016178      0x280 ../../slprj/ert/ECU_RCP/instrumented/ECU_RCP_rtwlib.lib(ECU_RCP.o)
                0x08016178                ECU_RCPTID1
 .text.ECU_RCPTID2
                0x080163f8      0x740 ../../slprj/ert/ECU_RCP/instrumented/ECU_RCP_rtwlib.lib(ECU_RCP.o)
                0x080163f8                ECU_RCPTID2
 .text.ECU_RCPTID3
                0x08016b38      0x8fc ../../slprj/ert/ECU_RCP/instrumented/ECU_RCP_rtwlib.lib(ECU_RCP.o)
                0x08016b38                ECU_RCPTID3
 .text.ECU_RCP_Term
                0x08017434       0x48 ../../slprj/ert/ECU_RCP/instrumented/ECU_RCP_rtwlib.lib(ECU_RCP.o)
                0x08017434                ECU_RCP_Term
 .text.ECU_RCP_initialize
                0x0801747c       0x40 ../../slprj/ert/ECU_RCP/instrumented/ECU_RCP_rtwlib.lib(ECU_RCP.o)
                0x0801747c                ECU_RCP_initialize
 .text.rt_InitInfAndNaN
                0x080174bc       0x7c D:/git/e21_vehicle_control/MatlabSimulink/slprj/ert/_sharedutils/rtwshared.lib(rt_nonfinite.o)
                0x080174bc                rt_InitInfAndNaN
 .text.rtIsInf  0x08017538       0x4c D:/git/e21_vehicle_control/MatlabSimulink/slprj/ert/_sharedutils/rtwshared.lib(rt_nonfinite.o)
                0x08017538                rtIsInf
 .text.rtIsInfF
                0x08017584       0x4c D:/git/e21_vehicle_control/MatlabSimulink/slprj/ert/_sharedutils/rtwshared.lib(rt_nonfinite.o)
                0x08017584                rtIsInfF
 .text.rtIsNaN  0x080175d0       0x68 D:/git/e21_vehicle_control/MatlabSimulink/slprj/ert/_sharedutils/rtwshared.lib(rt_nonfinite.o)
                0x080175d0                rtIsNaN
 .text.rtIsNaNF
                0x08017638       0x38 D:/git/e21_vehicle_control/MatlabSimulink/slprj/ert/_sharedutils/rtwshared.lib(rt_nonfinite.o)
                0x08017638                rtIsNaNF
 .text.rt_roundd_snf
                0x08017670       0xb8 D:/git/e21_vehicle_control/MatlabSimulink/slprj/ert/_sharedutils/rtwshared.lib(rt_roundd_snf.o)
                0x08017670                rt_roundd_snf
 .text.rtGetInf
                0x08017728       0x54 D:/git/e21_vehicle_control/MatlabSimulink/slprj/ert/_sharedutils/rtwshared.lib(rtGetInf.o)
                0x08017728                rtGetInf
 .text.rtGetInfF
                0x0801777c       0x20 D:/git/e21_vehicle_control/MatlabSimulink/slprj/ert/_sharedutils/rtwshared.lib(rtGetInf.o)
                0x0801777c                rtGetInfF
 .text.rtGetMinusInf
                0x0801779c       0x54 D:/git/e21_vehicle_control/MatlabSimulink/slprj/ert/_sharedutils/rtwshared.lib(rtGetInf.o)
                0x0801779c                rtGetMinusInf
 .text.rtGetMinusInfF
                0x080177f0       0x24 D:/git/e21_vehicle_control/MatlabSimulink/slprj/ert/_sharedutils/rtwshared.lib(rtGetInf.o)
                0x080177f0                rtGetMinusInfF
 .text.rtGetNaN
                0x08017814       0x54 D:/git/e21_vehicle_control/MatlabSimulink/slprj/ert/_sharedutils/rtwshared.lib(rtGetNaN.o)
                0x08017814                rtGetNaN
 .text.rtGetNaNF