Archive member included to satisfy reference by file (symbol)

../../slprj/ert/ECU_RCP/instrumented/ECU_RCP_rtwlib.lib(ECU_RCP.o)
                              main_STM32_H743_HIL.o (ECU_RCP_Init)
../../slprj/ert/ECU_RCP/instrumented/ECU_RCP_rtwlib.lib(profile_generator_refac.o)
                              ../../slprj/ert/ECU_RCP/instrumented/ECU_RCP_rtwlib.lib(ECU_RCP.o) (profile_generator_refac)
D:/git/e21_vehicle_control/MatlabSimulink/slprj/ert/_sharedutils/rtwshared.lib(rt_nonfinite.o)
                              main_STM32_H743_HIL.o (rtNaNF)
D:/git/e21_vehicle_control/MatlabSimulink/slprj/ert/_sharedutils/rtwshared.lib(rt_roundd_snf.o)
                              main_STM32_H743_HIL.o (rt_roundd_snf)
D:/git/e21_vehicle_control/MatlabSimulink/slprj/ert/_sharedutils/rtwshared.lib(rt_powd_snf.o)
                              ../../slprj/ert/ECU_RCP/instrumented/ECU_RCP_rtwlib.lib(ECU_RCP.o) (rt_powd_snf)
D:/git/e21_vehicle_control/MatlabSimulink/slprj/ert/_sharedutils/rtwshared.lib(rtGetInf.o)
                              D:/git/e21_vehicle_control/MatlabSimulink/slprj/ert/_sharedutils/rtwshared.lib(rt_nonfinite.o) (rtGetInf)
D:/git/e21_vehicle_control/MatlabSimulink/slprj/ert/_sharedutils/rtwshared.lib(rtGetNaN.o)
                              D:/git/e21_vehicle_control/MatlabSimulink/slprj/ert/_sharedutils/rtwshared.lib(rt_nonfinite.o) (rtGetNaN)
c:/programdata/matlab/supportpackages/r2023b/3p.instrset/gnuarm-armcortex.instrset/win/bin/../lib/gcc/arm-none-eabi/11.3.1/thumb/v7e-m+dp/hard\libm.a(libm_a-w_sqrt.o)
                              D:/git/e21_vehicle_control/MatlabSimulink/slprj/ert/_sharedutils/rtwshared.lib(rt_powd_snf.o) (sqrt)
c:/programdata/matlab/supportpackages/r2023b/3p.instrset/gnuarm-armcortex.instrset/win/bin/../lib/gcc/arm-none-eabi/11.3.1/thumb/v7e-m+dp/hard\libm.a(libm_a-wf_fmod.o)
                              main_STM32_H743_HIL.o (fmodf)
c:/programdata/matlab/supportpackages/r2023b/3p.instrset/gnuarm-armcortex.instrset/win/bin/../lib/gcc/arm-none-eabi/11.3.1/thumb/v7e-m+dp/hard\libm.a(libm_a-wf_sqrt.o)
                              profile_generator.o (sqrtf)
c:/programdata/matlab/supportpackages/r2023b/3p.instrset/gnuarm-armcortex.instrset/win/bin/../lib/gcc/arm-none-eabi/11.3.1/thumb/v7e-m+dp/hard\libm.a(libm_a-sf_atan.o)
                              main_STM32_H743_HIL.o (atanf)
c:/programdata/matlab/supportpackages/r2023b/3p.instrset/gnuarm-armcortex.instrset/win/bin/../lib/gcc/arm-none-eabi/11.3.1/thumb/v7e-m+dp/hard\libm.a(libm_a-sf_fabs.o)
                              c:/programdata/matlab/supportpackages/r2023b/3p.instrset/gnuarm-armcortex.instrset/win/bin/../lib/gcc/arm-none-eabi/11.3.1/thumb/v7e-m+dp/hard\libm.a(libm_a-sf_atan.o) (fabsf)
c:/programdata/matlab/supportpackages/r2023b/3p.instrset/gnuarm-armcortex.instrset/win/bin/../lib/gcc/arm-none-eabi/11.3.1/thumb/v7e-m+dp/hard\libm.a(libm_a-pow.o)
                              D:/git/e21_vehicle_control/MatlabSimulink/slprj/ert/_sharedutils/rtwshared.lib(rt_powd_snf.o) (pow)
c:/programdata/matlab/supportpackages/r2023b/3p.instrset/gnuarm-armcortex.instrset/win/bin/../lib/gcc/arm-none-eabi/11.3.1/thumb/v7e-m+dp/hard\libm.a(libm_a-pow_log_data.o)
                              c:/programdata/matlab/supportpackages/r2023b/3p.instrset/gnuarm-armcortex.instrset/win/bin/../lib/gcc/arm-none-eabi/11.3.1/thumb/v7e-m+dp/hard\libm.a(libm_a-pow.o) (__pow_log_data)
c:/programdata/matlab/supportpackages/r2023b/3p.instrset/gnuarm-armcortex.instrset/win/bin/../lib/gcc/arm-none-eabi/11.3.1/thumb/v7e-m+dp/hard\libm.a(libm_a-sinf.o)
                              main_STM32_H743_HIL.o (sinf)
c:/programdata/matlab/supportpackages/r2023b/3p.instrset/gnuarm-armcortex.instrset/win/bin/../lib/gcc/arm-none-eabi/11.3.1/thumb/v7e-m+dp/hard\libm.a(libm_a-sincosf_data.o)
                              c:/programdata/matlab/supportpackages/r2023b/3p.instrset/gnuarm-armcortex.instrset/win/bin/../lib/gcc/arm-none-eabi/11.3.1/thumb/v7e-m+dp/hard\libm.a(libm_a-sinf.o) (__inv_pio4)
c:/programdata/matlab/supportpackages/r2023b/3p.instrset/gnuarm-armcortex.instrset/win/bin/../lib/gcc/arm-none-eabi/11.3.1/thumb/v7e-m+dp/hard\libm.a(libm_a-math_errf.o)
                              c:/programdata/matlab/supportpackages/r2023b/3p.instrset/gnuarm-armcortex.instrset/win/bin/../lib/gcc/arm-none-eabi/11.3.1/thumb/v7e-m+dp/hard\libm.a(libm_a-sinf.o) (__math_invalidf)
c:/programdata/matlab/supportpackages/r2023b/3p.instrset/gnuarm-armcortex.instrset/win/bin/../lib/gcc/arm-none-eabi/11.3.1/thumb/v7e-m+dp/hard\libm.a(libm_a-e_sqrt.o)
                              c:/programdata/matlab/supportpackages/r2023b/3p.instrset/gnuarm-armcortex.instrset/win/bin/../lib/gcc/arm-none-eabi/11.3.1/thumb/v7e-m+dp/hard\libm.a(libm_a-w_sqrt.o) (__ieee754_sqrt)
c:/programdata/matlab/supportpackages/r2023b/3p.instrset/gnuarm-armcortex.instrset/win/bin/../lib/gcc/arm-none-eabi/11.3.1/thumb/v7e-m+dp/hard\libm.a(libm_a-ef_sqrt.o)
[...]
Memory Configuration

Name             Origin             Length             Attributes
FLASH            0x08000000         0x00200000         xr
DTCMRAM          0x20000000         0x00020000         xrw
RAM_D1           0x24000000         0x00080000         xrw
RAM_D2           0x30000000         0x00048000         xrw
RAM_D3           0x38000000         0x00010000         xrw
ITCMRAM          0x00000000         0x00010000         xrw
*default*        0x00000000         0xffffffff

Linker script and memory map

LOAD c:/programdata/matlab/supportpackages/r2023b/3p.instrset/gnuarm-armcortex.instrset/win/bin/../lib/gcc/arm-none-eabi/11.3.1/thumb/v7e-m+dp/hard/crti.o
LOAD c:/programdata/matlab/supportpackages/r2023b/3p.instrset/gnuarm-armcortex.instrset/win/bin/../lib/gcc/arm-none-eabi/11.3.1/thumb/v7e-m+dp/hard/crtbegin.o
LOAD c:/programdata/matlab/supportpackages/r2023b/3p.instrset/gnuarm-armcortex.instrset/win/bin/../lib/gcc/arm-none-eabi/11.3.1/thumb/v7e-m+dp/hard/crt0.o
LOAD stm_adc_ll.o
LOAD mw_stm32_spi_ll.o
LOAD stm_timer_ll.o
LOAD stm_usart.o
LOAD stm_lpuart.o
LOAD mw_stm32_nvic.o
LOAD ert_main.o
LOAD main_STM32_H743_HIL.o
LOAD main_STM32_H743_HIL_data.o
LOAD profile_generator.o
LOAD overrideHALDelay.o
LOAD platform_timer.o
LOAD SysTickScheduler.o
LOAD m3m4m4f_multitasking.o
LOAD main.o
LOAD stm32h7xx_it.o
LOAD stm32h7xx_hal_msp.o
LOAD stm32h7xx_hal_timebase_tim.o
LOAD stm32h7xx_ll_exti.o
LOAD stm32h7xx_ll_gpio.o
LOAD stm32h7xx_ll_adc.o
LOAD stm32h7xx_ll_dma.o
LOAD stm32h7xx_ll_rcc.o
LOAD stm32h7xx_ll_utils.o
LOAD stm32h7xx_hal_rcc.o
LOAD stm32h7xx_hal_rcc_ex.o
LOAD stm32h7xx_hal_flash.o
LOAD stm32h7xx_hal_flash_ex.o
LOAD stm32h7xx_hal_gpio.o
LOAD stm32h7xx_hal_hsem.o
LOAD stm32h7xx_hal_dma.o
LOAD stm32h7xx_hal_dma_ex.o
LOAD stm32h7xx_hal_mdma.o
LOAD stm32h7xx_hal_pwr.o
LOAD stm32h7xx_hal_pwr_ex.o
LOAD stm32h7xx_hal_cortex.o
LOAD stm32h7xx_hal.o
LOAD stm32h7xx_hal_i2c.o
LOAD stm32h7xx_hal_i2c_ex.o
LOAD stm32h7xx_hal_exti.o
LOAD stm32h7xx_ll_spi.o
LOAD stm32h7xx_hal_tim.o
LOAD stm32h7xx_hal_tim_ex.o
LOAD stm32h7xx_ll_tim.o
LOAD stm32h7xx_ll_usart.o
LOAD system_stm32h7xx.o
LOAD syscalls.o
LOAD sysmem.o
LOAD startup_stm32h743zitx.o
LOAD code_profiling_utility_functions.o
LOAD ../../slprj/ert/ECU_RCP/instrumented/ECU_RCP_rtwlib.lib
LOAD D:/git/e21_vehicle_control/MatlabSimulink/slprj/ert/_sharedutils/rtwshared.lib
LOAD C:/ProgramData/MATLAB/SupportPackages/R2023b/3P.instrset/cmsis_dsp.instrset/Lib/GCC/arm_cortexm7ldfdp_math/libCMSISDSP.a
LOAD C:/ProgramData/MATLAB/SupportPackages/R2023b/toolbox/shared/supportpackages/stm32/lib/GCC/libmw_pdmfilter_m7_dpfp.lib
LOAD c:/programdata/matlab/supportpackages/r2023b/3p.instrset/gnuarm-armcortex.instrset/win/bin/../lib/gcc/arm-none-eabi/11.3.1/thumb/v7e-m+dp/hard\libstdc++_nano.a
LOAD c:/programdata/matlab/supportpackages/r2023b/3p.instrset/gnuarm-armcortex.instrset/win/bin/../lib/gcc/arm-none-eabi/11.3.1/thumb/v7e-m+dp/hard\libm.a
START GROUP
LOAD c:/programdata/matlab/supportpackages/r2023b/3p.instrset/gnuarm-armcortex.instrset/win/bin/../lib/gcc/arm-none-eabi/11.3.1/thumb/v7e-m+dp/hard\libgcc.a
LOAD c:/programdata/matlab/supportpackages/r2023b/3p.instrset/gnuarm-armcortex.instrset/win/bin/../lib/gcc/arm-none-eabi/11.3.1/thumb/v7e-m+dp/hard\libc_nano.a
END GROUP
START GROUP
LOAD c:/programdata/matlab/supportpackages/r2023b/3p.instrset/gnuarm-armcortex.instrset/win/bin/../lib/gcc/arm-none-eabi/11.3.1/thumb/v7e-m+dp/hard\libgcc.a
LOAD c:/programdata/matlab/supportpackages/r2023b/3p.instrset/gnuarm-armcortex.instrset/win/bin/../lib/gcc/arm-none-eabi/11.3.1/thumb/v7e-m+dp/hard\libc_nano.a
LOAD c:/programdata/matlab/supportpackages/r2023b/3p.instrset/gnuarm-armcortex.instrset/win/bin/../lib/gcc/arm-none-eabi/11.3.1/thumb/v7e-m+dp/hard\libnosys.a
END GROUP
START GROUP
LOAD c:/programdata/matlab/supportpackages/r2023b/3p.instrset/gnuarm-armcortex.instrset/win/bin/../lib/gcc/arm-none-eabi/11.3.1/thumb/v7e-m+dp/hard\libgcc.a
LOAD c:/programdata/matlab/supportpackages/r2023b/3p.instrset/gnuarm-armcortex.instrset/win/bin/../lib/gcc/arm-none-eabi/11.3.1/thumb/v7e-m+dp/hard\libc_nano.a
LOAD c:/programdata/matlab/supportpackages/r2023b/3p.instrset/gnuarm-armcortex.instrset/win/bin/../lib/gcc/arm-none-eabi/11.3.1/thumb/v7e-m+dp/hard\libnosys.a
END GROUP
LOAD c:/programdata/matlab/supportpackages/r2023b/3p.instrset/gnuarm-armcortex.instrset/win/bin/../lib/gcc/arm-none-eabi/11.3.1/thumb/v7e-m+dp/hard/crtend.o
LOAD c:/programdata/matlab/supportpackages/r2023b/3p.instrset/gnuarm-armcortex.instrset/win/bin/../lib/gcc/arm-none-eabi/11.3.1/thumb/v7e-m+dp/hard/crtn.o
                0x24080000                _estack = (ORIGIN (RAM_D1) + LENGTH (RAM_D1))
                0x00000200                _Min_Heap_Size = 0x200
                0x00000400                _Min_Stack_Size = 0x400

.isr_vector     0x08000000      0x298
                0x08000000                . = ALIGN (0x4)
 *(.isr_vector)
 .isr_vector    0x08000000      0x298 startup_stm32h743zitx.o
                0x08000000                g_pfnVectors
                0x08000298                . = ALIGN (0x4)

.text           0x08000298    0x10a5c
                0x08000298                . = ALIGN (0x4)
 *(.text)
 .text          0x08000298      0x378 c:/programdata/matlab/supportpackages/r2023b/3p.instrset/gnuarm-armcortex.instrset/win/bin/../lib/gcc/arm-none-eabi/11.3.1/thumb/v7e-m+dp/hard\libgcc.a(_arm_addsubdf3.o)
                0x08000298                __aeabi_drsub
                0x080002a0                __aeabi_dsub
                0x080002a0                __subdf3
                0x080002a4                __aeabi_dadd
                0x080002a4                __adddf3
                0x0800051c                __floatunsidf
                0x0800051c                __aeabi_ui2d
                0x0800053c                __floatsidf
                0x0800053c                __aeabi_i2d
                0x08000560                __aeabi_f2d
                0x08000560                __extendsfdf2
                0x080005a4                __floatundidf
                0x080005a4                __aeabi_ul2d
                0x080005b4                __floatdidf
                0x080005b4                __aeabi_l2d
 *(.text*)
 .text.deregister_tm_clones
                0x08000610       0x1c c:/programdata/matlab/supportpackages/r2023b/3p.instrset/gnuarm-armcortex.instrset/win/bin/../lib/gcc/arm-none-eabi/11.3.1/thumb/v7e-m+dp/hard/crtbegin.o
 .text.register_tm_clones
                0x0800062c       0x24 c:/programdata/matlab/supportpackages/r2023b/3p.instrset/gnuarm-armcortex.instrset/win/bin/../lib/gcc/arm-none-eabi/11.3.1/thumb/v7e-m+dp/hard/crtbegin.o
 .text.__do_global_dtors_aux
                0x08000650       0x28 c:/programdata/matlab/supportpackages/r2023b/3p.instrset/gnuarm-armcortex.instrset/win/bin/../lib/gcc/arm-none-eabi/11.3.1/thumb/v7e-m+dp/hard/crtbegin.o
 .text.frame_dummy
                0x08000678       0x24 c:/programdata/matlab/supportpackages/r2023b/3p.instrset/gnuarm-armcortex.instrset/win/bin/../lib/gcc/arm-none-eabi/11.3.1/thumb/v7e-m+dp/hard/crtbegin.o
 .text.LL_ADC_SetChannelPreSelection
                0x0800069c       0x66 stm_adc_ll.o
 .text.LL_ADC_REG_IsTriggerSourceSWStart
                0x08000702       0x26 stm_adc_ll.o
 .text.LL_ADC_REG_SetSequencerLength
                0x08000728       0x26 stm_adc_ll.o
 .text.LL_ADC_REG_GetSequencerRanks
                0x0800074e       0x48 stm_adc_ll.o
 .text.LL_ADC_REG_SetDataTransferMode
                0x08000796       0x26 stm_adc_ll.o
 .text.LL_ADC_INJ_IsTriggerSourceSWStart
                0x080007bc       0x26 stm_adc_ll.o
 .text.LL_ADC_INJ_GetSequencerRanks
                0x080007e2       0x34 stm_adc_ll.o
 *fill*         0x08000816        0x2 
 .text.LL_ADC_Enable
                0x08000818       0x28 stm_adc_ll.o
 .text.LL_ADC_Disable
                0x08000840       0x28 stm_adc_ll.o
 .text.LL_ADC_IsEnabled
                0x08000868       0x26 stm_adc_ll.o
 *fill*         0x0800088e        0x2 
 .text.LL_ADC_StartCalibration
                0x08000890       0x3c stm_adc_ll.o
 .text.LL_ADC_IsCalibrationOnGoing
                0x080008cc       0x28 stm_adc_ll.o
 .text.LL_ADC_REG_StartConversion
                0x080008f4       0x28 stm_adc_ll.o
 .text.LL_ADC_REG_ReadConversionData32
                0x0800091c       0x18 stm_adc_ll.o
 .text.LL_ADC_INJ_StartConversion
                0x08000934       0x28 stm_adc_ll.o
 .text.LL_ADC_IsActiveFlag_EOS
                0x0800095c       0x26 stm_adc_ll.o
 .text.LL_ADC_IsActiveFlag_OVR
                0x08000982       0x26 stm_adc_ll.o
 .text.LL_ADC_ClearFlag_EOS
                0x080009a8       0x1a stm_adc_ll.o
 .text.LL_ADC_ClearFlag_OVR
                0x080009c2       0x1a stm_adc_ll.o
 .text.LL_ADC_EnableIT_EOS
                0x080009dc       0x20 stm_adc_ll.o
 .text.LL_ADC_EnableIT_JEOS
                0x080009fc       0x20 stm_adc_ll.o
 .text.LL_ADC_DisableIT_EOS
                0x08000a1c       0x20 stm_adc_ll.o
 .text.LL_ADC_DisableIT_OVR
                0x08000a3c       0x20 stm_adc_ll.o
 .text.LL_ADC_DisableIT_JEOS
                0x08000a5c       0x20 stm_adc_ll.o
 .text.LL_ADC_DisableIT_AWD1
                0x08000a7c       0x20 stm_adc_ll.o
 .text.LL_ADC_IsEnabledIT_OVR
                0x08000a9c       0x26 stm_adc_ll.o
 .text.LL_ADC_IsEnabledIT_AWD1
                0x08000ac2       0x26 stm_adc_ll.o
 .text.regularADCTrigger
                0x08000ae8       0x86 stm_adc_ll.o
 .text.configure_ADCs_DMA
                0x08000b6e       0x1a stm_adc_ll.o
 .text.deconfigure_ADCs_DMA
                0x08000b88       0x18 stm_adc_ll.o
 .text.ADC_IsActiveFlagOVR
                0x08000ba0       0x42 stm_adc_ll.o
                0x08000ba0                ADC_IsActiveFlagOVR
 .text.ADC_IRQHandler
                0x08000be2        0xe stm_adc_ll.o
                0x08000be2                ADC_IRQHandler
 .text.ADC3_IRQHandler
                0x08000bf0        0xe stm_adc_ll.o
                0x08000bf0                ADC3_IRQHandler
 .text.configureADCChannelPreselectionRegister
                0x08000bfe      0x222 stm_adc_ll.o
                0x08000bfe                configureADCChannelPreselectionRegister
 .text.startADCConversionForExternalTrigger
                0x08000e20       0x50 stm_adc_ll.o
                0x08000e20                startADCConversionForExternalTrigger
 .text.ADC_Handle_Init
                0x08000e70      0x134 stm_adc_ll.o
                0x08000e70                ADC_Handle_Init
 .text.enableADC
                0x08000fa4       0x2a stm_adc_ll.o
                0x08000fa4                enableADC
 .text.regularReadADCNormal
                0x08000fce      0x10e stm_adc_ll.o
                0x08000fce                regularReadADCNormal
 .text.ADC_Handle_Deinit
                0x080010dc       0xe2 stm_adc_ll.o
                0x080010dc                ADC_Handle_Deinit
 *fill*         0x080011be        0x2 
 .text.enableADCAutomaticCalibration
                0x080011c0       0xdc stm_adc_ll.o
                0x080011c0                enableADCAutomaticCalibration
 .text.LL_SPI_Enable
                0x0800129c       0x20 mw_stm32_spi_ll.o
 .text.LL_SPI_Disable
                0x080012bc       0x20 mw_stm32_spi_ll.o
 .text.LL_SPI_IsEnabled
                0x080012dc       0x26 mw_stm32_spi_ll.o
 .text.LL_SPI_GetMode
                0x08001302       0x1c mw_stm32_spi_ll.o
 .text.LL_SPI_SuspendMasterTransfer
                0x0800131e       0x20 mw_stm32_spi_ll.o
 .text.LL_SPI_StartMasterTransfer
                0x0800133e       0x20 mw_stm32_spi_ll.o
 .text.LL_SPI_SetClockPhase
                0x0800135e       0x26 mw_stm32_spi_ll.o
 .text.LL_SPI_GetClockPhase
                0x08001384       0x1c mw_stm32_spi_ll.o
 .text.LL_SPI_SetClockPolarity
                0x080013a0       0x26 mw_stm32_spi_ll.o
 .text.LL_SPI_GetClockPolarity
                0x080013c6       0x1c mw_stm32_spi_ll.o
 .text.LL_SPI_GetTransferDirection
                0x080013e2       0x2e mw_stm32_spi_ll.o
 .text.LL_SPI_SetDataWidth
                0x08001410       0x26 mw_stm32_spi_ll.o
 .text.LL_SPI_GetDataWidth
                0x08001436       0x1c mw_stm32_spi_ll.o
 .text.LL_SPI_IsActiveFlag_RXP
                0x08001452       0x26 mw_stm32_spi_ll.o
 .text.LL_SPI_IsActiveFlag_EOT
                0x08001478       0x26 mw_stm32_spi_ll.o
 .text.LL_SPI_IsActiveFlag_TXC
                0x0800149e       0x28 mw_stm32_spi_ll.o
 .text.LL_SPI_IsActiveFlag_RXWNE
                0x080014c6       0x28 mw_stm32_spi_ll.o
 .text.LL_SPI_GetRxFIFOPackingLevel
                0x080014ee       0x1c mw_stm32_spi_ll.o
 .text.LL_SPI_ReceiveData8
                0x0800150a       0x1c mw_stm32_spi_ll.o
 .text.MW_SPI_Disable
                0x08001526       0xc6 mw_stm32_spi_ll.o
 .text.SPI_STM32_Init
                0x080015ec       0x88 mw_stm32_spi_ll.o
                0x080015ec                SPI_STM32_Init
 .text.MW_STM32_SPI_SetFormat
                0x08001674      0x1f2 mw_stm32_spi_ll.o
                0x08001674                MW_STM32_SPI_SetFormat
 .text.MW_SPI_Close
                0x08001866       0x1a mw_stm32_spi_ll.o
                0x08001866                MW_SPI_Close
 .text.MW_SPI_SetSlaveSelect
                0x08001880       0x1c mw_stm32_spi_ll.o
                0x08001880                MW_SPI_SetSlaveSelect
 .text.LL_TIM_GetCounterMode
                0x0800189c       0x30 stm_timer_ll.o
 .text.LL_TIM_GetCounter
                0x080018cc       0x18 stm_timer_ll.o
 .text.LL_TIM_GetRepetitionCounter
                0x080018e4       0x18 stm_timer_ll.o
 .text.LL_TIM_CC_EnableChannel
                0x080018fc       0x22 stm_timer_ll.o
 .text.LL_TIM_CC_DisableChannel
                0x0800191e       0x24 stm_timer_ll.o
 .text.LL_TIM_IC_GetCaptureCH1
                0x08001942       0x18 stm_timer_ll.o
 .text.LL_TIM_EnableAllOutputs
                0x0800195a       0x20 stm_timer_ll.o
 .text.LL_TIM_ClearFlag_CC1
                0x0800197a       0x1c stm_timer_ll.o
 .text.LL_TIM_IsActiveFlag_CC1
                0x08001996       0x26 stm_timer_ll.o
 .text.LL_TIM_ClearFlag_CC1OVR
                0x080019bc       0x1c stm_timer_ll.o
 .text.LL_TIM_IsActiveFlag_CC1OVR
                0x080019d8       0x28 stm_timer_ll.o
 .text.LL_TIM_EnableIT_UPDATE
                0x08001a00       0x20 stm_timer_ll.o
 .text.LL_TIM_DisableIT_UPDATE
                0x08001a20       0x20 stm_timer_ll.o
 .text.LL_TIM_IsEnabledIT_UPDATE
                0x08001a40       0x26 stm_timer_ll.o
 .text.LL_TIM_EnableIT_CC1
                0x08001a66       0x20 stm_timer_ll.o
 .text.LL_TIM_DisableIT_CC1
                0x08001a86       0x20 stm_timer_ll.o
 .text.LL_TIM_IsEnabledIT_CC1
                0x08001aa6       0x26 stm_timer_ll.o
 .text.LL_TIM_EnableIT_CC2
                0x08001acc       0x20 stm_timer_ll.o
 .text.LL_TIM_DisableIT_CC2
                0x08001aec       0x20 stm_timer_ll.o
 .text.LL_TIM_IsEnabledIT_CC2
                0x08001b0c       0x26 stm_timer_ll.o
 .text.LL_TIM_EnableIT_CC3
                0x08001b32       0x20 stm_timer_ll.o
 .text.LL_TIM_DisableIT_CC3
                0x08001b52       0x20 stm_timer_ll.o
 .text.LL_TIM_IsEnabledIT_CC3
                0x08001b72       0x26 stm_timer_ll.o
 .text.LL_TIM_EnableIT_CC4
                0x08001b98       0x20 stm_timer_ll.o
 .text.LL_TIM_DisableIT_CC4
                0x08001bb8       0x20 stm_timer_ll.o
 .text.LL_TIM_IsEnabledIT_CC4
                0x08001bd8       0x26 stm_timer_ll.o
 .text.LL_TIM_EnableIT_COM
                0x08001bfe       0x20 stm_timer_ll.o
 .text.LL_TIM_DisableIT_COM
                0x08001c1e       0x20 stm_timer_ll.o
 .text.LL_TIM_IsEnabledIT_COM
                0x08001c3e       0x26 stm_timer_ll.o
 .text.LL_TIM_EnableIT_TRIG
                0x08001c64       0x20 stm_timer_ll.o
 .text.LL_TIM_DisableIT_TRIG
                0x08001c84       0x20 stm_timer_ll.o
 .text.LL_TIM_IsEnabledIT_TRIG
                0x08001ca4       0x26 stm_timer_ll.o
 .text.LL_TIM_EnableIT_BRK
                0x08001cca       0x20 stm_timer_ll.o
 .text.LL_TIM_DisableIT_BRK
                0x08001cea       0x20 stm_timer_ll.o
 .text.LL_TIM_IsEnabledIT_BRK
                0x08001d0a       0x26 stm_timer_ll.o
 .text.TIM_IsActiveFlag_CC1
                0x08001d30       0x38 stm_timer_ll.o
                0x08001d30                TIM_IsActiveFlag_CC1
 .text.enableTimerInterrupts
                0x08001d68      0x134 stm_timer_ll.o
                0x08001d68                enableTimerInterrupts
 .text.disableTimerInterrupts
                0x08001e9c      0x134 stm_timer_ll.o
                0x08001e9c                disableTimerInterrupts
 .text.enableTimerChannel1
                0x08001fd0       0xa0 stm_timer_ll.o
                0x08001fd0                enableTimerChannel1
 .text.disableTimerChannel1
                0x08002070       0xa0 stm_timer_ll.o
                0x08002070                disableTimerChannel1
 .text.enableTimerChannel2
                0x08002110       0xa0 stm_timer_ll.o
                0x08002110                enableTimerChannel2
 .text.disableTimerChannel2
                0x080021b0       0xa0 stm_timer_ll.o
                0x080021b0                disableTimerChannel2
 .text.Timer_Handle_Init
                0x08002250      0x11c stm_timer_ll.o
                0x08002250                Timer_Handle_Init
 .text.getCCR1RegisterValuePollingMode
                0x0800236c       0xa0 stm_timer_ll.o
                0x0800236c                getCCR1RegisterValuePollingMode
 .text.getTimerCounterValue
                0x0800240c       0x1c stm_timer_ll.o
                0x0800240c                getTimerCounterValue
 .text.__NVIC_GetPriorityGrouping
                0x08002428       0x1c stm_usart.o
 .text.__NVIC_EnableIRQ
                0x08002444       0x3c stm_usart.o
 .text.__NVIC_SetPriority
                0x08002480       0x54 stm_usart.o
 .text.NVIC_EncodePriority
                0x080024d4       0x66 stm_usart.o
 *fill*         0x0800253a        0x2 
 .text.LL_DMA_EnableStream
                0x0800253c       0x44 stm_usart.o
 .text.LL_DMA_SetDataLength
                0x08002580       0x50 stm_usart.o
 .text.LL_DMA_GetDataLength
                0x080025d0       0x30 stm_usart.o
 .text.LL_DMA_ConfigAddresses
                0x08002600       0x7c stm_usart.o
 .text.LL_DMA_EnableIT_TC
                0x0800267c       0x44 stm_usart.o
 .text.LL_DMA_DisableIT_TC
                0x080026c0       0x44 stm_usart.o
 .text.LL_USART_Enable
                0x08002704       0x20 stm_usart.o
 .text.LL_USART_Disable
                0x08002724       0x20 stm_usart.o
 .text.LL_USART_IsEnabledAutoBaud
                0x08002744       0x28 stm_usart.o
 .text.LL_USART_IsActiveFlag_PE
                0x0800276c       0x26 stm_usart.o
 .text.LL_USART_IsActiveFlag_FE
                0x08002792       0x26 stm_usart.o
 .text.LL_USART_IsActiveFlag_NE
                0x080027b8       0x26 stm_usart.o
 .text.LL_USART_IsActiveFlag_ORE
                0x080027de       0x26 stm_usart.o
 .text.LL_USART_IsActiveFlag_RXNE_RXFNE
                0x08002804       0x26 stm_usart.o
 .text.LL_USART_IsActiveFlag_TXE_TXFNF
                0x0800282a       0x26 stm_usart.o
 .text.LL_USART_IsActiveFlag_ABRE
                0x08002850       0x28 stm_usart.o
 .text.LL_USART_IsActiveFlag_ABR
                0x08002878       0x28 stm_usart.o
 .text.LL_USART_ClearFlag_PE
                0x080028a0       0x1a stm_usart.o
 .text.LL_USART_ClearFlag_FE
                0x080028ba       0x1a stm_usart.o
 .text.LL_USART_ClearFlag_NE
                0x080028d4       0x1a stm_usart.o
 .text.LL_USART_ClearFlag_ORE
                0x080028ee       0x1a stm_usart.o
 .text.LL_USART_EnableIT_RXNE_RXFNE
                0x08002908       0x42 stm_usart.o
 .text.LL_USART_EnableIT_TXE_TXFNF
                0x0800294a       0x42 stm_usart.o
 .text.LL_USART_EnableIT_PE
                0x0800298c       0x42 stm_usart.o
 .text.LL_USART_EnableIT_ERROR
                0x080029ce       0x46 stm_usart.o
 .text.LL_USART_DisableIT_RXNE_RXFNE
                0x08002a14       0x42 stm_usart.o
 .text.LL_USART_DisableIT_TXE_TXFNF
                0x08002a56       0x42 stm_usart.o
 .text.LL_USART_DisableIT_PE
                0x08002a98       0x42 stm_usart.o
 .text.LL_USART_DisableIT_ERROR
                0x08002ada       0x46 stm_usart.o
 .text.LL_USART_EnableDMAReq_RX
                0x08002b20       0x46 stm_usart.o
 .text.LL_USART_DisableDMAReq_RX
                0x08002b66       0x46 stm_usart.o
 .text.LL_USART_EnableDMAReq_TX
                0x08002bac       0x46 stm_usart.o
 .text.LL_USART_DisableDMAReq_TX
                0x08002bf2       0x46 stm_usart.o
 .text.LL_USART_DMA_GetRegAddr
                0x08002c38       0x2c stm_usart.o
 .text.LL_USART_ReceiveData8
                0x08002c64       0x1a stm_usart.o
 .text.LL_USART_TransmitData8
                0x08002c7e       0x1e stm_usart.o
 .text.LL_USART_RequestAutoBaudRate
                0x08002c9c       0x20 stm_usart.o
 .text.checkIfTransmitBufferFull
                0x08002cbc       0x64 stm_usart.o
                0x08002cbc                checkIfTransmitBufferFull
 .text.copyToTransmitBuffer
                0x08002d20       0xf4 stm_usart.o
                0x08002d20                copyToTransmitBuffer
 .text.getAvailableDataInBuffer
                0x08002e14       0xcc stm_usart.o
                0x08002e14                getAvailableDataInBuffer
 .text.getBytesToBeReadFromBuffer
                0x08002ee0       0x6e stm_usart.o
                0x08002ee0                getBytesToBeReadFromBuffer
 .text.readDataFromBuffer
                0x08002f4e       0xcc stm_usart.o
                0x08002f4e                readDataFromBuffer
 .text.UART_IsActiveFlagRXNE
                0x0800301a       0xca stm_usart.o
                0x0800301a                UART_IsActiveFlagRXNE
 .text.UART_IsActiveFlagError
                0x080030e4       0xf4 stm_usart.o
                0x080030e4                UART_IsActiveFlagError
 .text.UART_IsActiveFlagTXE
                0x080031d8       0x7a stm_usart.o
                0x080031d8                UART_IsActiveFlagTXE
 *fill*         0x08003252        0x2 
 .text.USART2_IRQHandler
                0x08003254       0x18 stm_usart.o
                0x08003254                USART2_IRQHandler
 .text.UART_ConfigureReceiveDMA
                0x0800326c       0x8a stm_usart.o
                0x0800326c                UART_ConfigureReceiveDMA
 .text.UART_ConfigureTransmitDMA
                0x080032f6       0x56 stm_usart.o
                0x080032f6                UART_ConfigureTransmitDMA
 .text.getReadErrorStatus
                0x0800334c      0x17c stm_usart.o
                0x0800334c                getReadErrorStatus
 .text.MW_UART_Initialize
                0x080034c8      0x184 stm_usart.o
                0x080034c8                MW_UART_Initialize
 .text.MW_UART_ReceiveUsingBuffer
                0x0800364c       0x5c stm_usart.o
                0x0800364c                MW_UART_ReceiveUsingBuffer
 .text.MW_UART_TransmitUsingInterrupt
                0x080036a8       0xd4 stm_usart.o
                0x080036a8                MW_UART_TransmitUsingInterrupt
 .text.MW_UART_DeInit
                0x0800377c       0xaa stm_usart.o
                0x0800377c                MW_UART_DeInit
 *fill*         0x08003826        0x2 
 .text.__NVIC_SetPriority
                0x08003828       0x54 mw_stm32_nvic.o
 .text.MW_NVIC_ConfigureIRQ
                0x0800387c       0x26 mw_stm32_nvic.o
                0x0800387c                MW_NVIC_ConfigureIRQ
 *fill*         0x080038a2        0x2 
 .text.store_code_profiling_data_point
                0x080038a4       0x94 ert_main.o
                0x080038a4                store_code_profiling_data_point
 .text.code_profiling_atomic_read_store
                0x08003938       0x2e ert_main.o
                0x08003938                code_profiling_atomic_read_store
 *fill*         0x08003966        0x2 
 .text.rt_OneStep
                0x08003968      0x1a0 ert_main.o
                0x08003968                rt_OneStep
 .text.main     0x08003b08      0x12c ert_main.o
                0x08003b08                main
 .text.__NVIC_EnableIRQ
                0x08003c34       0x3c main_STM32_H743_HIL.o
 .text.__NVIC_DisableIRQ
                0x08003c70       0x48 main_STM32_H743_HIL.o
 .text.LL_SPI_Enable
                0x08003cb8       0x20 main_STM32_H743_HIL.o
 .text.LL_SPI_IsEnabled
                0x08003cd8       0x26 main_STM32_H743_HIL.o
 .text.LL_SPI_IsActiveFlag_TXP
                0x08003cfe       0x26 main_STM32_H743_HIL.o
 .text.LL_SPI_IsActiveFlag_RXWNE
                0x08003d24       0x28 main_STM32_H743_HIL.o
 .text.LL_SPI_GetRxFIFOPackingLevel
                0x08003d4c       0x1c main_STM32_H743_HIL.o
 .text.LL_SPI_ReceiveData8
                0x08003d68       0x1c main_STM32_H743_HIL.o
 .text.LL_SPI_ReceiveData16
                0x08003d84       0x1a main_STM32_H743_HIL.o
 .text.LL_SPI_ReceiveData32
                0x08003d9e       0x18 main_STM32_H743_HIL.o
 .text.LL_SPI_TransmitData8
                0x08003db6       0x20 main_STM32_H743_HIL.o
 .text.LL_SPI_TransmitData16
                0x08003dd6       0x24 main_STM32_H743_HIL.o
 .text.LL_SPI_TransmitData32
                0x08003dfa       0x1c main_STM32_H743_HIL.o
 .text.LL_TIM_EnableCounter
                0x08003e16       0x20 main_STM32_H743_HIL.o
 .text.LL_TIM_DisableCounter
                0x08003e36       0x20 main_STM32_H743_HIL.o
 .text.LL_TIM_SetUpdateSource
                0x08003e56       0x26 main_STM32_H743_HIL.o
 .text.LL_TIM_GetUpdateSource
                0x08003e7c       0x1c main_STM32_H743_HIL.o
 .text.LL_TIM_GetDirection
                0x08003e98       0x1c main_STM32_H743_HIL.o
 .text.LL_TIM_GetAutoReload
                0x08003eb4       0x18 main_STM32_H743_HIL.o
 .text.LL_TIM_SetRepetitionCounter
                0x08003ecc       0x1c main_STM32_H743_HIL.o
 .text.LL_TIM_OC_SetCompareCH1
                0x08003ee8       0x1c main_STM32_H743_HIL.o
 .text.LL_TIM_OC_GetCompareCH1
                0x08003f04       0x18 main_STM32_H743_HIL.o
 .text.LL_TIM_ClearFlag_CC1
                0x08003f1c       0x1c main_STM32_H743_HIL.o
 .text.LL_TIM_IsEnabledIT_CC1
                0x08003f38       0x26 main_STM32_H743_HIL.o
 .text.LL_TIM_GenerateEvent_UPDATE
                0x08003f5e       0x20 main_STM32_H743_HIL.o
 .text.LL_GPIO_ReadInputPort
                0x08003f7e       0x18 main_STM32_H743_HIL.o
 .text.LL_GPIO_SetOutputPin
                0x08003f96       0x1c main_STM32_H743_HIL.o
 .text.LL_GPIO_ResetOutputPin
                0x08003fb2       0x1e main_STM32_H743_HIL.o
 .text.MW_SPI_MasterWriteRead_Databits
                0x08003fd0      0x300 main_STM32_H743_HIL.o
 .text.convertDutyCyclePercentageToCounts
                0x080042d0       0x88 main_STM32_H743_HIL.o
 .text.setDutyCycleChannel1
                0x08004358       0x30 main_STM32_H743_HIL.o
 .text.setDutyCycleInPercentageChannel1
                0x08004388       0x28 main_STM32_H743_HIL.o
 .text.isSlaveTriggerModeEnabled
                0x080043b0       0x30 main_STM32_H743_HIL.o
 .text.enableCounter
                0x080043e0      0x100 main_STM32_H743_HIL.o
 .text.ouputDirectionOfCounter
                0x080044e0       0x26 main_STM32_H743_HIL.o
 .text.disableCounter
                0x08004506       0x1a main_STM32_H743_HIL.o
 .text.main_STM32_H743_HIL_SetEventsForThisBaseStep
                0x08004520       0x68 main_STM32_H743_HIL.o
                0x08004520                main_STM32_H743_HIL_SetEventsForThisBaseStep
 .text.rate_monotonic_scheduler
                0x08004588       0xe0 main_STM32_H743_HIL.o
 .text.main_STM32_H74_SystemCore_setup
                0x08004668       0x54 main_STM32_H743_HIL.o
 .text.SPIControllerTransfer_Start
                0x080046bc       0x2a main_STM32_H743_HIL.o
                0x080046bc                SPIControllerTransfer_Start
 .text.main_SPIControllerTransfer2
                0x080046e6       0x58 main_STM32_H743_HIL.o
                0x080046e6                main_SPIControllerTransfer2
 .text.SPIControllerTransfer2_Term
                0x0800473e       0x48 main_STM32_H743_HIL.o
                0x0800473e                SPIControllerTransfer2_Term
 *fill*         0x08004786        0x2 
 .text.main_STM32_H_MATLABFunction
                0x08004788      0x190 main_STM32_H743_HIL.o
                0x08004788                main_STM32_H_MATLABFunction
 .text.main_STM32__MATLABFunction1
                0x08004918      0x1ac main_STM32_H743_HIL.o
                0x08004918                main_STM32__MATLABFunction1
 .text.main_STM32_H_SystemCore_setup_l
                0x08004ac4       0x78 main_STM32_H743_HIL.o
 .text.main_S_MedianFilterCG_resetImpl
                0x08004b3c      0x20c main_STM32_H743_HIL.o
 .text.m_MedianFilterCG_trickleDownMax
                0x08004d48      0x2a8 main_STM32_H743_HIL.o
 .text.m_MedianFilterCG_trickleDownMin
                0x08004ff0      0x2a0 main_STM32_H743_HIL.o
 .text.main_STM32__SystemCore_setup_cs
                0x08005290       0x8c main_STM32_H743_HIL.o
 .text.main_ST_SystemCore_setup_cslt2a
                0x0800531c       0x78 main_STM32_H743_HIL.o
 .text.main_STM32_H_SystemCore_setup_c
                0x08005394       0x8c main_STM32_H743_HIL.o
 .text.main_STM_SystemCore_setup_cslt2
                0x08005420       0x54 main_STM32_H743_HIL.o
 .text.main_STM3_SystemCore_setup_cslt
                0x08005474       0x58 main_STM32_H743_HIL.o
 .text.main_STM32_SystemCore_setup_csl
                0x080054cc       0x94 main_STM32_H743_HIL.o
 .text.main_STM32_H743_HIL_step0
                0x08005560      0x8c0 main_STM32_H743_HIL.o
                0x08005560                main_STM32_H743_HIL_step0
 .text.main_STM32_H743_HIL_step1
                0x08005e20      0x388 main_STM32_H743_HIL.o
                0x08005e20                main_STM32_H743_HIL_step1
 .text.main_STM32_H743_HIL_step2
                0x080061a8      0x124 main_STM32_H743_HIL.o
                0x080061a8                main_STM32_H743_HIL_step2
 .text.main_STM32_H743_HIL_step3
                0x080062cc      0x5e0 main_STM32_H743_HIL.o
                0x080062cc                main_STM32_H743_HIL_step3
 .text.main_STM32_H743_HIL_step4
                0x080068ac       0x24 main_STM32_H743_HIL.o
                0x080068ac                main_STM32_H743_HIL_step4
 .text.main_STM32_H743_HIL_initialize
                0x080068d0      0x2d4 main_STM32_H743_HIL.o
                0x080068d0                main_STM32_H743_HIL_initialize
 .text.main_STM32_H743_HIL_terminate
                0x08006ba4      0x24c main_STM32_H743_HIL.o
                0x08006ba4                main_STM32_H743_HIL_terminate
 .text.main_STM32_H743_HIL_configure_interrupts
                0x08006df0       0x1c main_STM32_H743_HIL.o
                0x08006df0                main_STM32_H743_HIL_configure_interrupts
 .text.TIM15_IRQHandler
                0x08006e0c       0x9c main_STM32_H743_HIL.o
                0x08006e0c                TIM15_IRQHandler
 .text.main_STM32_H743_HIL_unconfigure_interrupts
                0x08006ea8        0xe main_STM32_H743_HIL.o
                0x08006ea8                main_STM32_H743_HIL_unconfigure_interrupts
 *fill*         0x08006eb6        0x2 
 .text.profile_generator
                0x08006eb8      0x530 profile_generator.o
                0x08006eb8                profile_generator
 .text.getCurrentTimestampInMicros
                0x080073e8       0x40 platform_timer.o
                0x080073e8                getCurrentTimestampInMicros
 .text.returnTimeElapsed
                0x08007428       0x2c platform_timer.o
                0x08007428                returnTimeElapsed
 .text.__NVIC_SetPriority
                0x08007454       0x54 SysTickScheduler.o
 .text.SysTick_Config
                0x080074a8       0x44 SysTickScheduler.o
 .text.SysTick_Isr
                0x080074ec       0x48 SysTickScheduler.o
 .text.SysTick_Handler
                0x08007534       0x20 SysTickScheduler.o
                0x08007534                SysTick_Handler
 .text.ARMCM_SysTick_Config
                0x08007554       0xb8 SysTickScheduler.o
                0x08007554                ARMCM_SysTick_Config
 .text.PendSV_Handler
                0x0800760c       0x44 m3m4m4f_multitasking.o
                0x0800760c                PendSV_Handler
 .text.SVC_Handler
                0x08007650       0x58 m3m4m4f_multitasking.o
                0x08007650                SVC_Handler
 .text.__NVIC_GetPriorityGrouping
                0x080076a8       0x1c main.o
 .text.__NVIC_EnableIRQ
                0x080076c4       0x3c main.o
 .text.__NVIC_SetPriority
                0x08007700       0x54 main.o
 .text.NVIC_EncodePriority
                0x08007754       0x66 main.o
 .text.LL_ADC_REG_SetSequencerRanks
                0x080077ba       0x58 main.o
 .text.LL_ADC_SetChannelSamplingTime
                0x08007812       0x56 main.o
 .text.LL_ADC_SetChannelSingleDiff
                0x08007868       0x48 main.o
 .text.LL_ADC_SetOverSamplingScope
                0x080078b0       0x2c main.o
 .text.LL_ADC_SetOverSamplingDiscont
                0x080078dc       0x26 main.o
 *fill*         0x08007902        0x2 
 .text.LL_ADC_ConfigOverSamplingRatioShift
                0x08007904       0x34 main.o
 .text.LL_ADC_DisableDeepPowerDown
                0x08007938       0x24 main.o
 .text.LL_ADC_EnableInternalRegulator
                0x0800795c       0x28 main.o
 .text.LL_DMA_SetDataTransferDirection
                0x08007984       0x4c main.o
 .text.LL_DMA_SetMode
                0x080079d0       0x4c main.o
 .text.LL_DMA_SetPeriphIncMode
                0x08007a1c       0x4c main.o
 .text.LL_DMA_SetMemoryIncMode
                0x08007a68       0x4c main.o
 .text.LL_DMA_SetPeriphSize
                0x08007ab4       0x4c main.o
 .text.LL_DMA_SetMemorySize
                0x08007b00       0x4c main.o
 .text.LL_DMA_SetStreamPriorityLevel
                0x08007b4c       0x4c main.o
 .text.LL_DMA_SetPeriphRequest
                0x08007b98       0x60 main.o
 .text.LL_DMA_DisableFifoMode
                0x08007bf8       0x44 main.o
 .text.LL_RCC_HSE_EnableBypass
                0x08007c3c       0x20 main.o
 .text.LL_RCC_HSE_Enable
                0x08007c5c       0x20 main.o
 .text.LL_RCC_HSE_IsReady
                0x08007c7c       0x28 main.o
 .text.LL_RCC_SetSysClkSource
                0x08007ca4       0x28 main.o
 .text.LL_RCC_GetSysClkSource
                0x08007ccc       0x1c main.o
 .text.LL_RCC_SetSysPrescaler
                0x08007ce8       0x28 main.o
 .text.LL_RCC_SetAHBPrescaler
                0x08007d10       0x28 main.o
 .text.LL_RCC_SetAPB1Prescaler
                0x08007d38       0x28 main.o
 .text.LL_RCC_SetAPB2Prescaler
                0x08007d60       0x28 main.o
 .text.LL_RCC_SetAPB3Prescaler
                0x08007d88       0x28 main.o
 .text.LL_RCC_SetAPB4Prescaler
                0x08007db0       0x28 main.o
 .text.LL_RCC_SetClockSource
                0x08007dd8       0x54 main.o
 .text.LL_RCC_SetUSARTClockSource
                0x08007e2c       0x16 main.o
 .text.LL_RCC_SetSPIClockSource
                0x08007e42       0x16 main.o
 .text.LL_RCC_SetADCClockSource
                0x08007e58       0x28 main.o
 .text.LL_RCC_PLL_SetSource
                0x08007e80       0x28 main.o
 .text.LL_RCC_PLL1_Enable
                0x08007ea8       0x20 main.o
 .text.LL_RCC_PLL1_IsReady
                0x08007ec8       0x28 main.o
 .text.LL_RCC_PLL1P_Enable
                0x08007ef0       0x20 main.o
 .text.LL_RCC_PLL1Q_Enable
                0x08007f10       0x20 main.o
 .text.LL_RCC_PLL1_SetVCOOutputRange
                0x08007f30       0x2c main.o
 .text.LL_RCC_PLL1_SetVCOInputRange
                0x08007f5c       0x2c main.o
 .text.LL_RCC_PLL1_SetN
                0x08007f88       0x30 main.o
 .text.LL_RCC_PLL1_SetM
                0x08007fb8       0x2c main.o
 .text.LL_RCC_PLL1_SetP
                0x08007fe4       0x2c main.o
 .text.LL_RCC_PLL1_SetQ
                0x08008010       0x2c main.o
 .text.LL_RCC_PLL1_SetR
                0x0800803c       0x2c main.o
 .text.LL_RCC_PLL2_Enable
                0x08008068       0x20 main.o
 .text.LL_RCC_PLL2_IsReady
                0x08008088       0x28 main.o
 .text.LL_RCC_PLL2P_Enable
                0x080080b0       0x20 main.o
 .text.LL_RCC_PLL2_SetVCOOutputRange
                0x080080d0       0x2c main.o
 .text.LL_RCC_PLL2_SetVCOInputRange
                0x080080fc       0x2c main.o
 .text.LL_RCC_PLL2_SetN
                0x08008128       0x30 main.o
 .text.LL_RCC_PLL2_SetM
                0x08008158       0x2c main.o
 .text.LL_RCC_PLL2_SetP
                0x08008184       0x2c main.o
 .text.LL_RCC_PLL2_SetQ
                0x080081b0       0x2c main.o
 .text.LL_RCC_PLL2_SetR
                0x080081dc       0x2c main.o
 .text.LL_AHB1_GRP1_EnableClock
                0x08008208       0x38 main.o
 .text.LL_AHB4_GRP1_EnableClock
                0x08008240       0x38 main.o
 .text.LL_APB1_GRP1_EnableClock
                0x08008278       0x38 main.o
 .text.LL_APB2_GRP1_EnableClock
                0x080082b0       0x38 main.o
 .text.LL_SYSCFG_OpenAnalogSwitch
                0x080082e8       0x24 main.o
 .text.LL_FLASH_SetLatency
                0x0800830c       0x28 main.o
 .text.LL_FLASH_GetLatency
                0x08008334       0x1c main.o
 .text.LL_PWR_ConfigSupply
                0x08008350       0x28 main.o
 .text.LL_PWR_SetRegulVoltageScaling
                0x08008378       0x28 main.o
 .text.LL_SPI_SetStandard
                0x080083a0       0x26 main.o
 .text.LL_SPI_EnableNSSPulseMgt
                0x080083c6       0x20 main.o
 .text.LL_TIM_DisableARRPreload
                0x080083e6       0x20 main.o
 *fill*         0x08008406        0x2 
 .text.LL_TIM_OC_DisableFast
                0x08008408       0xa4 main.o
 .text.LL_TIM_OC_EnablePreload
                0x080084ac       0xa0 main.o
 .text.LL_TIM_IC_SetActiveInput
                0x0800854c       0xb4 main.o
 .text.LL_TIM_IC_SetPrescaler
                0x08008600       0xb4 main.o
 .text.LL_TIM_IC_SetFilter
                0x080086b4       0xb4 main.o
 .text.LL_TIM_IC_SetPolarity
                0x08008768       0xa0 main.o
 .text.LL_TIM_SetClockSource
                0x08008808       0x2c main.o
 .text.LL_TIM_SetEncoderMode
                0x08008834       0x2c main.o
 .text.LL_TIM_SetTriggerOutput
                0x08008860       0x26 main.o
 .text.LL_TIM_DisableMasterSlaveMode
                0x08008886       0x20 main.o
 .text.LL_USART_Enable
                0x080088a6       0x20 main.o
 .text.LL_USART_DisableFIFO
                0x080088c6       0x20 main.o
 .text.LL_USART_SetTXFIFOThreshold
                0x080088e6       0x4e main.o
 .text.LL_USART_SetRXFIFOThreshold
                0x08008934       0x4e main.o
 .text.LL_USART_ConfigAsyncMode
                0x08008982       0x2c main.o
 .text.LL_USART_IsActiveFlag_TEACK
                0x080089ae       0x28 main.o
 .text.LL_USART_IsActiveFlag_REACK
                0x080089d6       0x28 main.o
 .text.LL_GPIO_SetOutputPin
                0x080089fe       0x1c main.o
 .text.LL_GPIO_ResetOutputPin
                0x08008a1a       0x1e main.o
 .text.SystemClock_Config
                0x08008a38       0xdc main.o
                0x08008a38                SystemClock_Config
 .text.PeriphCommonClock_Config
                0x08008b14       0x48 main.o
                0x08008b14                PeriphCommonClock_Config
 .text.MX_ADC1_Init
                0x08008b5c      0x150 main.o
                0x08008b5c                MX_ADC1_Init
 .text.MX_ADC3_Init
                0x08008cac      0x128 main.o
                0x08008cac                MX_ADC3_Init
 .text.MX_SPI3_Init
                0x08008dd4       0xe8 main.o
                0x08008dd4                MX_SPI3_Init
 .text.MX_TIM3_Init
                0x08008ebc       0xf4 main.o
                0x08008ebc                MX_TIM3_Init
 .text.MX_TIM13_Init
                0x08008fb0       0xc8 main.o
                0x08008fb0                MX_TIM13_Init
 .text.MX_TIM15_Init
                0x08009078       0xf0 main.o
                0x08009078                MX_TIM15_Init
 .text.MX_TIM17_Init
                0x08009168       0xbc main.o
                0x08009168                MX_TIM17_Init
 .text.MX_USART2_UART_Init
                0x08009224       0xdc main.o
                0x08009224                MX_USART2_UART_Init
 .text.MX_USART3_UART_Init
                0x08009300      0x13c main.o
                0x08009300                MX_USART3_UART_Init
 .text.MX_DMA_Init
                0x0800943c       0x2e main.o
                0x0800943c                MX_DMA_Init
 *fill*         0x0800946a        0x2 
 .text.MX_GPIO_Init
                0x0800946c      0x21c main.o
                0x0800946c                MX_GPIO_Init
 .text.HAL_TIM_PeriodElapsedCallback
                0x08009688       0x24 main.o
                0x08009688                HAL_TIM_PeriodElapsedCallback
 .text.Error_Handler
                0x080096ac        0xa main.o
                0x080096ac                Error_Handler
 .text.NMI_Handler
                0x080096b6        0x6 stm32h7xx_it.o
                0x080096b6                NMI_Handler
 .text.HardFault_Handler
                0x080096bc        0x6 stm32h7xx_it.o
                0x080096bc                HardFault_Handler
 .text.MemManage_Handler
                0x080096c2        0x6 stm32h7xx_it.o
                0x080096c2                MemManage_Handler
 .text.BusFault_Handler
                0x080096c8        0x6 stm32h7xx_it.o
                0x080096c8                BusFault_Handler
 .text.UsageFault_Handler
                0x080096ce        0x6 stm32h7xx_it.o
                0x080096ce                UsageFault_Handler
 .text.DebugMon_Handler
                0x080096d4        0xe stm32h7xx_it.o
                0x080096d4                DebugMon_Handler
 *fill*         0x080096e2        0x2 
 .text.TIM5_IRQHandler
                0x080096e4       0x14 stm32h7xx_it.o
                0x080096e4                TIM5_IRQHandler
 .text.DMA2_Stream0_IRQHandler
                0x080096f8        0xe stm32h7xx_it.o
                0x080096f8                DMA2_Stream0_IRQHandler
 *fill*         0x08009706        0x2 
 .text.HAL_MspInit
                0x08009708       0x34 stm32h7xx_hal_msp.o
                0x08009708                HAL_MspInit
 .text.HAL_InitTick
                0x0800973c       0xd8 stm32h7xx_hal_timebase_tim.o
                0x0800973c                HAL_InitTick
 .text.LL_GPIO_SetPinMode
                0x08009814       0x40 stm32h7xx_ll_gpio.o
 .text.LL_GPIO_SetPinOutputType
                0x08009854       0x30 stm32h7xx_ll_gpio.o
 .text.LL_GPIO_SetPinSpeed
                0x08009884       0x40 stm32h7xx_ll_gpio.o
 .text.LL_GPIO_SetPinPull
                0x080098c4       0x40 stm32h7xx_ll_gpio.o
 .text.LL_GPIO_SetAFPin_0_7
                0x08009904       0x58 stm32h7xx_ll_gpio.o
 .text.LL_GPIO_SetAFPin_8_15
                0x0800995c       0x6c stm32h7xx_ll_gpio.o
 .text.LL_GPIO_Init
                0x080099c8       0xdc stm32h7xx_ll_gpio.o
                0x080099c8                LL_GPIO_Init
 .text.LL_ADC_REG_SetSequencerLength
                0x08009aa4       0x26 stm32h7xx_ll_adc.o
 .text.LL_ADC_IsEnabled
                0x08009aca       0x26 stm32h7xx_ll_adc.o
 .text.LL_ADC_CommonInit
                0x08009af0       0xb0 stm32h7xx_ll_adc.o
                0x08009af0                LL_ADC_CommonInit
 .text.LL_ADC_Init
                0x08009ba0       0x58 stm32h7xx_ll_adc.o
                0x08009ba0                LL_ADC_Init
 .text.LL_ADC_REG_Init
                0x08009bf8       0x94 stm32h7xx_ll_adc.o
                0x08009bf8                LL_ADC_REG_Init
 .text.LL_RCC_HSE_IsReady
                0x08009c8c       0x28 stm32h7xx_ll_rcc.o
 .text.LL_RCC_HSI_IsReady
                0x08009cb4       0x24 stm32h7xx_ll_rcc.o
 .text.LL_RCC_HSI_GetDivider
                0x08009cd8       0x1c stm32h7xx_ll_rcc.o
 .text.LL_RCC_CSI_IsReady
                0x08009cf4       0x28 stm32h7xx_ll_rcc.o
 .text.LL_RCC_LSE_IsReady
                0x08009d1c       0x24 stm32h7xx_ll_rcc.o
 .text.LL_RCC_GetSysClkSource
                0x08009d40       0x1c stm32h7xx_ll_rcc.o
 .text.LL_RCC_GetSysPrescaler
                0x08009d5c       0x1c stm32h7xx_ll_rcc.o
 .text.LL_RCC_GetAHBPrescaler
                0x08009d78       0x1c stm32h7xx_ll_rcc.o
 .text.LL_RCC_GetAPB1Prescaler
                0x08009d94       0x1c stm32h7xx_ll_rcc.o
 .text.LL_RCC_GetAPB2Prescaler
                0x08009db0       0x1c stm32h7xx_ll_rcc.o
 .text.LL_RCC_GetClockSource
                0x08009dcc       0x4c stm32h7xx_ll_rcc.o
 .text.LL_RCC_GetUSARTClockSource
                0x08009e18       0x18 stm32h7xx_ll_rcc.o
 .text.LL_RCC_PLL_GetSource
                0x08009e30       0x1c stm32h7xx_ll_rcc.o
 .text.LL_RCC_PLL1P_IsEnabled
                0x08009e4c       0x28 stm32h7xx_ll_rcc.o
 .text.LL_RCC_PLL1Q_IsEnabled
                0x08009e74       0x28 stm32h7xx_ll_rcc.o
 .text.LL_RCC_PLL1R_IsEnabled
                0x08009e9c       0x28 stm32h7xx_ll_rcc.o
 .text.LL_RCC_PLL1FRACN_IsEnabled
                0x08009ec4       0x24 stm32h7xx_ll_rcc.o
 .text.LL_RCC_PLL1_GetN
                0x08009ee8       0x1c stm32h7xx_ll_rcc.o
 .text.LL_RCC_PLL1_GetM
                0x08009f04       0x1c stm32h7xx_ll_rcc.o
 .text.LL_RCC_PLL1_GetP
                0x08009f20       0x20 stm32h7xx_ll_rcc.o
 .text.LL_RCC_PLL1_GetQ
                0x08009f40       0x20 stm32h7xx_ll_rcc.o
 .text.LL_RCC_PLL1_GetR
                0x08009f60       0x20 stm32h7xx_ll_rcc.o
 .text.LL_RCC_PLL1_GetFRACN
                0x08009f80       0x1c stm32h7xx_ll_rcc.o
 .text.LL_RCC_PLL2_IsReady
                0x08009f9c       0x28 stm32h7xx_ll_rcc.o
 .text.LL_RCC_PLL2P_IsEnabled
                0x08009fc4       0x28 stm32h7xx_ll_rcc.o
 .text.LL_RCC_PLL2Q_IsEnabled
                0x08009fec       0x28 stm32h7xx_ll_rcc.o
 .text.LL_RCC_PLL2R_IsEnabled
                0x0800a014       0x28 stm32h7xx_ll_rcc.o
 .text.LL_RCC_PLL2FRACN_IsEnabled
                0x0800a03c       0x24 stm32h7xx_ll_rcc.o
 .text.LL_RCC_PLL2_GetN
                0x0800a060       0x1c stm32h7xx_ll_rcc.o
 .text.LL_RCC_PLL2_GetM
                0x0800a07c       0x1c stm32h7xx_ll_rcc.o
 .text.LL_RCC_PLL2_GetP
                0x0800a098       0x20 stm32h7xx_ll_rcc.o
 .text.LL_RCC_PLL2_GetQ
                0x0800a0b8       0x20 stm32h7xx_ll_rcc.o
 .text.LL_RCC_PLL2_GetR
                0x0800a0d8       0x20 stm32h7xx_ll_rcc.o
 .text.LL_RCC_PLL2_GetFRACN
                0x0800a0f8       0x1c stm32h7xx_ll_rcc.o
 .text.LL_RCC_PLL3_IsReady
                0x0800a114       0x28 stm32h7xx_ll_rcc.o
 .text.LL_RCC_PLL3P_IsEnabled
                0x0800a13c       0x28 stm32h7xx_ll_rcc.o
 .text.LL_RCC_PLL3Q_IsEnabled
                0x0800a164       0x28 stm32h7xx_ll_rcc.o
 .text.LL_RCC_PLL3R_IsEnabled
                0x0800a18c       0x28 stm32h7xx_ll_rcc.o
 .text.LL_RCC_PLL3FRACN_IsEnabled
                0x0800a1b4       0x28 stm32h7xx_ll_rcc.o
 .text.LL_RCC_PLL3_GetN
                0x0800a1dc       0x1c stm32h7xx_ll_rcc.o
 .text.LL_RCC_PLL3_GetM
                0x0800a1f8       0x1c stm32h7xx_ll_rcc.o
 .text.LL_RCC_PLL3_GetP
                0x0800a214       0x20 stm32h7xx_ll_rcc.o
 .text.LL_RCC_PLL3_GetQ
                0x0800a234       0x20 stm32h7xx_ll_rcc.o
 .text.LL_RCC_PLL3_GetR
                0x0800a254       0x20 stm32h7xx_ll_rcc.o
 .text.LL_RCC_PLL3_GetFRACN
                0x0800a274       0x1c stm32h7xx_ll_rcc.o
 .text.LL_RCC_GetPLL1ClockFreq
                0x0800a290      0x130 stm32h7xx_ll_rcc.o
                0x0800a290                LL_RCC_GetPLL1ClockFreq
 .text.LL_RCC_GetPLL2ClockFreq
                0x0800a3c0      0x130 stm32h7xx_ll_rcc.o
                0x0800a3c0                LL_RCC_GetPLL2ClockFreq
 .text.LL_RCC_GetPLL3ClockFreq
                0x0800a4f0      0x134 stm32h7xx_ll_rcc.o
                0x0800a4f0                LL_RCC_GetPLL3ClockFreq
 .text.LL_RCC_CalcPLLClockFreq
                0x0800a624       0x80 stm32h7xx_ll_rcc.o
                0x0800a624                LL_RCC_CalcPLLClockFreq
 .text.LL_RCC_GetUSARTClockFreq
                0x0800a6a4      0x1dc stm32h7xx_ll_rcc.o
                0x0800a6a4                LL_RCC_GetUSARTClockFreq
 .text.RCC_GetSystemClockFreq
                0x0800a880       0xc4 stm32h7xx_ll_rcc.o
 .text.RCC_GetHCLKClockFreq
                0x0800a944       0x2c stm32h7xx_ll_rcc.o
 .text.RCC_GetPCLK1ClockFreq
                0x0800a970       0x30 stm32h7xx_ll_rcc.o
 .text.RCC_GetPCLK2ClockFreq
                0x0800a9a0       0x30 stm32h7xx_ll_rcc.o
 .text.LL_SetSystemCoreClock
                0x0800a9d0       0x20 stm32h7xx_ll_utils.o
                0x0800a9d0                LL_SetSystemCoreClock
 .text.HAL_RCC_GetSysClockFreq
                0x0800a9f0      0x2f4 stm32h7xx_hal_rcc.o
                0x0800a9f0                HAL_RCC_GetSysClockFreq
 .text.HAL_RCC_GetHCLKFreq
                0x0800ace4       0x60 stm32h7xx_hal_rcc.o
                0x0800ace4                HAL_RCC_GetHCLKFreq
 .text.HAL_RCC_GetPCLK1Freq
                0x0800ad44       0x2c stm32h7xx_hal_rcc.o
                0x0800ad44                HAL_RCC_GetPCLK1Freq
 .text.HAL_RCC_GetClockConfig
                0x0800ad70       0x84 stm32h7xx_hal_rcc.o
                0x0800ad70                HAL_RCC_GetClockConfig
 .text.__NVIC_SetPriorityGrouping
                0x0800adf4       0x48 stm32h7xx_hal_cortex.o
 .text.__NVIC_GetPriorityGrouping
                0x0800ae3c       0x1c stm32h7xx_hal_cortex.o
 .text.__NVIC_EnableIRQ
                0x0800ae58       0x3c stm32h7xx_hal_cortex.o
 .text.__NVIC_SetPriority
                0x0800ae94       0x54 stm32h7xx_hal_cortex.o
 .text.NVIC_EncodePriority
                0x0800aee8       0x66 stm32h7xx_hal_cortex.o
 .text.HAL_NVIC_SetPriorityGrouping
                0x0800af4e       0x16 stm32h7xx_hal_cortex.o
                0x0800af4e                HAL_NVIC_SetPriorityGrouping
 .text.HAL_NVIC_SetPriority
                0x0800af64       0x34 stm32h7xx_hal_cortex.o
                0x0800af64                HAL_NVIC_SetPriority
 .text.HAL_NVIC_EnableIRQ
                0x0800af98       0x1c stm32h7xx_hal_cortex.o
                0x0800af98                HAL_NVIC_EnableIRQ
 .text.HAL_Init
                0x0800afb4       0x78 stm32h7xx_hal.o
                0x0800afb4                HAL_Init
 .text.HAL_IncTick
                0x0800b02c       0x28 stm32h7xx_hal.o
                0x0800b02c                HAL_IncTick
 .text.HAL_GetTick
                0x0800b054       0x18 stm32h7xx_hal.o
                0x0800b054                HAL_GetTick
 .text.LL_SPI_IsEnabled
                0x0800b06c       0x26 stm32h7xx_ll_spi.o
 .text.LL_SPI_SetInternalSSLevel
                0x0800b092       0x26 stm32h7xx_ll_spi.o
 .text.LL_SPI_GetNSSPolarity
                0x0800b0b8       0x1c stm32h7xx_ll_spi.o
 .text.LL_SPI_SetCRCPolynomial
                0x0800b0d4       0x1c stm32h7xx_ll_spi.o
 .text.LL_SPI_Init
                0x0800b0f0      0x100 stm32h7xx_ll_spi.o
                0x0800b0f0                LL_SPI_Init
 .text.HAL_TIM_Base_Init
                0x0800b1f0       0xae stm32h7xx_hal_tim.o
                0x0800b1f0                HAL_TIM_Base_Init
 .text.HAL_TIM_Base_MspInit
                0x0800b29e       0x14 stm32h7xx_hal_tim.o
                0x0800b29e                HAL_TIM_Base_MspInit
 *fill*         0x0800b2b2        0x2 
 .text.HAL_TIM_Base_Start_IT
                0x0800b2b4       0xf0 stm32h7xx_hal_tim.o
                0x0800b2b4                HAL_TIM_Base_Start_IT
 .text.HAL_TIM_IRQHandler
                0x0800b3a4      0x23e stm32h7xx_hal_tim.o
                0x0800b3a4                HAL_TIM_IRQHandler
 .text.HAL_TIM_OC_DelayElapsedCallback
                0x0800b5e2       0x14 stm32h7xx_hal_tim.o
                0x0800b5e2                HAL_TIM_OC_DelayElapsedCallback
 .text.HAL_TIM_IC_CaptureCallback
                0x0800b5f6       0x14 stm32h7xx_hal_tim.o
                0x0800b5f6                HAL_TIM_IC_CaptureCallback
 .text.HAL_TIM_PWM_PulseFinishedCallback
                0x0800b60a       0x14 stm32h7xx_hal_tim.o
                0x0800b60a                HAL_TIM_PWM_PulseFinishedCallback
 .text.HAL_TIM_TriggerCallback
                0x0800b61e       0x14 stm32h7xx_hal_tim.o
                0x0800b61e                HAL_TIM_TriggerCallback
 *fill*         0x0800b632        0x2 
 .text.TIM_Base_SetConfig
                0x0800b634      0x134 stm32h7xx_hal_tim.o
                0x0800b634                TIM_Base_SetConfig
 .text.HAL_TIMEx_CommutCallback
                0x0800b768       0x14 stm32h7xx_hal_tim_ex.o
                0x0800b768                HAL_TIMEx_CommutCallback
 .text.HAL_TIMEx_BreakCallback
                0x0800b77c       0x14 stm32h7xx_hal_tim_ex.o
                0x0800b77c                HAL_TIMEx_BreakCallback
 .text.HAL_TIMEx_Break2Callback
                0x0800b790       0x14 stm32h7xx_hal_tim_ex.o
                0x0800b790                HAL_TIMEx_Break2Callback
 .text.LL_TIM_SetPrescaler
                0x0800b7a4       0x1c stm32h7xx_ll_tim.o
 .text.LL_TIM_SetAutoReload
                0x0800b7c0       0x1c stm32h7xx_ll_tim.o
 .text.LL_TIM_SetRepetitionCounter
                0x0800b7dc       0x1c stm32h7xx_ll_tim.o
 .text.LL_TIM_OC_SetCompareCH1
                0x0800b7f8       0x1c stm32h7xx_ll_tim.o
 .text.LL_TIM_OC_SetCompareCH2
                0x0800b814       0x1c stm32h7xx_ll_tim.o
 .text.LL_TIM_OC_SetCompareCH3
                0x0800b830       0x1c stm32h7xx_ll_tim.o
 .text.LL_TIM_OC_SetCompareCH4
                0x0800b84c       0x1c stm32h7xx_ll_tim.o
 .text.LL_TIM_OC_SetCompareCH5
                0x0800b868       0x20 stm32h7xx_ll_tim.o
 .text.LL_TIM_OC_SetCompareCH6
                0x0800b888       0x1c stm32h7xx_ll_tim.o
 .text.LL_TIM_GenerateEvent_UPDATE
                0x0800b8a4       0x20 stm32h7xx_ll_tim.o
 .text.LL_TIM_Init
                0x0800b8c4      0x128 stm32h7xx_ll_tim.o
                0x0800b8c4                LL_TIM_Init
 .text.LL_TIM_OC_Init
                0x0800b9ec       0xbe stm32h7xx_ll_tim.o
                0x0800b9ec                LL_TIM_OC_Init
 *fill*         0x0800baaa        0x2 
 .text.OC1Config
                0x0800baac      0x100 stm32h7xx_ll_tim.o
 .text.OC2Config
                0x0800bbac      0x108 stm32h7xx_ll_tim.o
 .text.OC3Config
                0x0800bcb4      0x108 stm32h7xx_ll_tim.o
 .text.OC4Config
                0x0800bdbc       0xd8 stm32h7xx_ll_tim.o
 .text.OC5Config
                0x0800be94       0xc8 stm32h7xx_ll_tim.o
 .text.OC6Config
                0x0800bf5c       0xc8 stm32h7xx_ll_tim.o
 .text.LL_USART_IsEnabled
                0x0800c024       0x26 stm32h7xx_ll_usart.o
 .text.LL_USART_SetPrescaler
                0x0800c04a       0x28 stm32h7xx_ll_usart.o
 .text.LL_USART_SetStopBitsLength
                0x0800c072       0x26 stm32h7xx_ll_usart.o
 .text.LL_USART_SetHWFlowCtrl
                0x0800c098       0x26 stm32h7xx_ll_usart.o
 *fill*         0x0800c0be        0x2 
 .text.LL_USART_SetBaudRate
                0x0800c0c0       0xa0 stm32h7xx_ll_usart.o
 .text.LL_USART_Init
                0x0800c160      0x154 stm32h7xx_ll_usart.o
                0x0800c160                LL_USART_Init
 .text.SystemInit
                0x0800c2b4      0x110 system_stm32h7xx.o
                0x0800c2b4                SystemInit
 .text.Reset_Handler
                0x0800c3c4       0x50 startup_stm32h743zitx.o
                0x0800c3c4                Reset_Handler
 .text.Default_Handler
                0x0800c414        0x2 startup_stm32h743zitx.o
                0x0800c414                RTC_Alarm_IRQHandler
                0x0800c414                EXTI2_IRQHandler
                0x0800c414                TIM8_CC_IRQHandler
                0x0800c414                HRTIM1_Master_IRQHandler
                0x0800c414                UART8_IRQHandler
                0x0800c414                SPI4_IRQHandler
                0x0800c414                TIM1_CC_IRQHandler
                0x0800c414                BDMA_Channel6_IRQHandler
                0x0800c414                DMA2_Stream5_IRQHandler
                0x0800c414                HRTIM1_FLT_IRQHandler
                0x0800c414                JPEG_IRQHandler
                0x0800c414                DMA1_Stream5_IRQHandler
                0x0800c414                BDMA_Channel1_IRQHandler
                0x0800c414                HRTIM1_TIMD_IRQHandler
                0x0800c414                TAMP_STAMP_IRQHandler
                0x0800c414                EXTI3_IRQHandler
                0x0800c414                LPTIM4_IRQHandler
                0x0800c414                TIM8_TRG_COM_TIM14_IRQHandler
                0x0800c414                LPTIM2_IRQHandler
                0x0800c414                DFSDM1_FLT1_IRQHandler
                0x0800c414                DMAMUX2_OVR_IRQHandler
                0x0800c414                TIM8_UP_TIM13_IRQHandler
                0x0800c414                I2C3_ER_IRQHandler
                0x0800c414                DFSDM1_FLT2_IRQHandler
                0x0800c414                MDMA_IRQHandler
                0x0800c414                LPTIM3_IRQHandler
                0x0800c414                HSEM1_IRQHandler
                0x0800c414                EXTI0_IRQHandler
                0x0800c414                I2C2_EV_IRQHandler
                0x0800c414                DMA1_Stream2_IRQHandler
                0x0800c414                FPU_IRQHandler
                0x0800c414                OTG_HS_WKUP_IRQHandler
                0x0800c414                FDCAN1_IT1_IRQHandler
                0x0800c414                LTDC_ER_IRQHandler
                0x0800c414                DMA2_Stream2_IRQHandler
                0x0800c414                HRTIM1_TIME_IRQHandler
                0x0800c414                SPI1_IRQHandler
                0x0800c414                TIM6_DAC_IRQHandler
                0x0800c414                DCMI_IRQHandler
                0x0800c414                HRTIM1_TIMC_IRQHandler
                0x0800c414                DMA2_Stream3_IRQHandler
                0x0800c414                SAI2_IRQHandler
                0x0800c414                DFSDM1_FLT3_IRQHandler
                0x0800c414                USART6_IRQHandler
                0x0800c414                TIM17_IRQHandler
                0x0800c414                USART3_IRQHandler
                0x0800c414                BDMA_Channel7_IRQHandler
                0x0800c414                LPTIM5_IRQHandler
                0x0800c414                UART5_IRQHandler
                0x0800c414                TIM4_IRQHandler
                0x0800c414                BDMA_Channel2_IRQHandler
                0x0800c414                QUADSPI_IRQHandler
                0x0800c414                I2C1_EV_IRQHandler
                0x0800c414                DMA1_Stream6_IRQHandler
                0x0800c414                DMAMUX1_OVR_IRQHandler
                0x0800c414                DMA1_Stream1_IRQHandler
                0x0800c414                TIM16_IRQHandler
                0x0800c414                UART4_IRQHandler
                0x0800c414                BDMA_Channel5_IRQHandler
                0x0800c414                TIM3_IRQHandler
                0x0800c414                RCC_IRQHandler
                0x0800c414                TIM8_BRK_TIM12_IRQHandler
                0x0800c414                TIM1_TRG_COM_IRQHandler
                0x0800c414                Default_Handler
                0x0800c414                ECC_IRQHandler
                0x0800c414                CEC_IRQHandler
                0x0800c414                EXTI15_10_IRQHandler
                0x0800c414                BDMA_Channel0_IRQHandler
                0x0800c414                DMA1_Stream7_IRQHandler
                0x0800c414                HRTIM1_TIMA_IRQHandler
                0x0800c414                SPI5_IRQHandler
                0x0800c414                TIM7_IRQHandler
                0x0800c414                SDMMC1_IRQHandler
                0x0800c414                DMA2_Stream7_IRQHandler
                0x0800c414                PVD_AVD_IRQHandler
                0x0800c414                I2C3_EV_IRQHandler
                0x0800c414                EXTI9_5_IRQHandler
                0x0800c414                RTC_WKUP_IRQHandler
                0x0800c414                LTDC_IRQHandler
                0x0800c414                SAI3_IRQHandler
                0x0800c414                ETH_WKUP_IRQHandler
                0x0800c414                SPDIF_RX_IRQHandler
                0x0800c414                SPI2_IRQHandler
                0x0800c414                OTG_HS_EP1_IN_IRQHandler
                0x0800c414                DMA1_Stream0_IRQHandler
                0x0800c414                CRS_IRQHandler
                0x0800c414                EXTI4_IRQHandler
                0x0800c414                RNG_IRQHandler
                0x0800c414                HRTIM1_TIMB_IRQHandler
                0x0800c414                FDCAN2_IT1_IRQHandler
                0x0800c414                ETH_IRQHandler
                0x0800c414                TIM1_UP_IRQHandler
                0x0800c414                BDMA_Channel4_IRQHandler
                0x0800c414                OTG_HS_EP1_OUT_IRQHandler
                0x0800c414                WWDG_IRQHandler
                0x0800c414                SPI6_IRQHandler
                0x0800c414                MDIOS_IRQHandler
                0x0800c414                I2C4_EV_IRQHandler
                0x0800c414                FDCAN2_IT0_IRQHandler
                0x0800c414                LPUART1_IRQHandler
                0x0800c414                FDCAN1_IT0_IRQHandler
                0x0800c414                TIM2_IRQHandler
                0x0800c414                OTG_FS_WKUP_IRQHandler
                0x0800c414                OTG_HS_IRQHandler
                0x0800c414                DMA2D_IRQHandler
                0x0800c414                TIM1_BRK_IRQHandler
                0x0800c414                EXTI1_IRQHandler
                0x0800c414                SDMMC2_IRQHandler
                0x0800c414                OTG_FS_EP1_OUT_IRQHandler
                0x0800c414                BDMA_Channel3_IRQHandler
                0x0800c414                UART7_IRQHandler
                0x0800c414                MDIOS_WKUP_IRQHandler
                0x0800c414                DFSDM1_FLT0_IRQHandler
                0x0800c414                SAI4_IRQHandler
                0x0800c414                I2C2_ER_IRQHandler
                0x0800c414                DMA2_Stream1_IRQHandler
                0x0800c414                FLASH_IRQHandler
                0x0800c414                DMA2_Stream4_IRQHandler
                0x0800c414                USART1_IRQHandler
                0x0800c414                OTG_FS_IRQHandler
                0x0800c414                SPI3_IRQHandler
                0x0800c414                WAKEUP_PIN_IRQHandler
                0x0800c414                DMA1_Stream4_IRQHandler
                0x0800c414                OTG_FS_EP1_IN_IRQHandler
                0x0800c414                I2C1_ER_IRQHandler
                0x0800c414                FMC_IRQHandler
                0x0800c414                FDCAN_CAL_IRQHandler
                0x0800c414                SWPMI1_IRQHandler
                0x0800c414                COMP1_IRQHandler
                0x0800c414                LPTIM1_IRQHandler
                0x0800c414                I2C4_ER_IRQHandler
                0x0800c414                DMA2_Stream6_IRQHandler
                0x0800c414                SAI1_IRQHandler
                0x0800c414                DMA1_Stream3_IRQHandler
 .text.xilUploadProfilingData
                0x0800c416       0x16 code_profiling_utility_functions.o
                0x0800c416                xilUploadProfilingData
 .text.xilProfilingTimerFreezeInternal
                0x0800c42c        0xe code_profiling_utility_functions.o
                0x0800c42c                xilProfilingTimerFreezeInternal
 .text.xilProfilingTimerUnFreezeInternal
                0x0800c43a        0xe code_profiling_utility_functions.o
                0x0800c43a                xilProfilingTimerUnFreezeInternal
 .text.taskTimeStart
                0x0800c448       0x1a code_profiling_utility_functions.o
                0x0800c448                taskTimeStart
 .text.taskTimeEnd
                0x0800c462       0x20 code_profiling_utility_functions.o
                0x0800c462                taskTimeEnd
 .text.profileStart
                0x0800c482       0x1e code_profiling_utility_functions.o
                0x0800c482                profileStart
 .text.profileEnd
                0x0800c4a0       0x24 code_profiling_utility_functions.o
                0x0800c4a0                profileEnd
 .text.taskTimeStart_main_STM32_H743_HIL
                0x0800c4c4       0x16 code_profiling_utility_functions.o
                0x0800c4c4                taskTimeStart_main_STM32_H743_HIL
 .text.taskTimeEnd_main_STM32_H743_HIL
                0x0800c4da       0x16 code_profiling_utility_functions.o
                0x0800c4da                taskTimeEnd_main_STM32_H743_HIL
 .text.profileStart_ECU_RCP
                0x0800c4f0       0x1a code_profiling_utility_functions.o
                0x0800c4f0                profileStart_ECU_RCP
 .text.profileEnd_ECU_RCP
                0x0800c50a       0x1a code_profiling_utility_functions.o
                0x0800c50a                profileEnd_ECU_RCP
 .text.profileStart_m_0d34002402f40824
                0x0800c524       0x1a code_profiling_utility_functions.o
                0x0800c524                profileStart_m_0d34002402f40824
 .text.profileEnd_main_STM32_H743_HIL
                0x0800c53e       0x1a code_profiling_utility_functions.o
                0x0800c53e                profileEnd_main_STM32_H743_HIL
 .text.ECU_RC_MedianFilterCG_resetImpl
                0x0800c558      0x1ac ../../slprj/ert/ECU_RCP/instrumented/ECU_RCP_rtwlib.lib(ECU_RCP.o)
 .text.E_MedianFilterCG_trickleDownMax
                0x0800c704      0x266 ../../slprj/ert/ECU_RCP/instrumented/ECU_RCP_rtwlib.lib(ECU_RCP.o)
 .text.E_MedianFilterCG_trickleDownMin
                0x0800c96a      0x25e ../../slprj/ert/ECU_RCP/instrumented/ECU_RCP_rtwlib.lib(ECU_RCP.o)
 .text.ECU_RCP_gear_calc
                0x0800cbc8      0x194 ../../slprj/ert/ECU_RCP/instrumented/ECU_RCP_rtwlib.lib(ECU_RCP.o)
 .text.enter_internal_velocity_control
                0x0800cd5c      0x14c ../../slprj/ert/ECU_RCP/instrumented/ECU_RCP_rtwlib.lib(ECU_RCP.o)
 .text.ECU_RCP_Init
                0x0800cea8      0x130 ../../slprj/ert/ECU_RCP/instrumented/ECU_RCP_rtwlib.lib(ECU_RCP.o)
                0x0800cea8                ECU_RCP_Init
 .text.ECU_RCP_Enable
                0x0800cfd8       0x2c ../../slprj/ert/ECU_RCP/instrumented/ECU_RCP_rtwlib.lib(ECU_RCP.o)
                0x0800cfd8                ECU_RCP_Enable
 .text.ECU_RCPTID0
                0x0800d004      0x9c0 ../../slprj/ert/ECU_RCP/instrumented/ECU_RCP_rtwlib.lib(ECU_RCP.o)
                0x0800d004                ECU_RCPTID0
 .text.ECU_RCPTID1
                0x0800d9c4      0xe08 ../../slprj/ert/ECU_RCP/instrumented/ECU_RCP_rtwlib.lib(ECU_RCP.o)
                0x0800d9c4                ECU_RCPTID1
 .text.ECU_RCPTID2
                0x0800e7cc       0x16 ../../slprj/ert/ECU_RCP/instrumented/ECU_RCP_rtwlib.lib(ECU_RCP.o)
                0x0800e7cc                ECU_RCPTID2
 *fill*         0x0800e7e2        0x6 
 .text.ECU_RCPTID3
                0x0800e7e8      0x8ec ../../slprj/ert/ECU_RCP/instrumented/ECU_RCP_rtwlib.lib(ECU_RCP.o)
                0x0800e7e8                ECU_RCPTID3
 .text.ECU_RCP_Term
                0x0800f0d4       0x48 ../../slprj/ert/ECU_RCP/instrumented/ECU_RCP_rtwlib.lib(ECU_RCP.o)
                0x0800f0d4                ECU_RCP_Term
 .text.ECU_RCP_initialize
                0x0800f11c       0x40 ../../slprj/ert/ECU_RCP/instrumented/ECU_RCP_rtwlib.lib(ECU_RCP.o)
                0x0800f11c                ECU_RCP_initialize
 .text.profile_generator_refac
                0x0800f15c      0x538 ../../slprj/ert/ECU_RCP/instrumented/ECU_RCP_rtwlib.lib(profile_generator_refac.o)
                0x0800f15c                profile_generator_refac
 .text.rt_InitInfAndNaN
                0x0800f694       0x7c D:/git/e21_vehicle_control/MatlabSimulink/slprj/ert/_sharedutils/rtwshared.lib(rt_nonfinite.o)
                0x0800f694                rt_InitInfAndNaN
 .text.rtIsInf  0x0800f710       0x4c D:/git/e21_vehicle_control/MatlabSimulink/slprj/ert/_sharedutils/rtwshared.lib(rt_nonfinite.o)
                0x0800f710                rtIsInf
 .text.rtIsInfF
                0x0800f75c       0x4c D:/git/e21_vehicle_control/MatlabSimulink/slprj/ert/_sharedutils/rtwshared.lib(rt_nonfinite.o)
                0x0800f75c                rtIsInfF
 .text.rtIsNaN  0x0800f7a8       0x68 D:/git/e21_vehicle_control/MatlabSimulink/slprj/ert/_sharedutils/rtwshared.lib(rt_nonfinite.o)
                0x0800f7a8                rtIsNaN
 .text.rtIsNaNF
                0x0800f810       0x38 D:/git/e21_vehicle_control/MatlabSimulink/slprj/ert/_sharedutils/rtwshared.lib(rt_nonfinite.o)
                0x0800f810                rtIsNaNF
 .text.rt_roundd_snf
                0x0800f848       0xb8 D:/git/e21_vehicle_control/MatlabSimulink/slprj/ert/_sharedutils/rtwshared.lib(rt_roundd_snf.o)
                0x0800f848                rt_roundd_snf
 .text.rt_powd_snf
                0x0800f900      0x1e4 D:/git/e21_vehicle_control/MatlabSimulink/slprj/ert/_sharedutils/rtwshared.lib(rt_powd_snf.o)
                0x0800f900                rt_powd_snf
 .text.rtGetInf
                0x0800fae4       0x54 D:/git/e21_vehicle_control/MatlabSimulink/slprj/ert/_sharedutils/rtwshared.lib(rtGetInf.o)
                0x0800fae4                rtGetInf
 .text.rtGetInfF
                0x0800fb38       0x20 D:/git/e21_vehicle_control/MatlabSimulink/slprj/ert/_sharedutils/rtwshared.lib(rtGetInf.o)
                0x0800fb38                rtGetInfF
 .text.rtGetMinusInf
                0x0800fb58       0x54 D:/git/e21_vehicle_control/MatlabSimulink/slprj/ert/_sharedutils/rtwshared.lib(rtGetInf.o)
                0x0800fb58                rtGetMinusInf
 .text.rtGetMinusInfF
                0x0800fbac       0x24 D:/git/e21_vehicle_control/MatlabSimulink/slprj/ert/_sharedutils/rtwshared.lib(rtGetInf.o)
                0x0800fbac                rtGetMinusInfF
 .text.rtGetNaN
                0x0800fbd0       0x54 D:/git/e21_vehicle_control/MatlabSimulink/slprj/ert/_sharedutils/rtwshared.lib(rtGetNaN.o)
                0x0800fbd0                rtGetNaN
 .text.rtGetNaNF
                0x0800fc24       0x28 D:/git/e21_vehicle_control/MatlabSimulink/slprj/ert/_sharedutils/rtwshared.lib(rtGetNaN.o)
                0x0800fc24                rtGetNaNF
 *fill*         0x0800fc4c        0x4 
 .text.sqrt     0x0800fc50       0x48 c:/programdata/matlab/supportpackages/r2023b/3p.instrset/gnuarm-armcortex.instrset/win/bin/../lib/gcc/arm-none-eabi/11.3.1/thumb/v7e-m+dp/hard\libm.a(libm_a-w_sqrt.o)
                0x0800fc50                sqrt
 .text.fmodf    0x0800fc98       0x48 c:/programdata/matlab/supportpackages/r2023b/3p.instrset/gnuarm-armcortex.instrset/win/bin/../lib/gcc/arm-none-eabi/11.3.1/thumb/v7e-m+dp/hard\libm.a(libm_a-wf_fmod.o)
                0x0800fc98                fmodf
 .text.sqrtf    0x0800fce0       0x44 c:/programdata/matlab/supportpackages/r2023b/3p.instrset/gnuarm-armcortex.instrset/win/bin/../lib/gcc/arm-none-eabi/11.3.1/thumb/v7e-m+dp/hard\libm.a(libm_a-wf_sqrt.o)
                0x0800fce0                sqrtf
 .text.atanf    0x0800fd24      0x1ac c:/programdata/matlab/supportpackages/r2023b/3p.instrset/gnuarm-armcortex.instrset/win/bin/../lib/gcc/arm-none-eabi/11.3.1/thumb/v7e-m+dp/hard\libm.a(libm_a-sf_atan.o)
                0x0800fd24                atanf
 .text.fabsf    0x0800fed0       0x10 c:/programdata/matlab/supportpackages/r2023b/3p.instrset/gnuarm-armcortex.instrset/win/bin/../lib/gcc/arm-none-eabi/11.3.1/thumb/v7e-m+dp/hard\libm.a(libm_a-sf_fabs.o)
                0x0800fed0                fabsf
 .text.pow      0x0800fee0      0x57c c:/programdata/matlab/supportpackages/r2023b/3p.instrset/gnuarm-armcortex.instrset/win/bin/../lib/gcc/arm-none-eabi/11.3.1/thumb/v7e-m+dp/hard\libm.a(libm_a-pow.o)
                0x0800fee0                pow
 *fill*         0x0801045c        0x4 
 .text.sinf     0x08010460      0x204 c:/programdata/matlab/supportpackages/r2023b/3p.instrset/gnuarm-armcortex.instrset/win/bin/../lib/gcc/arm-none-eabi/11.3.1/thumb/v7e-m+dp/hard\libm.a(libm_a-sinf.o)
                0x08010460                sinf
 .text.with_errnof
                0x08010664       0x18 c:/programdata/matlab/supportpackages/r2023b/3p.instrset/gnuarm-armcortex.instrset/win/bin/../lib/gcc/arm-none-eabi/11.3.1/thumb/v7e-m+dp/hard\libm.a(libm_a-math_errf.o)
 .text.__math_invalidf
                0x0801067c       0x20 c:/programdata/matlab/supportpackages/r2023b/3p.instrset/gnuarm-armcortex.instrset/win/bin/../lib/gcc/arm-none-eabi/11.3.1/thumb/v7e-m+dp/hard\libm.a(libm_a-math_errf.o)
                0x0801067c                __math_invalidf
 .text.__ieee754_sqrt
                0x0801069c        0x8 c:/programdata/matlab/supportpackages/r2023b/3p.instrset/gnuarm-armcortex.instrset/win/bin/../lib/gcc/arm-none-eabi/11.3.1/thumb/v7e-m+dp/hard\libm.a(libm_a-e_sqrt.o)
                0x0801069c                __ieee754_sqrt
 .text.__ieee754_sqrtf
                0x080106a4        0x8 c:/programdata/matlab/supportpackages/r2023b/3p.instrset/gnuarm-armcortex.instrset/win/bin/../lib/gcc/arm-none-eabi/11.3.1/thumb/v7e-m+dp/hard\libm.a(libm_a-ef_sqrt.o)
                0x080106a4                __ieee754_sqrtf
 *fill*         0x080106ac        0x4 
 .text.ceil     0x080106b0      0x108 c:/programdata/matlab/supportpackages/r2023b/3p.instrset/gnuarm-armcortex.instrset/win/bin/../lib/gcc/arm-none-eabi/11.3.1/thumb/v7e-m+dp/hard\libm.a(libm_a-s_ceil.o)
                0x080106b0                ceil
 .text.floor    0x080107b8      0x110 c:/programdata/matlab/supportpackages/r2023b/3p.instrset/gnuarm-armcortex.instrset/win/bin/../lib/gcc/arm-none-eabi/11.3.1/thumb/v7e-m+dp/hard\libm.a(libm_a-s_floor.o)
                0x080107b8                floor
 .text.ceilf    0x080108c8       0x8c c:/programdata/matlab/supportpackages/r2023b/3p.instrset/gnuarm-armcortex.instrset/win/bin/../lib/gcc/arm-none-eabi/11.3.1/thumb/v7e-m+dp/hard\libm.a(libm_a-sf_ceil.o)
                0x080108c8                ceilf
 .text.floorf   0x08010954       0x8c c:/programdata/matlab/supportpackages/r2023b/3p.instrset/gnuarm-armcortex.instrset/win/bin/../lib/gcc/arm-none-eabi/11.3.1/thumb/v7e-m+dp/hard\libm.a(libm_a-sf_floor.o)
                0x08010954                floorf
 .text.truncf   0x080109e0       0x3c c:/programdata/matlab/supportpackages/r2023b/3p.instrset/gnuarm-armcortex.instrset/win/bin/../lib/gcc/arm-none-eabi/11.3.1/thumb/v7e-m+dp/hard\libm.a(libm_a-sf_trunc.o)
                0x080109e0                truncf
 .text.__ieee754_fmodf
                0x08010a1c      0x120 c:/programdata/matlab/supportpackages/r2023b/3p.instrset/gnuarm-armcortex.instrset/win/bin/../lib/gcc/arm-none-eabi/11.3.1/thumb/v7e-m+dp/hard\libm.a(libm_a-ef_fmod.o)
                0x08010a1c                __ieee754_fmodf
 .text.with_errno
                0x08010b3c       0x18 c:/programdata/matlab/supportpackages/r2023b/3p.instrset/gnuarm-armcortex.instrset/win/bin/../lib/gcc/arm-none-eabi/11.3.1/thumb/v7e-m+dp/hard\libm.a(libm_a-math_err.o)
 .text.xflow    0x08010b54       0x24 c:/programdata/matlab/supportpackages/r2023b/3p.instrset/gnuarm-armcortex.instrset/win/bin/../lib/gcc/arm-none-eabi/11.3.1/thumb/v7e-m+dp/hard\libm.a(libm_a-math_err.o)
 .text.__math_uflow
                0x08010b78       0x10 c:/programdata/matlab/supportpackages/r2023b/3p.instrset/gnuarm-armcortex.instrset/win/bin/../lib/gcc/arm-none-eabi/11.3.1/thumb/v7e-m+dp/hard\libm.a(libm_a-math_err.o)
                0x08010b78                __math_uflow
 .text.__math_oflow
                0x08010b88       0x10 c:/programdata/matlab/supportpackages/r2023b/3p.instrset/gnuarm-armcortex.instrset/win/bin/../lib/gcc/arm-none-eabi/11.3.1/thumb/v7e-m+dp/hard\libm.a(libm_a-math_err.o)
                0x08010b88                __math_oflow
 .text.__math_divzero
                0x08010b98       0x30 c:/programdata/matlab/supportpackages/r2023b/3p.instrset/gnuarm-armcortex.instrset/win/bin/../lib/gcc/arm-none-eabi/11.3.1/thumb/v7e-m+dp/hard\libm.a(libm_a-math_err.o)
                0x08010b98                __math_divzero
 .text.__math_invalid
                0x08010bc8       0x20 c:/programdata/matlab/supportpackages/r2023b/3p.instrset/gnuarm-armcortex.instrset/win/bin/../lib/gcc/arm-none-eabi/11.3.1/thumb/v7e-m+dp/hard\libm.a(libm_a-math_err.o)
                0x08010bc8                __math_invalid
 .text.__math_check_uflow
                0x08010be8       0x14 c:/programdata/matlab/supportpackages/r2023b/3p.instrset/gnuarm-armcortex.instrset/win/bin/../lib/gcc/arm-none-eabi/11.3.1/thumb/v7e-m+dp/hard\libm.a(libm_a-math_err.o)
                0x08010be8                __math_check_uflow
 *fill*         0x08010bfc        0x4 
 .text.__math_check_oflow
                0x08010c00       0x28 c:/programdata/matlab/supportpackages/r2023b/3p.instrset/gnuarm-armcortex.instrset/win/bin/../lib/gcc/arm-none-eabi/11.3.1/thumb/v7e-m+dp/hard\libm.a(libm_a-math_err.o)
                0x08010c00                __math_check_oflow
 .text.memmove  0x08010c28       0x34 c:/programdata/matlab/supportpackages/r2023b/3p.instrset/gnuarm-armcortex.instrset/win/bin/../lib/gcc/arm-none-eabi/11.3.1/thumb/v7e-m+dp/hard\libc_nano.a(libc_a-memmove.o)
                0x08010c28                memmove
 .text.memset   0x08010c5c       0x10 c:/programdata/matlab/supportpackages/r2023b/3p.instrset/gnuarm-armcortex.instrset/win/bin/../lib/gcc/arm-none-eabi/11.3.1/thumb/v7e-m+dp/hard\libc_nano.a(libc_a-memset.o)
                0x08010c5c                memset
 .text.__errno  0x08010c6c        0xc c:/programdata/matlab/supportpackages/r2023b/3p.instrset/gnuarm-armcortex.instrset/win/bin/../lib/gcc/arm-none-eabi/11.3.1/thumb/v7e-m+dp/hard\libc_nano.a(libc_a-errno.o)
                0x08010c6c                __errno
 .text.__libc_init_array
                0x08010c78       0x48 c:/programdata/matlab/supportpackages/r2023b/3p.instrset/gnuarm-armcortex.instrset/win/bin/../lib/gcc/arm-none-eabi/11.3.1/thumb/v7e-m+dp/hard\libc_nano.a(libc_a-init.o)
                0x08010c78                __libc_init_array
 .text.memcpy   0x08010cc0       0x1c c:/programdata/matlab/supportpackages/r2023b/3p.instrset/gnuarm-armcortex.instrset/win/bin/../lib/gcc/arm-none-eabi/11.3.1/thumb/v7e-m+dp/hard\libc_nano.a(libc_a-memcpy-stub.o)
                0x08010cc0                memcpy
 *(.glue_7)
 .glue_7        0x08010cdc        0x0 linker stubs
 *(.glue_7t)
 .glue_7t       0x08010cdc        0x0 linker stubs
 *(.eh_frame)
 .eh_frame      0x08010cdc        0x0 c:/programdata/matlab/supportpackages/r2023b/3p.instrset/gnuarm-armcortex.instrset/win/bin/../lib/gcc/arm-none-eabi/11.3.1/thumb/v7e-m+dp/hard/crtbegin.o
 *(.init)
 .init          0x08010cdc        0x4 c:/programdata/matlab/supportpackages/r2023b/3p.instrset/gnuarm-armcortex.instrset/win/bin/../lib/gcc/arm-none-eabi/11.3.1/thumb/v7e-m+dp/hard/crti.o
                0x08010cdc                _init
 .init          0x08010ce0        0x8 c:/programdata/matlab/supportpackages/r2023b/3p.instrset/gnuarm-armcortex.instrset/win/bin/../lib/gcc/arm-none-eabi/11.3.1/thumb/v7e-m+dp/hard/crtn.o
 *(.fini)
 .fini          0x08010ce8        0x4 c:/programdata/matlab/supportpackages/r2023b/3p.instrset/gnuarm-armcortex.instrset/win/bin/../lib/gcc/arm-none-eabi/11.3.1/thumb/v7e-m+dp/hard/crti.o
                0x08010ce8                _fini
 .fini          0x08010cec        0x8 c:/programdata/matlab/supportpackages/r2023b/3p.instrset/gnuarm-armcortex.instrset/win/bin/../lib/gcc/arm-none-eabi/11.3.1/thumb/v7e-m+dp/hard/crtn.o
                0x08010cf4                . = ALIGN (0x4)
                0x08010cf4                _etext = .

.vfp11_veneer   0x08010cf4        0x0
 .vfp11_veneer  0x08010cf4        0x0 linker stubs

.v4_bx          0x08010cf4        0x0
 .v4_bx         0x08010cf4        0x0 linker stubs

.iplt           0x08010cf4        0x0
 .iplt          0x08010cf4        0x0 c:/programdata/matlab/supportpackages/r2023b/3p.instrset/gnuarm-armcortex.instrset/win/bin/../lib/gcc/arm-none-eabi/11.3.1/thumb/v7e-m+dp/hard/crtbegin.o

.rodata         0x08010cf8     0x1b30
                0x08010cf8                . = ALIGN (0x4)
 *(.rodata)
 *(.rodata*)
 .rodata.LL_DMA_STR_OFFSET_TAB
                0x08010cf8        0x8 stm_usart.o
 .rodata.main_STM32_H743_HIL_M
                0x08010d00        0x4 main_STM32_H743_HIL.o
                0x08010d00                main_STM32_H743_HIL_M
 .rodata.g.7    0x08010d04        0xa main_STM32_H743_HIL.o
 *fill*         0x08010d0e        0x2 
 .rodata.h.6    0x08010d10        0xa main_STM32_H743_HIL.o
 *fill*         0x08010d1a        0x2 
 .rodata.i_0.5  0x08010d1c        0xa main_STM32_H743_HIL.o
 *fill*         0x08010d26        0x2 
 .rodata.j.4    0x08010d28        0xa main_STM32_H743_HIL.o
 *fill*         0x08010d32        0x2 
 .rodata.k.3    0x08010d34        0xa main_STM32_H743_HIL.o
 *fill*         0x08010d3e        0x2 
 .rodata.LL_DMA_STR_OFFSET_TAB
                0x08010d40        0x8 main.o
 .rodata.OFFSET_TAB_CCMRx
                0x08010d48        0x9 main.o
 *fill*         0x08010d51        0x3 
 .rodata.SHIFT_TAB_OCxx
                0x08010d54        0x9 main.o
 *fill*         0x08010d5d        0x3 
 .rodata.SHIFT_TAB_ICxx
                0x08010d60        0x9 main.o
 *fill*         0x08010d69        0x3 
 .rodata.SHIFT_TAB_CCxP
                0x08010d6c        0x9 main.o
 *fill*         0x08010d75        0x3 
 .rodata.LL_RCC_PrescTable
                0x08010d78       0x10 stm32h7xx_ll_rcc.o
                0x08010d78                LL_RCC_PrescTable
 .rodata.USART_PRESCALER_TAB
                0x08010d88       0x30 stm32h7xx_ll_usart.o
 .rodata.D1CorePrescTable
                0x08010db8       0x10 system_stm32h7xx.o
                0x08010db8                D1CorePrescTable
 .rodata.tmp.2  0x08010dc8       0x14 ../../slprj/ert/ECU_RCP/instrumented/ECU_RCP_rtwlib.lib(ECU_RCP.o)
 .rodata.tmp_0.1
                0x08010ddc       0x14 ../../slprj/ert/ECU_RCP/instrumented/ECU_RCP_rtwlib.lib(ECU_RCP.o)
 .rodata.tmp_1.0
                0x08010df0       0x14 ../../slprj/ert/ECU_RCP/instrumented/ECU_RCP_rtwlib.lib(ECU_RCP.o)
 .rodata.atanhi
                0x08010e04       0x10 c:/programdata/matlab/supportpackages/r2023b/3p.instrset/gnuarm-armcortex.instrset/win/bin/../lib/gcc/arm-none-eabi/11.3.1/thumb/v7e-m+dp/hard\libm.a(libm_a-sf_atan.o)
 .rodata.atanlo
                0x08010e14       0x10 c:/programdata/matlab/supportpackages/r2023b/3p.instrset/gnuarm-armcortex.instrset/win/bin/../lib/gcc/arm-none-eabi/11.3.1/thumb/v7e-m+dp/hard\libm.a(libm_a-sf_atan.o)
 *fill*         0x08010e24        0x4 
 .rodata.__pow_log_data
                0x08010e28     0x1048 c:/programdata/matlab/supportpackages/r2023b/3p.instrset/gnuarm-armcortex.instrset/win/bin/../lib/gcc/arm-none-eabi/11.3.1/thumb/v7e-m+dp/hard\libm.a(libm_a-pow_log_data.o)
                0x08010e28                __pow_log_data
 .rodata.__inv_pio4
                0x08011e70       0x60 c:/programdata/matlab/supportpackages/r2023b/3p.instrset/gnuarm-armcortex.instrset/win/bin/../lib/gcc/arm-none-eabi/11.3.1/thumb/v7e-m+dp/hard\libm.a(libm_a-sincosf_data.o)
                0x08011e70                __inv_pio4
 .rodata.__sincosf_table
                0x08011ed0       0xe0 c:/programdata/matlab/supportpackages/r2023b/3p.instrset/gnuarm-armcortex.instrset/win/bin/../lib/gcc/arm-none-eabi/11.3.1/thumb/v7e-m+dp/hard\libm.a(libm_a-sincosf_data.o)
                0x08011ed0                __sincosf_table
 .rodata.Zero   0x08011fb0        0x8 c:/programdata/matlab/supportpackages/r2023b/3p.instrset/gnuarm-armcortex.instrset/win/bin/../lib/gcc/arm-none-eabi/11.3.1/thumb/v7e-m+dp/hard\libm.a(libm_a-ef_fmod.o)
 .rodata.__exp_data
                0x08011fb8      0x870 c:/programdata/matlab/supportpackages/r2023b/3p.instrset/gnuarm-armcortex.instrset/win/bin/../lib/gcc/arm-none-eabi/11.3.1/thumb/v7e-m+dp/hard\libm.a(libm_a-exp_data.o)
                0x08011fb8                __exp_data
                0x08012828                . = ALIGN (0x4)

.rel.dyn        0x08012828        0x0
 .rel.iplt      0x08012828        0x0 c:/programdata/matlab/supportpackages/r2023b/3p.instrset/gnuarm-armcortex.instrset/win/bin/../lib/gcc/arm-none-eabi/11.3.1/thumb/v7e-m+dp/hard/crtbegin.o

.ARM.extab
 *(.ARM.extab* .gnu.linkonce.armextab.*)

.ARM            0x08012828        0x0
                0x08012828                __exidx_start = .
 *(.ARM.exidx*)
                0x08012828                __exidx_end = .

.preinit_array  0x08012828        0x0
                0x08012828                PROVIDE (__preinit_array_start = .)
 *(.preinit_array*)
                0x08012828                PROVIDE (__preinit_array_end = .)

.init_array     0x08012828        0x4
                0x08012828                PROVIDE (__init_array_start = .)
 *(SORT_BY_NAME(.init_array.*))
 *(.init_array*)
 .init_array    0x08012828        0x4 c:/programdata/matlab/supportpackages/r2023b/3p.instrset/gnuarm-armcortex.instrset/win/bin/../lib/gcc/arm-none-eabi/11.3.1/thumb/v7e-m+dp/hard/crtbegin.o
                0x0801282c                PROVIDE (__init_array_end = .)

.fini_array     0x0801282c        0x4
                [!provide]                PROVIDE (__fini_array_start = .)
 *(SORT_BY_NAME(.fini_array.*))
 *(.fini_array*)
 .fini_array    0x0801282c        0x4 c:/programdata/matlab/supportpackages/r2023b/3p.instrset/gnuarm-armcortex.instrset/win/bin/../lib/gcc/arm-none-eabi/11.3.1/thumb/v7e-m+dp/hard/crtbegin.o
                [!provide]                PROVIDE (__fini_array_end = .)
                0x08012830                _sidata = LOADADDR (.data)

.data           0x24000000      0x274 load address 0x08012830
                0x24000000                . = ALIGN (0x4)
                0x24000000                _sdata = .
 *(.data)
 *(.data*)
 .data.rtP_vel_profile
                0x24000000        0xc main_STM32_H743_HIL_data.o
                0x24000000                rtP_vel_profile
 *fill*         0x2400000c        0x4 
 .data.rtP_A    0x24000010        0x8 main_STM32_H743_HIL_data.o
                0x24000010                rtP_A
 .data.rtP_b_vkm
                0x24000018        0x8 main_STM32_H743_HIL_data.o
                0x24000018                rtP_b_vkm
 .data.rtP_c_W  0x24000020        0x8 main_STM32_H743_HIL_data.o
                0x24000020                rtP_c_W
 .data.rtP_eta  0x24000028        0x8 main_STM32_H743_HIL_data.o
                0x24000028                rtP_eta
 .data.rtP_f_R  0x24000030        0x8 main_STM32_H743_HIL_data.o
                0x24000030                rtP_f_R
 .data.rtP_g    0x24000038        0x8 main_STM32_H743_HIL_data.o
                0x24000038                rtP_g
 .data.rtP_iD_car
                0x24000040        0x8 main_STM32_H743_HIL_data.o
                0x24000040                rtP_iD_car
 .data.rtP_iG_car
                0x24000048       0x30 main_STM32_H743_HIL_data.o
                0x24000048                rtP_iG_car
 .data.rtP_k1   0x24000078        0x8 main_STM32_H743_HIL_data.o
                0x24000078                rtP_k1
 .data.rtP_k3   0x24000080        0x8 main_STM32_H743_HIL_data.o
                0x24000080                rtP_k3
 .data.rtP_k4   0x24000088        0x8 main_STM32_H743_HIL_data.o
                0x24000088                rtP_k4
 .data.rtP_k5   0x24000090        0x8 main_STM32_H743_HIL_data.o
                0x24000090                rtP_k5
 .data.rtP_m_F  0x24000098        0x8 main_STM32_H743_HIL_data.o
                0x24000098                rtP_m_F
 .data.rtP_m_vkm
                0x240000a0        0x8 main_STM32_H743_HIL_data.o
                0x240000a0                rtP_m_vkm
 .data.rtP_p    0x240000a8       0x18 main_STM32_H743_HIL_data.o
                0x240000a8                rtP_p
 .data.rtP_p_L  0x240000c0        0x8 main_STM32_H743_HIL_data.o
                0x240000c0                rtP_p_L
 .data.rtP_r_dyn
                0x240000c8        0x8 main_STM32_H743_HIL_data.o
                0x240000c8                rtP_r_dyn
 .data.rtP_r_stat
                0x240000d0        0x8 main_STM32_H743_HIL_data.o
                0x240000d0                rtP_r_stat
 .data.rtP_MFv  0x240000d8        0x4 main_STM32_H743_HIL_data.o
                0x240000d8                rtP_MFv
 .data.rtP_UB   0x240000dc        0x4 main_STM32_H743_HIL_data.o
                0x240000dc                rtP_UB
 .data.rtP_cphi
                0x240000e0        0x4 main_STM32_H743_HIL_data.o
                0x240000e0                rtP_cphi
 .data.rtP_phimax
                0x240000e4        0x4 main_STM32_H743_HIL_data.o
                0x240000e4                rtP_phimax
 .data.rtP_phiminV
                0x240000e8        0x4 main_STM32_H743_HIL_data.o
                0x240000e8                rtP_phiminV
 .data.rtP_v_0  0x240000ec        0x4 main_STM32_H743_HIL_data.o
                0x240000ec                rtP_v_0
 .data.main_STM32_H743_HIL_P
                0x240000f0       0x90 main_STM32_H743_HIL_data.o
                0x240000f0                main_STM32_H743_HIL_P
 .data.uwTickPrio
                0x24000180        0x4 stm32h7xx_hal.o
                0x24000180                uwTickPrio
 .data.uwTickFreq
                0x24000184        0x1 stm32h7xx_hal.o
                0x24000184                uwTickFreq
 *fill*         0x24000185        0x3 
 .data.SystemCoreClock
                0x24000188        0x4 system_stm32h7xx.o
                0x24000188                SystemCoreClock
 .data.SystemD2Clock
                0x2400018c        0x4 system_stm32h7xx.o
                0x2400018c                SystemD2Clock
 .data.ECU_RCP_P
                0x24000190       0x94 ../../slprj/ert/ECU_RCP/instrumented/ECU_RCP_rtwlib.lib(ECU_RCP.o)
                0x24000190                ECU_RCP_P
 .data._impure_data
                0x24000224       0x4c c:/programdata/matlab/supportpackages/r2023b/3p.instrset/gnuarm-armcortex.instrset/win/bin/../lib/gcc/arm-none-eabi/11.3.1/thumb/v7e-m+dp/hard\libc_nano.a(libc_a-impure.o)
                0x24000224                _impure_data
 .data._impure_ptr
                0x24000270        0x4 c:/programdata/matlab/supportpackages/r2023b/3p.instrset/gnuarm-armcortex.instrset/win/bin/../lib/gcc/arm-none-eabi/11.3.1/thumb/v7e-m+dp/hard\libc_nano.a(libc_a-impure.o)
                0x24000270                _impure_ptr
 *(.RamFunc)
 *(.RamFunc*)
                0x24000274                . = ALIGN (0x4)
                0x24000274                _edata = .

.tm_clone_table
                0x24000274        0x0 load address 0x08012aa4
 .tm_clone_table
                0x24000274        0x0 c:/programdata/matlab/supportpackages/r2023b/3p.instrset/gnuarm-armcortex.instrset/win/bin/../lib/gcc/arm-none-eabi/11.3.1/thumb/v7e-m+dp/hard/crtbegin.o
 .tm_clone_table
                0x24000274        0x0 c:/programdata/matlab/supportpackages/r2023b/3p.instrset/gnuarm-armcortex.instrset/win/bin/../lib/gcc/arm-none-eabi/11.3.1/thumb/v7e-m+dp/hard/crtend.o

.igot.plt       0x24000274        0x0 load address 0x08012aa4
 .igot.plt      0x24000274        0x0 c:/programdata/matlab/supportpackages/r2023b/3p.instrset/gnuarm-armcortex.instrset/win/bin/../lib/gcc/arm-none-eabi/11.3.1/thumb/v7e-m+dp/hard/crtbegin.o
                0x24000274                . = ALIGN (0x4)

.bss            0x24000278     0x1d84 load address 0x08012aa4
                0x24000278                _sbss = .
                0x24000278                __bss_start__ = _sbss
 *(.bss)
 *(.bss*)
 .bss.completed.1
                0x24000278        0x1 c:/programdata/matlab/supportpackages/r2023b/3p.instrset/gnuarm-armcortex.instrset/win/bin/../lib/gcc/arm-none-eabi/11.3.1/thumb/v7e-m+dp/hard/crtbegin.o
 *fill*         0x24000279        0x3 
 .bss.object.0  0x2400027c       0x18 c:/programdata/matlab/supportpackages/r2023b/3p.instrset/gnuarm-armcortex.instrset/win/bin/../lib/gcc/arm-none-eabi/11.3.1/thumb/v7e-m+dp/hard/crtbegin.o
 .bss.mw_adc1   0x24000294       0x1c stm_adc_ll.o
                0x24000294                mw_adc1
 .bss.mw_adc3   0x240002b0       0x1c stm_adc_ll.o
                0x240002b0                mw_adc3
 .bss.mw_spi3   0x240002cc       0x18 mw_stm32_spi_ll.o
 .bss.mw_tim3   0x240002e4       0x8c stm_timer_ll.o
                0x240002e4                mw_tim3
 .bss.mw_tim13  0x24000370       0x8c stm_timer_ll.o
                0x24000370                mw_tim13
 .bss.mw_tim15  0x240003fc       0x8c stm_timer_ll.o
                0x240003fc                mw_tim15
 .bss.mw_usart2
                0x24000488       0x40 stm_usart.o
                0x24000488                mw_usart2
 .bss.profilingDataIdx
                0x240004c8        0x4 ert_main.o
                0x240004c8                profilingDataIdx
 .bss._tmwrunningCoreID
                0x240004cc        0x4 ert_main.o
                0x240004cc                _tmwrunningCoreID
 .bss.profilingData
                0x240004d0     0x12c0 ert_main.o
                0x240004d0                profilingData
 .bss.IsrOverrun
                0x24001790        0x4 ert_main.o
                0x24001790                IsrOverrun
 .bss.isRateRunning
                0x24001794        0x5 ert_main.o
                0x24001794                isRateRunning
 *fill*         0x24001799        0x3 
 .bss.need2runFlags
                0x2400179c        0x5 ert_main.o
                0x2400179c                need2runFlags
 .bss.stopRequested
                0x240017a1        0x1 ert_main.o
                0x240017a1                stopRequested